<?xml version="1.0" encoding="ISO-8859-1" ?>
<link_info>
   <banner>TI ARM Clang Linker Unix v5.1.1.LTS</banner>
   <copyright>Copyright (c) 1996-2018 Texas Instruments Incorporated</copyright>
   <command_line>/home/jim/ti/ccs2101/ccs/tools/compiler/ti-cgt-armllvm_5.1.1.LTS/bin/tiarmlnk -I/home/jim/ti/ccs2101/ccs/tools/compiler/ti-cgt-armllvm_5.1.1.LTS/lib -o MSPM0_DC_Board.out --cg_opt_level=2 -mMSPM0_DC_Board.map -i/home/jim/workspace_ccstheia/freertos_builds_LP_MSPM0G3519_release_ticlang/Debug -i/home/jim/ti/mspm0_sdk_2_11_00_07/source -i/home/jim/workspace_ccstheia/MSPM0_DC_Board -i/home/jim/ti/ccs2101/ccs/tools/compiler/ti-cgt-armllvm_5.1.1.LTS/lib --diag_wrap=off --display_error_number --warn_sections --xml_link_info=MSPM0_DC_Board_linkInfo.xml --rom_model ./ad5672r.o ./feedback_adc.o ./main.o ./main_freertos.o ./terminal.o ./ti_drivers_config.o ./ti_msp_dl_config.o ./freertos/ticlang/startup_mspm0g351x_ticlang.o ../mspm0g3519.cmd -l/home/jim/ti/mspm0_sdk_2_11_00_07/source/ti/drivers/lib/ticlang/m0p/drivers_mspm0g151x_g351x.a -lfreertos_builds_LP_MSPM0G3519_release_ticlang.lib -l/home/jim/ti/mspm0_sdk_2_11_00_07/source/ti/driverlib/lib/ticlang/m0p/mspm0gx51x/driverlib.a -llibc.a --start-group -llibc++.a -llibc++abi.a -llibc.a -llibsys.a -llibsysbm.a -llibclang_rt.builtins.a -llibclang_rt.profile.a --end-group</command_line>
   <link_time>0x6aa2d57f</link_time>
   <link_errors>0x0</link_errors>
   <output_file>/home/jim/workspace_ccstheia/MSPM0_DC_Board/Debug/MSPM0_DC_Board.out</output_file>
   <entry_point>
      <name>_c_int00_noargs</name>
      <address>0x546d</address>
   </entry_point>
   <input_file_list>
      <input_file id="fl-1">
         <path>/home/jim/workspace_ccstheia/MSPM0_DC_Board/Debug/./</path>
         <kind>object</kind>
         <file>ad5672r.o</file>
         <name>ad5672r.o</name>
      </input_file>
      <input_file id="fl-2">
         <path>/home/jim/workspace_ccstheia/MSPM0_DC_Board/Debug/./</path>
         <kind>object</kind>
         <file>feedback_adc.o</file>
         <name>feedback_adc.o</name>
      </input_file>
      <input_file id="fl-3">
         <path>/home/jim/workspace_ccstheia/MSPM0_DC_Board/Debug/./</path>
         <kind>object</kind>
         <file>main.o</file>
         <name>main.o</name>
      </input_file>
      <input_file id="fl-4">
         <path>/home/jim/workspace_ccstheia/MSPM0_DC_Board/Debug/./</path>
         <kind>object</kind>
         <file>main_freertos.o</file>
         <name>main_freertos.o</name>
      </input_file>
      <input_file id="fl-5">
         <path>/home/jim/workspace_ccstheia/MSPM0_DC_Board/Debug/./</path>
         <kind>object</kind>
         <file>terminal.o</file>
         <name>terminal.o</name>
      </input_file>
      <input_file id="fl-6">
         <path>/home/jim/workspace_ccstheia/MSPM0_DC_Board/Debug/./</path>
         <kind>object</kind>
         <file>ti_drivers_config.o</file>
         <name>ti_drivers_config.o</name>
      </input_file>
      <input_file id="fl-7">
         <path>/home/jim/workspace_ccstheia/MSPM0_DC_Board/Debug/./</path>
         <kind>object</kind>
         <file>ti_msp_dl_config.o</file>
         <name>ti_msp_dl_config.o</name>
      </input_file>
      <input_file id="fl-8">
         <path>/home/jim/workspace_ccstheia/MSPM0_DC_Board/Debug/./freertos/ticlang/</path>
         <kind>object</kind>
         <file>startup_mspm0g351x_ticlang.o</file>
         <name>startup_mspm0g351x_ticlang.o</name>
      </input_file>
      <input_file id="fl-16">
         <path>/home/jim/workspace_ccstheia/MSPM0_DC_Board/Debug/</path>
         <kind>object</kind>
         <file>&lt;internal&gt;</file>
         <name>&lt;internal&gt;</name>
      </input_file>
      <input_file id="fl-17">
         <path>/home/jim/workspace_ccstheia/freertos_builds_LP_MSPM0G3519_release_ticlang/Debug/</path>
         <kind>archive</kind>
         <file>freertos_builds_LP_MSPM0G3519_release_ticlang.lib</file>
         <name>queue.o</name>
      </input_file>
      <input_file id="fl-18">
         <path>/home/jim/workspace_ccstheia/freertos_builds_LP_MSPM0G3519_release_ticlang/Debug/</path>
         <kind>archive</kind>
         <file>freertos_builds_LP_MSPM0G3519_release_ticlang.lib</file>
         <name>tasks.o</name>
      </input_file>
      <input_file id="fl-19">
         <path>/home/jim/workspace_ccstheia/freertos_builds_LP_MSPM0G3519_release_ticlang/Debug/</path>
         <kind>archive</kind>
         <file>freertos_builds_LP_MSPM0G3519_release_ticlang.lib</file>
         <name>timers.o</name>
      </input_file>
      <input_file id="fl-1a">
         <path>/home/jim/workspace_ccstheia/freertos_builds_LP_MSPM0G3519_release_ticlang/Debug/</path>
         <kind>archive</kind>
         <file>freertos_builds_LP_MSPM0G3519_release_ticlang.lib</file>
         <name>port.o</name>
      </input_file>
      <input_file id="fl-1b">
         <path>/home/jim/workspace_ccstheia/freertos_builds_LP_MSPM0G3519_release_ticlang/Debug/</path>
         <kind>archive</kind>
         <file>freertos_builds_LP_MSPM0G3519_release_ticlang.lib</file>
         <name>portasm.o</name>
      </input_file>
      <input_file id="fl-1c">
         <path>/home/jim/workspace_ccstheia/freertos_builds_LP_MSPM0G3519_release_ticlang/Debug/</path>
         <kind>archive</kind>
         <file>freertos_builds_LP_MSPM0G3519_release_ticlang.lib</file>
         <name>PTLS.o</name>
      </input_file>
      <input_file id="fl-1d">
         <path>/home/jim/workspace_ccstheia/freertos_builds_LP_MSPM0G3519_release_ticlang/Debug/</path>
         <kind>archive</kind>
         <file>freertos_builds_LP_MSPM0G3519_release_ticlang.lib</file>
         <name>pthread.o</name>
      </input_file>
      <input_file id="fl-1e">
         <path>/home/jim/workspace_ccstheia/freertos_builds_LP_MSPM0G3519_release_ticlang/Debug/</path>
         <kind>archive</kind>
         <file>freertos_builds_LP_MSPM0G3519_release_ticlang.lib</file>
         <name>StaticAllocs_freertos.o</name>
      </input_file>
      <input_file id="fl-1f">
         <path>/home/jim/workspace_ccstheia/freertos_builds_LP_MSPM0G3519_release_ticlang/Debug/</path>
         <kind>archive</kind>
         <file>freertos_builds_LP_MSPM0G3519_release_ticlang.lib</file>
         <name>heap_4.o</name>
      </input_file>
      <input_file id="fl-20">
         <path>/home/jim/workspace_ccstheia/freertos_builds_LP_MSPM0G3519_release_ticlang/Debug/</path>
         <kind>archive</kind>
         <file>freertos_builds_LP_MSPM0G3519_release_ticlang.lib</file>
         <name>list.o</name>
      </input_file>
      <input_file id="fl-21">
         <path>/home/jim/ti/mspm0_sdk_2_11_00_07/source/ti/driverlib/lib/ticlang/m0p/mspm0gx51x/</path>
         <kind>archive</kind>
         <file>driverlib.a</file>
         <name>dl_adc12.o</name>
      </input_file>
      <input_file id="fl-22">
         <path>/home/jim/ti/mspm0_sdk_2_11_00_07/source/ti/driverlib/lib/ticlang/m0p/mspm0gx51x/</path>
         <kind>archive</kind>
         <file>driverlib.a</file>
         <name>dl_common.o</name>
      </input_file>
      <input_file id="fl-23">
         <path>/home/jim/ti/mspm0_sdk_2_11_00_07/source/ti/driverlib/lib/ticlang/m0p/mspm0gx51x/</path>
         <kind>archive</kind>
         <file>driverlib.a</file>
         <name>dl_spi.o</name>
      </input_file>
      <input_file id="fl-24">
         <path>/home/jim/ti/mspm0_sdk_2_11_00_07/source/ti/driverlib/lib/ticlang/m0p/mspm0gx51x/</path>
         <kind>archive</kind>
         <file>driverlib.a</file>
         <name>dl_uart.o</name>
      </input_file>
      <input_file id="fl-25">
         <path>/home/jim/ti/mspm0_sdk_2_11_00_07/source/ti/driverlib/lib/ticlang/m0p/mspm0gx51x/</path>
         <kind>archive</kind>
         <file>driverlib.a</file>
         <name>dl_sysctl_mspm0gx51x.o</name>
      </input_file>
      <input_file id="fl-26">
         <path>/home/jim/ti/mspm0_sdk_2_11_00_07/source/ti/driverlib/lib/ticlang/m0p/mspm0gx51x/</path>
         <kind>archive</kind>
         <file>driverlib.a</file>
         <name>dl_factoryregion.o</name>
      </input_file>
      <input_file id="fl-43">
         <path>/home/jim/ti/ccs2101/ccs/tools/compiler/ti-cgt-armllvm_5.1.1.LTS/lib/armv6m-ti-none-eabi/c/</path>
         <kind>archive</kind>
         <file>libc.a</file>
         <name>snprintf.c.obj</name>
      </input_file>
      <input_file id="fl-44">
         <path>/home/jim/ti/ccs2101/ccs/tools/compiler/ti-cgt-armllvm_5.1.1.LTS/lib/armv6m-ti-none-eabi/c/</path>
         <kind>archive</kind>
         <file>libc.a</file>
         <name>copy_zero_init.c.obj</name>
      </input_file>
      <input_file id="fl-45">
         <path>/home/jim/ti/ccs2101/ccs/tools/compiler/ti-cgt-armllvm_5.1.1.LTS/lib/armv6m-ti-none-eabi/c/</path>
         <kind>archive</kind>
         <file>libc.a</file>
         <name>copy_decompress_none.c.obj</name>
      </input_file>
      <input_file id="fl-46">
         <path>/home/jim/ti/ccs2101/ccs/tools/compiler/ti-cgt-armllvm_5.1.1.LTS/lib/armv6m-ti-none-eabi/c/</path>
         <kind>archive</kind>
         <file>libc.a</file>
         <name>copy_decompress_lzss.c.obj</name>
      </input_file>
      <input_file id="fl-47">
         <path>/home/jim/ti/ccs2101/ccs/tools/compiler/ti-cgt-armllvm_5.1.1.LTS/lib/armv6m-ti-none-eabi/c/</path>
         <kind>archive</kind>
         <file>libc.a</file>
         <name>boot_cortex_m.c.obj</name>
      </input_file>
      <input_file id="fl-48">
         <path>/home/jim/ti/ccs2101/ccs/tools/compiler/ti-cgt-armllvm_5.1.1.LTS/lib/armv6m-ti-none-eabi/c/</path>
         <kind>archive</kind>
         <file>libc.a</file>
         <name>mathacl_init.c.obj</name>
      </input_file>
      <input_file id="fl-49">
         <path>/home/jim/ti/ccs2101/ccs/tools/compiler/ti-cgt-armllvm_5.1.1.LTS/lib/armv6m-ti-none-eabi/c/</path>
         <kind>archive</kind>
         <file>libc.a</file>
         <name>_printfi.c.obj</name>
      </input_file>
      <input_file id="fl-4a">
         <path>/home/jim/ti/ccs2101/ccs/tools/compiler/ti-cgt-armllvm_5.1.1.LTS/lib/armv6m-ti-none-eabi/c/</path>
         <kind>archive</kind>
         <file>libc.a</file>
         <name>aeabi_portable.c.obj</name>
      </input_file>
      <input_file id="fl-4b">
         <path>/home/jim/ti/ccs2101/ccs/tools/compiler/ti-cgt-armllvm_5.1.1.LTS/lib/armv6m-ti-none-eabi/c/</path>
         <kind>archive</kind>
         <file>libc.a</file>
         <name>exit.c.obj</name>
      </input_file>
      <input_file id="fl-4c">
         <path>/home/jim/ti/ccs2101/ccs/tools/compiler/ti-cgt-armllvm_5.1.1.LTS/lib/armv6m-ti-none-eabi/c/</path>
         <kind>archive</kind>
         <file>libc.a</file>
         <name>_lock.c.obj</name>
      </input_file>
      <input_file id="fl-4d">
         <path>/home/jim/ti/ccs2101/ccs/tools/compiler/ti-cgt-armllvm_5.1.1.LTS/lib/armv6m-ti-none-eabi/c/</path>
         <kind>archive</kind>
         <file>libc.a</file>
         <name>_ltoa.c.obj</name>
      </input_file>
      <input_file id="fl-4e">
         <path>/home/jim/ti/ccs2101/ccs/tools/compiler/ti-cgt-armllvm_5.1.1.LTS/lib/armv6m-ti-none-eabi/c/</path>
         <kind>archive</kind>
         <file>libc.a</file>
         <name>args_main.c.obj</name>
      </input_file>
      <input_file id="fl-4f">
         <path>/home/jim/ti/ccs2101/ccs/tools/compiler/ti-cgt-armllvm_5.1.1.LTS/lib/armv6m-ti-none-eabi/c/</path>
         <kind>archive</kind>
         <file>libc.a</file>
         <name>assert.c.obj</name>
      </input_file>
      <input_file id="fl-50">
         <path>/home/jim/ti/ccs2101/ccs/tools/compiler/ti-cgt-armllvm_5.1.1.LTS/lib/armv6m-ti-none-eabi/c/</path>
         <kind>archive</kind>
         <file>libc.a</file>
         <name>atoi.c.obj</name>
      </input_file>
      <input_file id="fl-51">
         <path>/home/jim/ti/ccs2101/ccs/tools/compiler/ti-cgt-armllvm_5.1.1.LTS/lib/armv6m-ti-none-eabi/c/</path>
         <kind>archive</kind>
         <file>libc.a</file>
         <name>defs.c.obj</name>
      </input_file>
      <input_file id="fl-52">
         <path>/home/jim/ti/ccs2101/ccs/tools/compiler/ti-cgt-armllvm_5.1.1.LTS/lib/armv6m-ti-none-eabi/c/</path>
         <kind>archive</kind>
         <file>libc.a</file>
         <name>memccpy.c.obj</name>
      </input_file>
      <input_file id="fl-53">
         <path>/home/jim/ti/ccs2101/ccs/tools/compiler/ti-cgt-armllvm_5.1.1.LTS/lib/armv6m-ti-none-eabi/c/</path>
         <kind>archive</kind>
         <file>libc.a</file>
         <name>memory.c.obj</name>
      </input_file>
      <input_file id="fl-54">
         <path>/home/jim/ti/ccs2101/ccs/tools/compiler/ti-cgt-armllvm_5.1.1.LTS/lib/armv6m-ti-none-eabi/c/</path>
         <kind>archive</kind>
         <file>libc.a</file>
         <name>autoinit.c.obj</name>
      </input_file>
      <input_file id="fl-55">
         <path>/home/jim/ti/ccs2101/ccs/tools/compiler/ti-cgt-armllvm_5.1.1.LTS/lib/armv6m-ti-none-eabi/c/</path>
         <kind>archive</kind>
         <file>libc.a</file>
         <name>pre_init.c.obj</name>
      </input_file>
      <input_file id="fl-56">
         <path>/home/jim/ti/ccs2101/ccs/tools/compiler/ti-cgt-armllvm_5.1.1.LTS/lib/armv6m-ti-none-eabi/c/</path>
         <kind>archive</kind>
         <file>libc.a</file>
         <name>cpy_tbl.c.obj</name>
      </input_file>
      <input_file id="fl-57">
         <path>/home/jim/ti/ccs2101/ccs/tools/compiler/ti-cgt-armllvm_5.1.1.LTS/lib/armv6m-ti-none-eabi/c/</path>
         <kind>archive</kind>
         <file>libc.a</file>
         <name>s_frexp.c.obj</name>
      </input_file>
      <input_file id="fl-58">
         <path>/home/jim/ti/ccs2101/ccs/tools/compiler/ti-cgt-armllvm_5.1.1.LTS/lib/armv6m-ti-none-eabi/c/</path>
         <kind>archive</kind>
         <file>libc.a</file>
         <name>s_scalbn.c.obj</name>
      </input_file>
      <input_file id="fl-59">
         <path>/home/jim/ti/ccs2101/ccs/tools/compiler/ti-cgt-armllvm_5.1.1.LTS/lib/armv6m-ti-none-eabi/c/</path>
         <kind>archive</kind>
         <file>libc.a</file>
         <name>wcslen.c.obj</name>
      </input_file>
      <input_file id="fl-5a">
         <path>/home/jim/ti/ccs2101/ccs/tools/compiler/ti-cgt-armllvm_5.1.1.LTS/lib/armv6m-ti-none-eabi/c/</path>
         <kind>archive</kind>
         <file>libc.a</file>
         <name>sprintf.c.obj</name>
      </input_file>
      <input_file id="fl-5b">
         <path>/home/jim/ti/ccs2101/ccs/tools/compiler/ti-cgt-armllvm_5.1.1.LTS/lib/armv6m-ti-none-eabi/c/</path>
         <kind>archive</kind>
         <file>libc.a</file>
         <name>fflush.c.obj</name>
      </input_file>
      <input_file id="fl-5c">
         <path>/home/jim/ti/ccs2101/ccs/tools/compiler/ti-cgt-armllvm_5.1.1.LTS/lib/armv6m-ti-none-eabi/c/</path>
         <kind>archive</kind>
         <file>libc.a</file>
         <name>fputs.c.obj</name>
      </input_file>
      <input_file id="fl-5d">
         <path>/home/jim/ti/ccs2101/ccs/tools/compiler/ti-cgt-armllvm_5.1.1.LTS/lib/armv6m-ti-none-eabi/c/</path>
         <kind>archive</kind>
         <file>libc.a</file>
         <name>_io_perm.c.obj</name>
      </input_file>
      <input_file id="fl-5e">
         <path>/home/jim/ti/ccs2101/ccs/tools/compiler/ti-cgt-armllvm_5.1.1.LTS/lib/armv6m-ti-none-eabi/c/</path>
         <kind>archive</kind>
         <file>libc.a</file>
         <name>setvbuf.c.obj</name>
      </input_file>
      <input_file id="fl-5f">
         <path>/home/jim/ti/ccs2101/ccs/tools/compiler/ti-cgt-armllvm_5.1.1.LTS/lib/armv6m-ti-none-eabi/c/</path>
         <kind>archive</kind>
         <file>libc.a</file>
         <name>aeabi_ctype.S.obj</name>
      </input_file>
      <input_file id="fl-60">
         <path>/home/jim/ti/ccs2101/ccs/tools/compiler/ti-cgt-armllvm_5.1.1.LTS/lib/armv6m-ti-none-eabi/c/</path>
         <kind>archive</kind>
         <file>libc.a</file>
         <name>fopen.c.obj</name>
      </input_file>
      <input_file id="fl-61">
         <path>/home/jim/ti/ccs2101/ccs/tools/compiler/ti-cgt-armllvm_5.1.1.LTS/lib/armv6m-ti-none-eabi/c/</path>
         <kind>archive</kind>
         <file>libc.a</file>
         <name>fseek.c.obj</name>
      </input_file>
      <input_file id="fl-62">
         <path>/home/jim/ti/ccs2101/ccs/tools/compiler/ti-cgt-armllvm_5.1.1.LTS/lib/armv6m-ti-none-eabi/c/</path>
         <kind>archive</kind>
         <file>libc.a</file>
         <name>fclose.c.obj</name>
      </input_file>
      <input_file id="fl-156">
         <path>/home/jim/ti/ccs2101/ccs/tools/compiler/ti-cgt-armllvm_5.1.1.LTS/lib/armv6m-ti-none-eabi/c/</path>
         <kind>archive</kind>
         <file>libsysbm.a</file>
         <name>hostexit.c.obj</name>
      </input_file>
      <input_file id="fl-157">
         <path>/home/jim/ti/ccs2101/ccs/tools/compiler/ti-cgt-armllvm_5.1.1.LTS/lib/armv6m-ti-none-eabi/c/</path>
         <kind>archive</kind>
         <file>libsysbm.a</file>
         <name>write.c.obj</name>
      </input_file>
      <input_file id="fl-158">
         <path>/home/jim/ti/ccs2101/ccs/tools/compiler/ti-cgt-armllvm_5.1.1.LTS/lib/armv6m-ti-none-eabi/c/</path>
         <kind>archive</kind>
         <file>libsysbm.a</file>
         <name>host_device.c.obj</name>
      </input_file>
      <input_file id="fl-159">
         <path>/home/jim/ti/ccs2101/ccs/tools/compiler/ti-cgt-armllvm_5.1.1.LTS/lib/armv6m-ti-none-eabi/c/</path>
         <kind>archive</kind>
         <file>libsysbm.a</file>
         <name>remove.c.obj</name>
      </input_file>
      <input_file id="fl-15a">
         <path>/home/jim/ti/ccs2101/ccs/tools/compiler/ti-cgt-armllvm_5.1.1.LTS/lib/armv6m-ti-none-eabi/c/</path>
         <kind>archive</kind>
         <file>libsysbm.a</file>
         <name>open.c.obj</name>
      </input_file>
      <input_file id="fl-15b">
         <path>/home/jim/ti/ccs2101/ccs/tools/compiler/ti-cgt-armllvm_5.1.1.LTS/lib/armv6m-ti-none-eabi/c/</path>
         <kind>archive</kind>
         <file>libsysbm.a</file>
         <name>lseek.c.obj</name>
      </input_file>
      <input_file id="fl-15c">
         <path>/home/jim/ti/ccs2101/ccs/tools/compiler/ti-cgt-armllvm_5.1.1.LTS/lib/armv6m-ti-none-eabi/c/</path>
         <kind>archive</kind>
         <file>libsysbm.a</file>
         <name>close.c.obj</name>
      </input_file>
      <input_file id="fl-15d">
         <path>/home/jim/ti/ccs2101/ccs/tools/compiler/ti-cgt-armllvm_5.1.1.LTS/lib/armv6m-ti-none-eabi/c/</path>
         <kind>archive</kind>
         <file>libsysbm.a</file>
         <name>unlink.c.obj</name>
      </input_file>
      <input_file id="fl-15e">
         <path>/home/jim/ti/ccs2101/ccs/tools/compiler/ti-cgt-armllvm_5.1.1.LTS/lib/armv6m-ti-none-eabi/c/</path>
         <kind>archive</kind>
         <file>libsysbm.a</file>
         <name>hostclose.c.obj</name>
      </input_file>
      <input_file id="fl-15f">
         <path>/home/jim/ti/ccs2101/ccs/tools/compiler/ti-cgt-armllvm_5.1.1.LTS/lib/armv6m-ti-none-eabi/c/</path>
         <kind>archive</kind>
         <file>libsysbm.a</file>
         <name>hostlseek.c.obj</name>
      </input_file>
      <input_file id="fl-160">
         <path>/home/jim/ti/ccs2101/ccs/tools/compiler/ti-cgt-armllvm_5.1.1.LTS/lib/armv6m-ti-none-eabi/c/</path>
         <kind>archive</kind>
         <file>libsysbm.a</file>
         <name>hostopen.c.obj</name>
      </input_file>
      <input_file id="fl-161">
         <path>/home/jim/ti/ccs2101/ccs/tools/compiler/ti-cgt-armllvm_5.1.1.LTS/lib/armv6m-ti-none-eabi/c/</path>
         <kind>archive</kind>
         <file>libsysbm.a</file>
         <name>hostread.c.obj</name>
      </input_file>
      <input_file id="fl-162">
         <path>/home/jim/ti/ccs2101/ccs/tools/compiler/ti-cgt-armllvm_5.1.1.LTS/lib/armv6m-ti-none-eabi/c/</path>
         <kind>archive</kind>
         <file>libsysbm.a</file>
         <name>hostrename.c.obj</name>
      </input_file>
      <input_file id="fl-163">
         <path>/home/jim/ti/ccs2101/ccs/tools/compiler/ti-cgt-armllvm_5.1.1.LTS/lib/armv6m-ti-none-eabi/c/</path>
         <kind>archive</kind>
         <file>libsysbm.a</file>
         <name>hostunlink.c.obj</name>
      </input_file>
      <input_file id="fl-164">
         <path>/home/jim/ti/ccs2101/ccs/tools/compiler/ti-cgt-armllvm_5.1.1.LTS/lib/armv6m-ti-none-eabi/c/</path>
         <kind>archive</kind>
         <file>libsysbm.a</file>
         <name>hostwrite.c.obj</name>
      </input_file>
      <input_file id="fl-165">
         <path>/home/jim/ti/ccs2101/ccs/tools/compiler/ti-cgt-armllvm_5.1.1.LTS/lib/armv6m-ti-none-eabi/c/</path>
         <kind>archive</kind>
         <file>libsysbm.a</file>
         <name>trgmsg.c.obj</name>
      </input_file>
      <input_file id="fl-166">
         <path>/home/jim/ti/ccs2101/ccs/tools/compiler/ti-cgt-armllvm_5.1.1.LTS/lib/armv6m-ti-none-eabi/</path>
         <kind>archive</kind>
         <file>libclang_rt.builtins.a</file>
         <name>adddf3.S.obj</name>
      </input_file>
      <input_file id="fl-167">
         <path>/home/jim/ti/ccs2101/ccs/tools/compiler/ti-cgt-armllvm_5.1.1.LTS/lib/armv6m-ti-none-eabi/</path>
         <kind>archive</kind>
         <file>libclang_rt.builtins.a</file>
         <name>fixdfsi.S.obj</name>
      </input_file>
      <input_file id="fl-168">
         <path>/home/jim/ti/ccs2101/ccs/tools/compiler/ti-cgt-armllvm_5.1.1.LTS/lib/armv6m-ti-none-eabi/</path>
         <kind>archive</kind>
         <file>libclang_rt.builtins.a</file>
         <name>floatsidf.S.obj</name>
      </input_file>
      <input_file id="fl-169">
         <path>/home/jim/ti/ccs2101/ccs/tools/compiler/ti-cgt-armllvm_5.1.1.LTS/lib/armv6m-ti-none-eabi/</path>
         <kind>archive</kind>
         <file>libclang_rt.builtins.a</file>
         <name>muldi3.S.obj</name>
      </input_file>
      <input_file id="fl-16a">
         <path>/home/jim/ti/ccs2101/ccs/tools/compiler/ti-cgt-armllvm_5.1.1.LTS/lib/armv6m-ti-none-eabi/</path>
         <kind>archive</kind>
         <file>libclang_rt.builtins.a</file>
         <name>comparedf2.c.obj</name>
      </input_file>
      <input_file id="fl-16b">
         <path>/home/jim/ti/ccs2101/ccs/tools/compiler/ti-cgt-armllvm_5.1.1.LTS/lib/armv6m-ti-none-eabi/</path>
         <kind>archive</kind>
         <file>libclang_rt.builtins.a</file>
         <name>aeabi_dcmp.S.obj</name>
      </input_file>
      <input_file id="fl-16c">
         <path>/home/jim/ti/ccs2101/ccs/tools/compiler/ti-cgt-armllvm_5.1.1.LTS/lib/armv6m-ti-none-eabi/</path>
         <kind>archive</kind>
         <file>libclang_rt.builtins.a</file>
         <name>aeabi_ddiv.c.obj</name>
      </input_file>
      <input_file id="fl-16d">
         <path>/home/jim/ti/ccs2101/ccs/tools/compiler/ti-cgt-armllvm_5.1.1.LTS/lib/armv6m-ti-none-eabi/</path>
         <kind>archive</kind>
         <file>libclang_rt.builtins.a</file>
         <name>aeabi_dmul.c.obj</name>
      </input_file>
      <input_file id="fl-16e">
         <path>/home/jim/ti/ccs2101/ccs/tools/compiler/ti-cgt-armllvm_5.1.1.LTS/lib/armv6m-ti-none-eabi/</path>
         <kind>archive</kind>
         <file>libclang_rt.builtins.a</file>
         <name>aeabi_idivmod.S.obj</name>
      </input_file>
      <input_file id="fl-16f">
         <path>/home/jim/ti/ccs2101/ccs/tools/compiler/ti-cgt-armllvm_5.1.1.LTS/lib/armv6m-ti-none-eabi/</path>
         <kind>archive</kind>
         <file>libclang_rt.builtins.a</file>
         <name>aeabi_uidivmod.S.obj</name>
      </input_file>
      <input_file id="fl-170">
         <path>/home/jim/ti/ccs2101/ccs/tools/compiler/ti-cgt-armllvm_5.1.1.LTS/lib/armv6m-ti-none-eabi/</path>
         <kind>archive</kind>
         <file>libclang_rt.builtins.a</file>
         <name>aeabi_uldivmod.S.obj</name>
      </input_file>
      <input_file id="fl-171">
         <path>/home/jim/ti/ccs2101/ccs/tools/compiler/ti-cgt-armllvm_5.1.1.LTS/lib/armv6m-ti-none-eabi/</path>
         <kind>archive</kind>
         <file>libclang_rt.builtins.a</file>
         <name>aeabi_memcpy.S.obj</name>
      </input_file>
      <input_file id="fl-172">
         <path>/home/jim/ti/ccs2101/ccs/tools/compiler/ti-cgt-armllvm_5.1.1.LTS/lib/armv6m-ti-none-eabi/</path>
         <kind>archive</kind>
         <file>libclang_rt.builtins.a</file>
         <name>aeabi_memset.S.obj</name>
      </input_file>
      <input_file id="fl-173">
         <path>/home/jim/ti/ccs2101/ccs/tools/compiler/ti-cgt-armllvm_5.1.1.LTS/lib/armv6m-ti-none-eabi/</path>
         <kind>archive</kind>
         <file>libclang_rt.builtins.a</file>
         <name>udivmoddi4.S.obj</name>
      </input_file>
      <input_file id="fl-174">
         <path>/home/jim/ti/ccs2101/ccs/tools/compiler/ti-cgt-armllvm_5.1.1.LTS/lib/armv6m-ti-none-eabi/</path>
         <kind>archive</kind>
         <file>libclang_rt.builtins.a</file>
         <name>muldf3.S.obj</name>
      </input_file>
      <input_file id="fl-175">
         <path>/home/jim/ti/ccs2101/ccs/tools/compiler/ti-cgt-armllvm_5.1.1.LTS/lib/armv6m-ti-none-eabi/</path>
         <kind>archive</kind>
         <file>libclang_rt.builtins.a</file>
         <name>muldsi3.S.obj</name>
      </input_file>
      <input_file id="fl-176">
         <path>/home/jim/ti/ccs2101/ccs/tools/compiler/ti-cgt-armllvm_5.1.1.LTS/lib/armv6m-ti-none-eabi/</path>
         <kind>archive</kind>
         <file>libclang_rt.builtins.a</file>
         <name>ashldi3.S.obj</name>
      </input_file>
      <input_file id="fl-177">
         <path>/home/jim/ti/ccs2101/ccs/tools/compiler/ti-cgt-armllvm_5.1.1.LTS/lib/armv6m-ti-none-eabi/</path>
         <kind>archive</kind>
         <file>libclang_rt.builtins.a</file>
         <name>divdf3.S.obj</name>
      </input_file>
      <input_file id="fl-178">
         <path>/home/jim/ti/ccs2101/ccs/tools/compiler/ti-cgt-armllvm_5.1.1.LTS/lib/armv6m-ti-none-eabi/</path>
         <kind>archive</kind>
         <file>libclang_rt.builtins.a</file>
         <name>aeabi_div0.c.obj</name>
      </input_file>
      <input_file id="fl-179">
         <path>/home/jim/ti/ccs2101/ccs/tools/compiler/ti-cgt-armllvm_5.1.1.LTS/lib/armv6m-ti-none-eabi/c/</path>
         <kind>archive</kind>
         <file>libc.a</file>
         <name>divdf3_fast.c.obj</name>
      </input_file>
      <input_file id="fl-17a">
         <path>/home/jim/ti/ccs2101/ccs/tools/compiler/ti-cgt-armllvm_5.1.1.LTS/lib/armv6m-ti-none-eabi/c/</path>
         <kind>archive</kind>
         <file>libc.a</file>
         <name>muldf3_fast.c.obj</name>
      </input_file>
      <input_file id="fl-17b">
         <path>/home/jim/ti/ccs2101/ccs/tools/compiler/ti-cgt-armllvm_5.1.1.LTS/lib/armv6m-ti-none-eabi/c/</path>
         <kind>archive</kind>
         <file>libc.a</file>
         <name>getdevice.c.obj</name>
      </input_file>
      <input_file id="fl-17c">
         <path>/home/jim/ti/ccs2101/ccs/tools/compiler/ti-cgt-armllvm_5.1.1.LTS/lib/armv6m-ti-none-eabi/c/</path>
         <kind>archive</kind>
         <file>libc.a</file>
         <name>memcpy16.S.obj</name>
      </input_file>
      <input_file id="fl-17d">
         <path>/home/jim/ti/ccs2101/ccs/tools/compiler/ti-cgt-armllvm_5.1.1.LTS/lib/armv6m-ti-none-eabi/c/</path>
         <kind>archive</kind>
         <file>libc.a</file>
         <name>memset16.S.obj</name>
      </input_file>
      <input_file id="fl-17e">
         <path>/home/jim/ti/ccs2101/ccs/tools/compiler/ti-cgt-armllvm_5.1.1.LTS/lib/armv6m-ti-none-eabi/c/</path>
         <kind>archive</kind>
         <file>libc.a</file>
         <name>strcmp-armv6m.S.obj</name>
      </input_file>
   </input_file_list>
   <object_component_list>
      <object_component id="oc-1a">
         <name>.intvecs</name>
         <load_address>0x0</load_address>
         <readonly>true</readonly>
         <run_address>0x0</run_address>
         <size>0xc0</size>
         <alignment>0x4</alignment>
         <input_file_ref idref="fl-8"/>
      </object_component>
      <object_component id="oc-22d">
         <name>.text:__TI_printfi_nofloat</name>
         <load_address>0xc0</load_address>
         <readonly>true</readonly>
         <executable>true</executable>
         <run_address>0xc0</run_address>
         <size>0x8dc</size>
         <alignment>0x4</alignment>
         <input_file_ref idref="fl-49"/>
      </object_component>
      <object_component id="oc-179">
         <name>.text.writeFrame</name>
         <load_address>0x99c</load_address>
         <readonly>true</readonly>
         <executable>true</executable>
         <run_address>0x99c</run_address>
         <size>0x390</size>
         <alignment>0x4</alignment>
         <input_file_ref idref="fl-1"/>
      </object_component>
      <object_component id="oc-121">
         <name>.text.Terminal_processInput</name>
         <load_address>0xd2c</load_address>
         <readonly>true</readonly>
         <executable>true</executable>
         <run_address>0xd2c</run_address>
         <size>0x330</size>
         <alignment>0x4</alignment>
         <input_file_ref idref="fl-5"/>
      </object_component>
      <object_component id="oc-f4">
         <name>.text.pvPortMalloc</name>
         <load_address>0x105c</load_address>
         <readonly>true</readonly>
         <executable>true</executable>
         <run_address>0x105c</run_address>
         <size>0x294</size>
         <alignment>0x4</alignment>
         <input_file_ref idref="fl-1f"/>
      </object_component>
      <object_component id="oc-84">
         <name>.text.xTaskIncrementTick</name>
         <load_address>0x12f0</load_address>
         <readonly>true</readonly>
         <executable>true</executable>
         <run_address>0x12f0</run_address>
         <size>0x210</size>
         <alignment>0x4</alignment>
         <input_file_ref idref="fl-18"/>
      </object_component>
      <object_component id="oc-11d">
         <name>.text.Terminal_init</name>
         <load_address>0x1500</load_address>
         <readonly>true</readonly>
         <executable>true</executable>
         <run_address>0x1500</run_address>
         <size>0x208</size>
         <alignment>0x4</alignment>
         <input_file_ref idref="fl-5"/>
      </object_component>
      <object_component id="oc-104">
         <name>.text.xTaskResumeAll</name>
         <load_address>0x1708</load_address>
         <readonly>true</readonly>
         <executable>true</executable>
         <run_address>0x1708</run_address>
         <size>0x1f8</size>
         <alignment>0x4</alignment>
         <input_file_ref idref="fl-18"/>
      </object_component>
      <object_component id="oc-171">
         <name>.text.xQueueSemaphoreTake</name>
         <load_address>0x1900</load_address>
         <readonly>true</readonly>
         <executable>true</executable>
         <run_address>0x1900</run_address>
         <size>0x1de</size>
         <alignment>0x2</alignment>
         <input_file_ref idref="fl-17"/>
      </object_component>
      <object_component id="oc-17a">
         <name>.text.xQueueGenericSend</name>
         <load_address>0x1ade</load_address>
         <readonly>true</readonly>
         <executable>true</executable>
         <run_address>0x1ade</run_address>
         <size>0x1d2</size>
         <alignment>0x2</alignment>
         <input_file_ref idref="fl-17"/>
      </object_component>
      <object_component id="oc-222">
         <name>.text.xQueueReceive</name>
         <load_address>0x1cb0</load_address>
         <readonly>true</readonly>
         <executable>true</executable>
         <run_address>0x1cb0</run_address>
         <size>0x1a4</size>
         <alignment>0x2</alignment>
         <input_file_ref idref="fl-17"/>
      </object_component>
      <object_component id="oc-1d9">
         <name>.text.vPortSuppressTicksAndSleep</name>
         <load_address>0x1e54</load_address>
         <readonly>true</readonly>
         <executable>true</executable>
         <run_address>0x1e54</run_address>
         <size>0x1a0</size>
         <alignment>0x4</alignment>
         <input_file_ref idref="fl-1a"/>
      </object_component>
      <object_component id="oc-1f0">
         <name>.text.xTaskRemoveFromEventList</name>
         <load_address>0x1ff4</load_address>
         <readonly>true</readonly>
         <executable>true</executable>
         <run_address>0x1ff4</run_address>
         <size>0x190</size>
         <alignment>0x4</alignment>
         <input_file_ref idref="fl-18"/>
      </object_component>
      <object_component id="oc-11f">
         <name>.text.Terminal_render</name>
         <load_address>0x2184</load_address>
         <readonly>true</readonly>
         <executable>true</executable>
         <run_address>0x2184</run_address>
         <size>0x164</size>
         <alignment>0x4</alignment>
         <input_file_ref idref="fl-5"/>
      </object_component>
      <object_component id="oc-1ea">
         <name>.text.prvProcessReceivedCommands</name>
         <load_address>0x22e8</load_address>
         <readonly>true</readonly>
         <executable>true</executable>
         <run_address>0x22e8</run_address>
         <size>0x15c</size>
         <alignment>0x4</alignment>
         <input_file_ref idref="fl-19"/>
      </object_component>
      <object_component id="oc-c4">
         <name>.text.pthread_create</name>
         <load_address>0x2444</load_address>
         <readonly>true</readonly>
         <executable>true</executable>
         <run_address>0x2444</run_address>
         <size>0x14c</size>
         <alignment>0x4</alignment>
         <input_file_ref idref="fl-1d"/>
      </object_component>
      <object_component id="oc-1f8">
         <name>.text.vTaskPriorityDisinheritAfterTimeout</name>
         <load_address>0x2590</load_address>
         <readonly>true</readonly>
         <executable>true</executable>
         <run_address>0x2590</run_address>
         <size>0x144</size>
         <alignment>0x4</alignment>
         <input_file_ref idref="fl-18"/>
      </object_component>
      <object_component id="oc-154">
         <name>.text.prvAddNewTaskToReadyList</name>
         <load_address>0x26d4</load_address>
         <readonly>true</readonly>
         <executable>true</executable>
         <run_address>0x26d4</run_address>
         <size>0x128</size>
         <alignment>0x4</alignment>
         <input_file_ref idref="fl-18"/>
      </object_component>
      <object_component id="oc-1f4">
         <name>.text.xTaskPriorityInherit</name>
         <load_address>0x27fc</load_address>
         <readonly>true</readonly>
         <executable>true</executable>
         <run_address>0x27fc</run_address>
         <size>0x128</size>
         <alignment>0x4</alignment>
         <input_file_ref idref="fl-18"/>
      </object_component>
      <object_component id="oc-1d0">
         <name>.text.vTaskSuspend</name>
         <load_address>0x2924</load_address>
         <readonly>true</readonly>
         <executable>true</executable>
         <run_address>0x2924</run_address>
         <size>0x124</size>
         <alignment>0x4</alignment>
         <input_file_ref idref="fl-18"/>
      </object_component>
      <object_component id="oc-1d1">
         <name>.text.vTaskDelete</name>
         <load_address>0x2a48</load_address>
         <readonly>true</readonly>
         <executable>true</executable>
         <run_address>0x2a48</run_address>
         <size>0x11c</size>
         <alignment>0x4</alignment>
         <input_file_ref idref="fl-18"/>
      </object_component>
      <object_component id="oc-122">
         <name>.text.FeedbackADC_read</name>
         <load_address>0x2b64</load_address>
         <readonly>true</readonly>
         <executable>true</executable>
         <run_address>0x2b64</run_address>
         <size>0x114</size>
         <alignment>0x4</alignment>
         <input_file_ref idref="fl-2"/>
      </object_component>
      <object_component id="oc-20d">
         <name>.text.pxPortInitialiseStack</name>
         <load_address>0x2c78</load_address>
         <readonly>true</readonly>
         <executable>true</executable>
         <run_address>0x2c78</run_address>
         <size>0x114</size>
         <alignment>0x4</alignment>
         <input_file_ref idref="fl-1a"/>
      </object_component>
      <object_component id="oc-110">
         <name>.text.AD5672R_init</name>
         <load_address>0x2d8c</load_address>
         <readonly>true</readonly>
         <executable>true</executable>
         <run_address>0x2d8c</run_address>
         <size>0x110</size>
         <alignment>0x4</alignment>
         <input_file_ref idref="fl-1"/>
      </object_component>
      <object_component id="oc-151">
         <name>.text.prvInsertBlockIntoFreeList</name>
         <load_address>0x2e9c</load_address>
         <readonly>true</readonly>
         <executable>true</executable>
         <run_address>0x2e9c</run_address>
         <size>0x10c</size>
         <alignment>0x4</alignment>
         <input_file_ref idref="fl-1f"/>
      </object_component>
      <object_component id="oc-1e">
         <name>.text.vTaskSwitchContext</name>
         <load_address>0x2fa8</load_address>
         <readonly>true</readonly>
         <executable>true</executable>
         <run_address>0x2fa8</run_address>
         <size>0x10c</size>
         <alignment>0x4</alignment>
         <input_file_ref idref="fl-18"/>
      </object_component>
      <object_component id="oc-226">
         <name>.text.xTaskPriorityDisinherit</name>
         <load_address>0x30b4</load_address>
         <readonly>true</readonly>
         <executable>true</executable>
         <run_address>0x30b4</run_address>
         <size>0x108</size>
         <alignment>0x4</alignment>
         <input_file_ref idref="fl-18"/>
      </object_component>
      <object_component id="oc-1c9">
         <name>.text.prvInitialiseNewTask</name>
         <load_address>0x31bc</load_address>
         <readonly>true</readonly>
         <executable>true</executable>
         <run_address>0x31bc</run_address>
         <size>0x104</size>
         <alignment>0x2</alignment>
         <input_file_ref idref="fl-18"/>
      </object_component>
      <object_component id="oc-fe">
         <name>.text.vPortFree</name>
         <load_address>0x32c0</load_address>
         <readonly>true</readonly>
         <executable>true</executable>
         <run_address>0x32c0</run_address>
         <size>0xf8</size>
         <alignment>0x4</alignment>
         <input_file_ref idref="fl-1f"/>
      </object_component>
      <object_component id="oc-1a8">
         <name>.text.prvAddCurrentTaskToDelayedList</name>
         <load_address>0x33b8</load_address>
         <readonly>true</readonly>
         <executable>true</executable>
         <run_address>0x33b8</run_address>
         <size>0xe4</size>
         <alignment>0x4</alignment>
         <input_file_ref idref="fl-18"/>
      </object_component>
      <object_component id="oc-1c8">
         <name>.text.xQueueGenericReset</name>
         <load_address>0x349c</load_address>
         <readonly>true</readonly>
         <executable>true</executable>
         <run_address>0x349c</run_address>
         <size>0xe4</size>
         <alignment>0x2</alignment>
         <input_file_ref idref="fl-17"/>
      </object_component>
      <object_component id="oc-1fb">
         <name>.text.prvCopyDataToQueue</name>
         <load_address>0x3580</load_address>
         <readonly>true</readonly>
         <executable>true</executable>
         <run_address>0x3580</run_address>
         <size>0xd4</size>
         <alignment>0x2</alignment>
         <input_file_ref idref="fl-17"/>
      </object_component>
      <object_component id="oc-107">
         <name>.text.prvCreateIdleTasks</name>
         <load_address>0x3654</load_address>
         <readonly>true</readonly>
         <executable>true</executable>
         <run_address>0x3654</run_address>
         <size>0xcc</size>
         <alignment>0x4</alignment>
         <input_file_ref idref="fl-18"/>
      </object_component>
      <object_component id="oc-196">
         <name>.text.terminalMessage</name>
         <load_address>0x3720</load_address>
         <readonly>true</readonly>
         <executable>true</executable>
         <run_address>0x3720</run_address>
         <size>0xbc</size>
         <alignment>0x4</alignment>
         <input_file_ref idref="fl-5"/>
      </object_component>
      <object_component id="oc-1f6">
         <name>.text.prvUnlockQueue</name>
         <load_address>0x37dc</load_address>
         <readonly>true</readonly>
         <executable>true</executable>
         <run_address>0x37dc</run_address>
         <size>0xb6</size>
         <alignment>0x2</alignment>
         <input_file_ref idref="fl-17"/>
      </object_component>
      <object_component id="oc-40">
         <name>.text.Default_Handler</name>
         <load_address>0x3892</load_address>
         <readonly>true</readonly>
         <executable>true</executable>
         <run_address>0x3892</run_address>
         <size>0x2</size>
         <alignment>0x2</alignment>
         <input_file_ref idref="fl-8"/>
      </object_component>
      <object_component id="oc-1f2">
         <name>.text.xTaskCheckForTimeOut</name>
         <load_address>0x3894</load_address>
         <readonly>true</readonly>
         <executable>true</executable>
         <run_address>0x3894</run_address>
         <size>0xb4</size>
         <alignment>0x4</alignment>
         <input_file_ref idref="fl-18"/>
      </object_component>
      <object_component id="oc-275">
         <name>.text</name>
         <load_address>0x3948</load_address>
         <readonly>true</readonly>
         <executable>true</executable>
         <run_address>0x3948</run_address>
         <size>0xa2</size>
         <alignment>0x4</alignment>
         <input_file_ref idref="fl-173"/>
      </object_component>
      <object_component id="oc-eb">
         <name>.text.SYSCFG_DL_GPIO_init</name>
         <load_address>0x39ea</load_address>
         <readonly>true</readonly>
         <executable>true</executable>
         <run_address>0x39ea</run_address>
         <size>0x2</size>
         <alignment>0x2</alignment>
         <input_file_ref idref="fl-7"/>
      </object_component>
      <object_component id="oc-141">
         <name>.text.prvHeapInit</name>
         <load_address>0x39ec</load_address>
         <readonly>true</readonly>
         <executable>true</executable>
         <run_address>0x39ec</run_address>
         <size>0xa0</size>
         <alignment>0x4</alignment>
         <input_file_ref idref="fl-1f"/>
      </object_component>
      <object_component id="oc-1df">
         <name>.text.xQueueGenericCreateStatic</name>
         <load_address>0x3a8c</load_address>
         <readonly>true</readonly>
         <executable>true</executable>
         <run_address>0x3a8c</run_address>
         <size>0xa0</size>
         <alignment>0x2</alignment>
         <input_file_ref idref="fl-17"/>
      </object_component>
      <object_component id="oc-b2">
         <name>.text:memcpy</name>
         <load_address>0x3b2c</load_address>
         <readonly>true</readonly>
         <executable>true</executable>
         <run_address>0x3b2c</run_address>
         <size>0x9a</size>
         <alignment>0x1</alignment>
         <input_file_ref idref="fl-17c"/>
      </object_component>
      <object_component id="oc-1d6">
         <name>.text.prvCreateStaticTask</name>
         <load_address>0x3bc6</load_address>
         <readonly>true</readonly>
         <executable>true</executable>
         <run_address>0x3bc6</run_address>
         <size>0x98</size>
         <alignment>0x2</alignment>
         <input_file_ref idref="fl-18"/>
      </object_component>
      <object_component id="oc-f9">
         <name>.text.xQueueGenericCreate</name>
         <load_address>0x3c5e</load_address>
         <readonly>true</readonly>
         <executable>true</executable>
         <run_address>0x3c5e</run_address>
         <size>0x94</size>
         <alignment>0x2</alignment>
         <input_file_ref idref="fl-17"/>
      </object_component>
      <object_component id="oc-1c2">
         <name>.text.__aeabi_idiv0</name>
         <load_address>0x3cf2</load_address>
         <readonly>true</readonly>
         <executable>true</executable>
         <run_address>0x3cf2</run_address>
         <size>0x2</size>
         <alignment>0x2</alignment>
         <input_file_ref idref="fl-178"/>
      </object_component>
      <object_component id="oc-117">
         <name>.text.FeedbackADC_init</name>
         <load_address>0x3cf4</load_address>
         <readonly>true</readonly>
         <executable>true</executable>
         <run_address>0x3cf4</run_address>
         <size>0x90</size>
         <alignment>0x4</alignment>
         <input_file_ref idref="fl-2"/>
      </object_component>
      <object_component id="oc-1e9">
         <name>.text.prvProcessTimerOrBlockTask</name>
         <load_address>0x3d84</load_address>
         <readonly>true</readonly>
         <executable>true</executable>
         <run_address>0x3d84</run_address>
         <size>0x8c</size>
         <alignment>0x4</alignment>
         <input_file_ref idref="fl-19"/>
      </object_component>
      <object_component id="oc-1cf">
         <name>.text.removeThreadKeys</name>
         <load_address>0x3e10</load_address>
         <readonly>true</readonly>
         <executable>true</executable>
         <run_address>0x3e10</run_address>
         <size>0x8c</size>
         <alignment>0x2</alignment>
         <input_file_ref idref="fl-1d"/>
      </object_component>
      <object_component id="oc-153">
         <name>.text.prvCreateTask</name>
         <load_address>0x3e9c</load_address>
         <readonly>true</readonly>
         <executable>true</executable>
         <run_address>0x3e9c</run_address>
         <size>0x84</size>
         <alignment>0x2</alignment>
         <input_file_ref idref="fl-18"/>
      </object_component>
      <object_component id="oc-223">
         <name>.text.prvInsertTimerInActiveList</name>
         <load_address>0x3f20</load_address>
         <readonly>true</readonly>
         <executable>true</executable>
         <run_address>0x3f20</run_address>
         <size>0x84</size>
         <alignment>0x4</alignment>
         <input_file_ref idref="fl-19"/>
      </object_component>
      <object_component id="oc-21c">
         <name>.text.vTaskStepTick</name>
         <load_address>0x3fa4</load_address>
         <readonly>true</readonly>
         <executable>true</executable>
         <run_address>0x3fa4</run_address>
         <size>0x84</size>
         <alignment>0x4</alignment>
         <input_file_ref idref="fl-18"/>
      </object_component>
      <object_component id="oc-10d">
         <name>.text.xPortStartScheduler</name>
         <load_address>0x4028</load_address>
         <readonly>true</readonly>
         <executable>true</executable>
         <run_address>0x4028</run_address>
         <size>0x80</size>
         <alignment>0x4</alignment>
         <input_file_ref idref="fl-1a"/>
      </object_component>
      <object_component id="oc-21b">
         <name>.text.eTaskConfirmSleepModeStatus</name>
         <load_address>0x40a8</load_address>
         <readonly>true</readonly>
         <executable>true</executable>
         <run_address>0x40a8</run_address>
         <size>0x7c</size>
         <alignment>0x4</alignment>
         <input_file_ref idref="fl-18"/>
      </object_component>
      <object_component id="oc-1ca">
         <name>.text.prvInitialiseTaskLists</name>
         <load_address>0x4124</load_address>
         <readonly>true</readonly>
         <executable>true</executable>
         <run_address>0x4124</run_address>
         <size>0x7c</size>
         <alignment>0x4</alignment>
         <input_file_ref idref="fl-18"/>
      </object_component>
      <object_component id="oc-108">
         <name>.text.xTimerCreateTimerTask</name>
         <load_address>0x41a0</load_address>
         <readonly>true</readonly>
         <executable>true</executable>
         <run_address>0x41a0</run_address>
         <size>0x7c</size>
         <alignment>0x4</alignment>
         <input_file_ref idref="fl-19"/>
      </object_component>
      <object_component id="oc-29">
         <name>.text:decompress:lzss</name>
         <load_address>0x421c</load_address>
         <readonly>true</readonly>
         <executable>true</executable>
         <run_address>0x421c</run_address>
         <size>0x7c</size>
         <alignment>0x4</alignment>
         <input_file_ref idref="fl-46"/>
      </object_component>
      <object_component id="oc-c6">
         <name>.text.mainThread</name>
         <load_address>0x4298</load_address>
         <readonly>true</readonly>
         <executable>true</executable>
         <run_address>0x4298</run_address>
         <size>0x78</size>
         <alignment>0x4</alignment>
         <input_file_ref idref="fl-3"/>
      </object_component>
      <object_component id="oc-1d8">
         <name>.text.prvGetExpectedIdleTime</name>
         <load_address>0x4310</load_address>
         <readonly>true</readonly>
         <executable>true</executable>
         <run_address>0x4310</run_address>
         <size>0x78</size>
         <alignment>0x4</alignment>
         <input_file_ref idref="fl-18"/>
      </object_component>
      <object_component id="oc-234">
         <name>.text.vTaskPlaceOnEventListRestricted</name>
         <load_address>0x4388</load_address>
         <readonly>true</readonly>
         <executable>true</executable>
         <run_address>0x4388</run_address>
         <size>0x74</size>
         <alignment>0x4</alignment>
         <input_file_ref idref="fl-18"/>
      </object_component>
      <object_component id="oc-15a">
         <name>.text.pthread_exit</name>
         <load_address>0x43fc</load_address>
         <readonly>true</readonly>
         <executable>true</executable>
         <run_address>0x43fc</run_address>
         <size>0x6e</size>
         <alignment>0x2</alignment>
         <input_file_ref idref="fl-1d"/>
      </object_component>
      <object_component id="oc-2a1">
         <name>.text.__aeabi_ldiv0</name>
         <load_address>0x446a</load_address>
         <readonly>true</readonly>
         <executable>true</executable>
         <run_address>0x446a</run_address>
         <size>0x2</size>
         <alignment>0x2</alignment>
         <input_file_ref idref="fl-178"/>
      </object_component>
      <object_component id="oc-164">
         <name>.text.prvCheckForValidListAndQueue</name>
         <load_address>0x446c</load_address>
         <readonly>true</readonly>
         <executable>true</executable>
         <run_address>0x446c</run_address>
         <size>0x6c</size>
         <alignment>0x4</alignment>
         <input_file_ref idref="fl-19"/>
      </object_component>
      <object_component id="oc-207">
         <name>.text.vListInsert</name>
         <load_address>0x44d8</load_address>
         <readonly>true</readonly>
         <executable>true</executable>
         <run_address>0x44d8</run_address>
         <size>0x6c</size>
         <alignment>0x2</alignment>
         <input_file_ref idref="fl-20"/>
      </object_component>
      <object_component id="oc-221">
         <name>.text.vQueueWaitForMessageRestricted</name>
         <load_address>0x4544</load_address>
         <readonly>true</readonly>
         <executable>true</executable>
         <run_address>0x4544</run_address>
         <size>0x6a</size>
         <alignment>0x2</alignment>
         <input_file_ref idref="fl-17"/>
      </object_component>
      <object_component id="oc-49">
         <name>.text.UART0_IRQHandler</name>
         <load_address>0x45b0</load_address>
         <readonly>true</readonly>
         <executable>true</executable>
         <run_address>0x45b0</run_address>
         <size>0x68</size>
         <alignment>0x4</alignment>
         <input_file_ref idref="fl-5"/>
      </object_component>
      <object_component id="oc-c5">
         <name>.text.vTaskStartScheduler</name>
         <load_address>0x4618</load_address>
         <readonly>true</readonly>
         <executable>true</executable>
         <run_address>0x4618</run_address>
         <size>0x68</size>
         <alignment>0x4</alignment>
         <input_file_ref idref="fl-18"/>
      </object_component>
      <object_component id="oc-e9">
         <name>.text:memset</name>
         <load_address>0x4680</load_address>
         <readonly>true</readonly>
         <executable>true</executable>
         <run_address>0x4680</run_address>
         <size>0x62</size>
         <alignment>0x1</alignment>
         <input_file_ref idref="fl-17d"/>
      </object_component>
      <object_component id="oc-22f">
         <name>.text.pvTaskGetThreadLocalStoragePointer</name>
         <load_address>0x46e4</load_address>
         <readonly>true</readonly>
         <executable>true</executable>
         <run_address>0x46e4</run_address>
         <size>0x60</size>
         <alignment>0x4</alignment>
         <input_file_ref idref="fl-18"/>
      </object_component>
      <object_component id="oc-116">
         <name>.text.AD5672R_write</name>
         <load_address>0x4744</load_address>
         <readonly>true</readonly>
         <executable>true</executable>
         <run_address>0x4744</run_address>
         <size>0x5c</size>
         <alignment>0x4</alignment>
         <input_file_ref idref="fl-1"/>
      </object_component>
      <object_component id="oc-162">
         <name>.text.prvIdleTask</name>
         <load_address>0x47a0</load_address>
         <readonly>true</readonly>
         <executable>true</executable>
         <run_address>0x47a0</run_address>
         <size>0x5c</size>
         <alignment>0x4</alignment>
         <input_file_ref idref="fl-18"/>
      </object_component>
      <object_component id="oc-1cd">
         <name>.text.pthread_setcancelstate</name>
         <load_address>0x47fc</load_address>
         <readonly>true</readonly>
         <executable>true</executable>
         <run_address>0x47fc</run_address>
         <size>0x5a</size>
         <alignment>0x2</alignment>
         <input_file_ref idref="fl-1d"/>
      </object_component>
      <object_component id="oc-9b">
         <name>.text.main</name>
         <load_address>0x4858</load_address>
         <readonly>true</readonly>
         <executable>true</executable>
         <run_address>0x4858</run_address>
         <size>0x58</size>
         <alignment>0x4</alignment>
         <input_file_ref idref="fl-4"/>
      </object_component>
      <object_component id="oc-ec">
         <name>.text.SYSCFG_DL_SYSCTL_init</name>
         <load_address>0x48b0</load_address>
         <readonly>true</readonly>
         <executable>true</executable>
         <run_address>0x48b0</run_address>
         <size>0x54</size>
         <alignment>0x4</alignment>
         <input_file_ref idref="fl-7"/>
      </object_component>
      <object_component id="oc-16c">
         <name>.text.vPortSetupTimerInterrupt</name>
         <load_address>0x4904</load_address>
         <readonly>true</readonly>
         <executable>true</executable>
         <run_address>0x4904</run_address>
         <size>0x54</size>
         <alignment>0x4</alignment>
         <input_file_ref idref="fl-1a"/>
      </object_component>
      <object_component id="oc-1d7">
         <name>.text.prvCheckTasksWaitingTermination</name>
         <load_address>0x4958</load_address>
         <readonly>true</readonly>
         <executable>true</executable>
         <run_address>0x4958</run_address>
         <size>0x50</size>
         <alignment>0x4</alignment>
         <input_file_ref idref="fl-18"/>
      </object_component>
      <object_component id="oc-219">
         <name>.text.prvDeleteTCB</name>
         <load_address>0x49a8</load_address>
         <readonly>true</readonly>
         <executable>true</executable>
         <run_address>0x49a8</run_address>
         <size>0x50</size>
         <alignment>0x2</alignment>
         <input_file_ref idref="fl-18"/>
      </object_component>
      <object_component id="oc-220">
         <name>.text.prvProcessExpiredTimer</name>
         <load_address>0x49f8</load_address>
         <readonly>true</readonly>
         <executable>true</executable>
         <run_address>0x49f8</run_address>
         <size>0x50</size>
         <alignment>0x4</alignment>
         <input_file_ref idref="fl-19"/>
      </object_component>
      <object_component id="oc-120">
         <name>.text.vTaskDelay</name>
         <load_address>0x4a48</load_address>
         <readonly>true</readonly>
         <executable>true</executable>
         <run_address>0x4a48</run_address>
         <size>0x50</size>
         <alignment>0x4</alignment>
         <input_file_ref idref="fl-18"/>
      </object_component>
      <object_component id="oc-160">
         <name>.text.xTaskCreateStatic</name>
         <load_address>0x4a98</load_address>
         <readonly>true</readonly>
         <executable>true</executable>
         <run_address>0x4a98</run_address>
         <size>0x4c</size>
         <alignment>0x2</alignment>
         <input_file_ref idref="fl-18"/>
      </object_component>
      <object_component id="oc-18e">
         <name>.text.DL_UART_init</name>
         <load_address>0x4ae4</load_address>
         <readonly>true</readonly>
         <executable>true</executable>
         <run_address>0x4ae4</run_address>
         <size>0x48</size>
         <alignment>0x4</alignment>
         <input_file_ref idref="fl-24"/>
      </object_component>
      <object_component id="oc-190">
         <name>.text.snprintf</name>
         <load_address>0x4b2c</load_address>
         <readonly>true</readonly>
         <executable>true</executable>
         <run_address>0x4b2c</run_address>
         <size>0x48</size>
         <alignment>0x4</alignment>
         <input_file_ref idref="fl-43"/>
      </object_component>
      <object_component id="oc-206">
         <name>.text.uxListRemove</name>
         <load_address>0x4b74</load_address>
         <readonly>true</readonly>
         <executable>true</executable>
         <run_address>0x4b74</run_address>
         <size>0x48</size>
         <alignment>0x2</alignment>
         <input_file_ref idref="fl-20"/>
      </object_component>
      <object_component id="oc-101">
         <name>.text.xTaskCreate</name>
         <load_address>0x4bbc</load_address>
         <readonly>true</readonly>
         <executable>true</executable>
         <run_address>0x4bbc</run_address>
         <size>0x48</size>
         <alignment>0x2</alignment>
         <input_file_ref idref="fl-18"/>
      </object_component>
      <object_component id="oc-212">
         <name>.text.xTaskGetApplicationTaskTag</name>
         <load_address>0x4c04</load_address>
         <readonly>true</readonly>
         <executable>true</executable>
         <run_address>0x4c04</run_address>
         <size>0x48</size>
         <alignment>0x4</alignment>
         <input_file_ref idref="fl-18"/>
      </object_component>
      <object_component id="oc-14e">
         <name>.text.prvInitialiseNewQueue</name>
         <load_address>0x4c4c</load_address>
         <readonly>true</readonly>
         <executable>true</executable>
         <run_address>0x4c4c</run_address>
         <size>0x46</size>
         <alignment>0x2</alignment>
         <input_file_ref idref="fl-17"/>
      </object_component>
      <object_component id="oc-178">
         <name>.text.DL_SPI_init</name>
         <load_address>0x4c94</load_address>
         <readonly>true</readonly>
         <executable>true</executable>
         <run_address>0x4c94</run_address>
         <size>0x44</size>
         <alignment>0x4</alignment>
         <input_file_ref idref="fl-23"/>
      </object_component>
      <object_component id="oc-246">
         <name>.text.__aeabi_errno_addr</name>
         <load_address>0x4cd8</load_address>
         <readonly>true</readonly>
         <executable>true</executable>
         <run_address>0x4cd8</run_address>
         <size>0x8</size>
         <alignment>0x4</alignment>
         <input_file_ref idref="fl-4a"/>
      </object_component>
      <object_component id="oc-47">
         <name>.text.PendSV_Handler</name>
         <load_address>0x4ce0</load_address>
         <readonly>true</readonly>
         <executable>true</executable>
         <run_address>0x4ce0</run_address>
         <size>0x44</size>
         <alignment>0x10</alignment>
         <input_file_ref idref="fl-1b"/>
      </object_component>
      <object_component id="oc-23e">
         <name>.text.atoi</name>
         <load_address>0x4d24</load_address>
         <readonly>true</readonly>
         <executable>true</executable>
         <run_address>0x4d24</run_address>
         <size>0x44</size>
         <alignment>0x4</alignment>
         <input_file_ref idref="fl-50"/>
      </object_component>
      <object_component id="oc-235">
         <name>.text.prvCopyDataFromQueue</name>
         <load_address>0x4d68</load_address>
         <readonly>true</readonly>
         <executable>true</executable>
         <run_address>0x4d68</run_address>
         <size>0x44</size>
         <alignment>0x2</alignment>
         <input_file_ref idref="fl-17"/>
      </object_component>
      <object_component id="oc-232">
         <name>.text.prvSwitchTimerLists</name>
         <load_address>0x4dac</load_address>
         <readonly>true</readonly>
         <executable>true</executable>
         <run_address>0x4dac</run_address>
         <size>0x44</size>
         <alignment>0x4</alignment>
         <input_file_ref idref="fl-19"/>
      </object_component>
      <object_component id="oc-180">
         <name>.text.DL_ADC12_setClockConfig</name>
         <load_address>0x4df0</load_address>
         <readonly>true</readonly>
         <executable>true</executable>
         <run_address>0x4df0</run_address>
         <size>0x40</size>
         <alignment>0x4</alignment>
         <input_file_ref idref="fl-21"/>
      </object_component>
      <object_component id="oc-14a">
         <name>.text</name>
         <load_address>0x4e30</load_address>
         <readonly>true</readonly>
         <executable>true</executable>
         <run_address>0x4e30</run_address>
         <size>0x40</size>
         <alignment>0x4</alignment>
         <input_file_ref idref="fl-16f"/>
      </object_component>
      <object_component id="oc-21f">
         <name>.text.prvSampleTimeNow</name>
         <load_address>0x4e70</load_address>
         <readonly>true</readonly>
         <executable>true</executable>
         <run_address>0x4e70</run_address>
         <size>0x3c</size>
         <alignment>0x4</alignment>
         <input_file_ref idref="fl-19"/>
      </object_component>
      <object_component id="oc-d1">
         <name>.text:__TI_auto_init_nobinit_nopinit</name>
         <load_address>0x4eac</load_address>
         <readonly>true</readonly>
         <executable>true</executable>
         <run_address>0x4eac</run_address>
         <size>0x3c</size>
         <alignment>0x4</alignment>
         <input_file_ref idref="fl-54"/>
      </object_component>
      <object_component id="oc-213">
         <name>.text.vListInsertEnd</name>
         <load_address>0x4ee8</load_address>
         <readonly>true</readonly>
         <executable>true</executable>
         <run_address>0x4ee8</run_address>
         <size>0x3a</size>
         <alignment>0x2</alignment>
         <input_file_ref idref="fl-20"/>
      </object_component>
      <object_component id="oc-270">
         <name>.text</name>
         <load_address>0x4f24</load_address>
         <readonly>true</readonly>
         <executable>true</executable>
         <run_address>0x4f24</run_address>
         <size>0x3a</size>
         <alignment>0x4</alignment>
         <input_file_ref idref="fl-175"/>
      </object_component>
      <object_component id="oc-13c">
         <name>.text.DL_SYSCTL_switchMCLKfromLFCLKtoSYSOSC</name>
         <load_address>0x4f60</load_address>
         <readonly>true</readonly>
         <executable>true</executable>
         <run_address>0x4f60</run_address>
         <size>0x38</size>
         <alignment>0x4</alignment>
         <input_file_ref idref="fl-25"/>
      </object_component>
      <object_component id="oc-1e8">
         <name>.text.prvGetNextExpireTime</name>
         <load_address>0x4f98</load_address>
         <readonly>true</readonly>
         <executable>true</executable>
         <run_address>0x4f98</run_address>
         <size>0x38</size>
         <alignment>0x4</alignment>
         <input_file_ref idref="fl-19"/>
      </object_component>
      <object_component id="oc-ff">
         <name>.text.xTaskGetSchedulerState</name>
         <load_address>0x4fd0</load_address>
         <readonly>true</readonly>
         <executable>true</executable>
         <run_address>0x4fd0</run_address>
         <size>0x38</size>
         <alignment>0x4</alignment>
         <input_file_ref idref="fl-18"/>
      </object_component>
      <object_component id="oc-224">
         <name>.text.prvReloadTimer</name>
         <load_address>0x5008</load_address>
         <readonly>true</readonly>
         <executable>true</executable>
         <run_address>0x5008</run_address>
         <size>0x36</size>
         <alignment>0x2</alignment>
         <input_file_ref idref="fl-19"/>
      </object_component>
      <object_component id="oc-c1">
         <name>.text.pthread_attr_setschedparam</name>
         <load_address>0x503e</load_address>
         <readonly>true</readonly>
         <executable>true</executable>
         <run_address>0x503e</run_address>
         <size>0x34</size>
         <alignment>0x2</alignment>
         <input_file_ref idref="fl-1d"/>
      </object_component>
      <object_component id="oc-1f5">
         <name>.text.vTaskPlaceOnEventList</name>
         <load_address>0x5074</load_address>
         <readonly>true</readonly>
         <executable>true</executable>
         <run_address>0x5074</run_address>
         <size>0x34</size>
         <alignment>0x4</alignment>
         <input_file_ref idref="fl-18"/>
      </object_component>
      <object_component id="oc-102">
         <name>.text.vTaskSetApplicationTaskTag</name>
         <load_address>0x50a8</load_address>
         <readonly>true</readonly>
         <executable>true</executable>
         <run_address>0x50a8</run_address>
         <size>0x34</size>
         <alignment>0x4</alignment>
         <input_file_ref idref="fl-18"/>
      </object_component>
      <object_component id="oc-202">
         <name>.text._outs</name>
         <load_address>0x50dc</load_address>
         <readonly>true</readonly>
         <executable>true</executable>
         <run_address>0x50dc</run_address>
         <size>0x32</size>
         <alignment>0x2</alignment>
         <input_file_ref idref="fl-43"/>
      </object_component>
      <object_component id="oc-103">
         <name>.text.vQueueDelete</name>
         <load_address>0x510e</load_address>
         <readonly>true</readonly>
         <executable>true</executable>
         <run_address>0x510e</run_address>
         <size>0x32</size>
         <alignment>0x2</alignment>
         <input_file_ref idref="fl-17"/>
      </object_component>
      <object_component id="oc-170">
         <name>.text.xQueueCreateMutexStatic</name>
         <load_address>0x5140</load_address>
         <readonly>true</readonly>
         <executable>true</executable>
         <run_address>0x5140</run_address>
         <size>0x32</size>
         <alignment>0x2</alignment>
         <input_file_ref idref="fl-17"/>
      </object_component>
      <object_component id="oc-18f">
         <name>.text.DL_UART_transmitDataBlocking</name>
         <load_address>0x5174</load_address>
         <readonly>true</readonly>
         <executable>true</executable>
         <run_address>0x5174</run_address>
         <size>0x30</size>
         <alignment>0x4</alignment>
         <input_file_ref idref="fl-24"/>
      </object_component>
      <object_component id="oc-48">
         <name>.text.SysTick_Handler</name>
         <load_address>0x51a4</load_address>
         <readonly>true</readonly>
         <executable>true</executable>
         <run_address>0x51a4</run_address>
         <size>0x30</size>
         <alignment>0x4</alignment>
         <input_file_ref idref="fl-1a"/>
      </object_component>
      <object_component id="oc-a6">
         <name>.text.prvResetNextTaskUnblockTime</name>
         <load_address>0x51d4</load_address>
         <readonly>true</readonly>
         <executable>true</executable>
         <run_address>0x51d4</run_address>
         <size>0x30</size>
         <alignment>0x4</alignment>
         <input_file_ref idref="fl-18"/>
      </object_component>
      <object_component id="oc-16e">
         <name>.text.prvTaskExitError</name>
         <load_address>0x5204</load_address>
         <readonly>true</readonly>
         <executable>true</executable>
         <run_address>0x5204</run_address>
         <size>0x30</size>
         <alignment>0x4</alignment>
         <input_file_ref idref="fl-1a"/>
      </object_component>
      <object_component id="oc-1ee">
         <name>.text.prvInitialiseMutex</name>
         <load_address>0x5234</load_address>
         <readonly>true</readonly>
         <executable>true</executable>
         <run_address>0x5234</run_address>
         <size>0x2e</size>
         <alignment>0x2</alignment>
         <input_file_ref idref="fl-17"/>
      </object_component>
      <object_component id="oc-1fc">
         <name>.text.prvIsQueueFull</name>
         <load_address>0x5262</load_address>
         <readonly>true</readonly>
         <executable>true</executable>
         <run_address>0x5262</run_address>
         <size>0x2e</size>
         <alignment>0x2</alignment>
         <input_file_ref idref="fl-17"/>
      </object_component>
      <object_component id="oc-c2">
         <name>.text.pthread_attr_setdetachstate</name>
         <load_address>0x5290</load_address>
         <readonly>true</readonly>
         <executable>true</executable>
         <run_address>0x5290</run_address>
         <size>0x2e</size>
         <alignment>0x2</alignment>
         <input_file_ref idref="fl-1d"/>
      </object_component>
      <object_component id="oc-22">
         <name>.text.vPortSVCHandler_C</name>
         <load_address>0x52be</load_address>
         <readonly>true</readonly>
         <executable>true</executable>
         <run_address>0x52be</run_address>
         <size>0x2e</size>
         <alignment>0x2</alignment>
         <input_file_ref idref="fl-1a"/>
      </object_component>
      <object_component id="oc-ea">
         <name>.text.SYSCFG_DL_initPower</name>
         <load_address>0x52ec</load_address>
         <readonly>true</readonly>
         <executable>true</executable>
         <run_address>0x52ec</run_address>
         <size>0x2c</size>
         <alignment>0x4</alignment>
         <input_file_ref idref="fl-7"/>
      </object_component>
      <object_component id="oc-123">
         <name>.text.Terminal_setADC</name>
         <load_address>0x5318</load_address>
         <readonly>true</readonly>
         <executable>true</executable>
         <run_address>0x5318</run_address>
         <size>0x2c</size>
         <alignment>0x4</alignment>
         <input_file_ref idref="fl-5"/>
      </object_component>
      <object_component id="oc-1ce">
         <name>.text._pthread_cleanup_pop</name>
         <load_address>0x5344</load_address>
         <readonly>true</readonly>
         <executable>true</executable>
         <run_address>0x5344</run_address>
         <size>0x2c</size>
         <alignment>0x2</alignment>
         <input_file_ref idref="fl-1d"/>
      </object_component>
      <object_component id="oc-1da">
         <name>.text.vListInitialise</name>
         <load_address>0x5370</load_address>
         <readonly>true</readonly>
         <executable>true</executable>
         <run_address>0x5370</run_address>
         <size>0x2c</size>
         <alignment>0x2</alignment>
         <input_file_ref idref="fl-20"/>
      </object_component>
      <object_component id="oc-156">
         <name>.text.vPortExitCritical</name>
         <load_address>0x539c</load_address>
         <readonly>true</readonly>
         <executable>true</executable>
         <run_address>0x539c</run_address>
         <size>0x2c</size>
         <alignment>0x4</alignment>
         <input_file_ref idref="fl-1a"/>
      </object_component>
      <object_component id="oc-1f3">
         <name>.text.prvIsQueueEmpty</name>
         <load_address>0x53c8</load_address>
         <readonly>true</readonly>
         <executable>true</executable>
         <run_address>0x53c8</run_address>
         <size>0x2a</size>
         <alignment>0x2</alignment>
         <input_file_ref idref="fl-17"/>
      </object_component>
      <object_component id="oc-1f7">
         <name>.text.prvGetHighestPriorityOfWaitToReceiveList</name>
         <load_address>0x53f2</load_address>
         <readonly>true</readonly>
         <executable>true</executable>
         <run_address>0x53f2</run_address>
         <size>0x28</size>
         <alignment>0x2</alignment>
         <input_file_ref idref="fl-17"/>
      </object_component>
      <object_component id="oc-15b">
         <name>.text.vApplicationGetIdleTaskMemory</name>
         <load_address>0x541c</load_address>
         <readonly>true</readonly>
         <executable>true</executable>
         <run_address>0x541c</run_address>
         <size>0x28</size>
         <alignment>0x4</alignment>
         <input_file_ref idref="fl-1e"/>
      </object_component>
      <object_component id="oc-165">
         <name>.text.vApplicationGetTimerTaskMemory</name>
         <load_address>0x5444</load_address>
         <readonly>true</readonly>
         <executable>true</executable>
         <run_address>0x5444</run_address>
         <size>0x28</size>
         <alignment>0x4</alignment>
         <input_file_ref idref="fl-1e"/>
      </object_component>
      <object_component id="oc-79">
         <name>.text:_c_int00_noargs</name>
         <load_address>0x546c</load_address>
         <readonly>true</readonly>
         <executable>true</executable>
         <run_address>0x546c</run_address>
         <size>0x28</size>
         <alignment>0x4</alignment>
         <input_file_ref idref="fl-47"/>
      </object_component>
      <object_component id="oc-214">
         <name>.text.PTLS_taskDeleteHook</name>
         <load_address>0x5494</load_address>
         <readonly>true</readonly>
         <executable>true</executable>
         <run_address>0x5494</run_address>
         <size>0x24</size>
         <alignment>0x2</alignment>
         <input_file_ref idref="fl-1c"/>
      </object_component>
      <object_component id="oc-83">
         <name>.text.ulSetInterruptMask</name>
         <load_address>0x54b8</load_address>
         <readonly>true</readonly>
         <executable>true</executable>
         <run_address>0x54b8</run_address>
         <size>0x8</size>
         <alignment>0x2</alignment>
         <input_file_ref idref="fl-1b"/>
      </object_component>
      <object_component id="oc-42">
         <name>.text.SVC_Handler</name>
         <load_address>0x54c0</load_address>
         <readonly>true</readonly>
         <executable>true</executable>
         <run_address>0x54c0</run_address>
         <size>0x24</size>
         <alignment>0x10</alignment>
         <input_file_ref idref="fl-1b"/>
      </object_component>
      <object_component id="oc-1ef">
         <name>.text.pvTaskIncrementMutexHeldCount</name>
         <load_address>0x54e4</load_address>
         <readonly>true</readonly>
         <executable>true</executable>
         <run_address>0x54e4</run_address>
         <size>0x24</size>
         <alignment>0x4</alignment>
         <input_file_ref idref="fl-18"/>
      </object_component>
      <object_component id="oc-69">
         <name>.text</name>
         <load_address>0x5508</load_address>
         <readonly>true</readonly>
         <executable>true</executable>
         <run_address>0x5508</run_address>
         <size>0x8</size>
         <alignment>0x4</alignment>
         <input_file_ref idref="fl-171"/>
      </object_component>
      <object_component id="oc-5d">
         <name>.text.vRestoreContextOfFirstTask</name>
         <load_address>0x5510</load_address>
         <readonly>true</readonly>
         <executable>true</executable>
         <run_address>0x5510</run_address>
         <size>0x24</size>
         <alignment>0x10</alignment>
         <input_file_ref idref="fl-1b"/>
      </object_component>
      <object_component id="oc-24b">
         <name>.text</name>
         <load_address>0x5534</load_address>
         <readonly>true</readonly>
         <executable>true</executable>
         <run_address>0x5534</run_address>
         <size>0x24</size>
         <alignment>0x4</alignment>
         <input_file_ref idref="fl-169"/>
      </object_component>
      <object_component id="oc-237">
         <name>.text.memccpy</name>
         <load_address>0x5558</load_address>
         <readonly>true</readonly>
         <executable>true</executable>
         <run_address>0x5558</run_address>
         <size>0x22</size>
         <alignment>0x2</alignment>
         <input_file_ref idref="fl-52"/>
      </object_component>
      <object_component id="oc-41">
         <name>.text.HardFault_Handler</name>
         <load_address>0x557a</load_address>
         <readonly>true</readonly>
         <executable>true</executable>
         <run_address>0x557a</run_address>
         <size>0x20</size>
         <alignment>0x2</alignment>
         <input_file_ref idref="fl-8"/>
      </object_component>
      <object_component id="oc-ee">
         <name>.text.SYSCFG_DL_SYSCTL_CLK_init</name>
         <load_address>0x559c</load_address>
         <readonly>true</readonly>
         <executable>true</executable>
         <run_address>0x559c</run_address>
         <size>0x20</size>
         <alignment>0x4</alignment>
         <input_file_ref idref="fl-7"/>
      </object_component>
      <object_component id="oc-1f1">
         <name>.text.vTaskInternalSetTimeOutState</name>
         <load_address>0x55bc</load_address>
         <readonly>true</readonly>
         <executable>true</executable>
         <run_address>0x55bc</run_address>
         <size>0x20</size>
         <alignment>0x4</alignment>
         <input_file_ref idref="fl-18"/>
      </object_component>
      <object_component id="oc-105">
         <name>.text._pthread_runStub</name>
         <load_address>0x55dc</load_address>
         <readonly>true</readonly>
         <executable>true</executable>
         <run_address>0x55dc</run_address>
         <size>0x1e</size>
         <alignment>0x2</alignment>
         <input_file_ref idref="fl-1d"/>
      </object_component>
      <object_component id="oc-167">
         <name>.text.prvTimerTask</name>
         <load_address>0x55fa</load_address>
         <readonly>true</readonly>
         <executable>true</executable>
         <run_address>0x55fa</run_address>
         <size>0x1e</size>
         <alignment>0x2</alignment>
         <input_file_ref idref="fl-19"/>
      </object_component>
      <object_component id="oc-2a2">
         <name>.text</name>
         <load_address>0x5618</load_address>
         <readonly>true</readonly>
         <executable>true</executable>
         <run_address>0x5618</run_address>
         <size>0x1e</size>
         <alignment>0x4</alignment>
         <input_file_ref idref="fl-176"/>
      </object_component>
      <object_component id="oc-bc">
         <name>.text.pthread_attr_init</name>
         <load_address>0x5638</load_address>
         <readonly>true</readonly>
         <executable>true</executable>
         <run_address>0x5638</run_address>
         <size>0x1c</size>
[...]
         <name>xQueueGenericCreateStatic</name>
         <value>0x3a8d</value>
         <object_component_ref idref="oc-1df"/>
      </symbol>
      <symbol id="sm-149">
         <name>xQueueGenericCreate</name>
         <value>0x3c5f</value>
         <object_component_ref idref="oc-f9"/>
      </symbol>
      <symbol id="sm-14a">
         <name>xQueueGenericSend</name>
         <value>0x1adf</value>
         <object_component_ref idref="oc-17a"/>
      </symbol>
      <symbol id="sm-14b">
         <name>xQueueCreateMutexStatic</name>
         <value>0x5141</value>
         <object_component_ref idref="oc-170"/>
      </symbol>
      <symbol id="sm-14c">
         <name>xQueueSemaphoreTake</name>
         <value>0x1901</value>
         <object_component_ref idref="oc-171"/>
      </symbol>
      <symbol id="sm-14d">
         <name>xQueueReceive</name>
         <value>0x1cb1</value>
         <object_component_ref idref="oc-222"/>
      </symbol>
      <symbol id="sm-14e">
         <name>vQueueDelete</name>
         <value>0x510f</value>
         <object_component_ref idref="oc-103"/>
      </symbol>
      <symbol id="sm-14f">
         <name>vQueueWaitForMessageRestricted</name>
         <value>0x4545</value>
         <object_component_ref idref="oc-221"/>
      </symbol>
      <symbol id="sm-1ff">
         <name>xTaskCreateStatic</name>
         <value>0x4a99</value>
         <object_component_ref idref="oc-160"/>
      </symbol>
      <symbol id="sm-200">
         <name>pxCurrentTCB</name>
         <value>0x2020142c</value>
         <object_component_ref idref="oc-1c"/>
      </symbol>
      <symbol id="sm-201">
         <name>xTaskCreate</name>
         <value>0x4bbd</value>
         <object_component_ref idref="oc-101"/>
      </symbol>
      <symbol id="sm-202">
         <name>vTaskDelete</name>
         <value>0x2a49</value>
         <object_component_ref idref="oc-1d1"/>
      </symbol>
      <symbol id="sm-203">
         <name>vTaskSuspendAll</name>
         <value>0x5791</value>
         <object_component_ref idref="oc-100"/>
      </symbol>
      <symbol id="sm-204">
         <name>xTaskResumeAll</name>
         <value>0x1709</value>
         <object_component_ref idref="oc-104"/>
      </symbol>
      <symbol id="sm-205">
         <name>xTaskIncrementTick</name>
         <value>0x12f1</value>
         <object_component_ref idref="oc-84"/>
      </symbol>
      <symbol id="sm-206">
         <name>vTaskDelay</name>
         <value>0x4a49</value>
         <object_component_ref idref="oc-120"/>
      </symbol>
      <symbol id="sm-207">
         <name>vTaskSuspend</name>
         <value>0x2925</value>
         <object_component_ref idref="oc-1d0"/>
      </symbol>
      <symbol id="sm-208">
         <name>vTaskSwitchContext</name>
         <value>0x2fa9</value>
         <object_component_ref idref="oc-1e"/>
      </symbol>
      <symbol id="sm-209">
         <name>vTaskStartScheduler</name>
         <value>0x4619</value>
         <object_component_ref idref="oc-c5"/>
      </symbol>
      <symbol id="sm-20a">
         <name>xTaskGetTickCount</name>
         <value>0x5711</value>
         <object_component_ref idref="oc-11e"/>
      </symbol>
      <symbol id="sm-20b">
         <name>vTaskStepTick</name>
         <value>0x3fa5</value>
         <object_component_ref idref="oc-21c"/>
      </symbol>
      <symbol id="sm-20c">
         <name>vTaskSetApplicationTaskTag</name>
         <value>0x50a9</value>
         <object_component_ref idref="oc-102"/>
      </symbol>
      <symbol id="sm-20d">
         <name>xTaskGetApplicationTaskTag</name>
         <value>0x4c05</value>
         <object_component_ref idref="oc-212"/>
      </symbol>
      <symbol id="sm-20e">
         <name>vTaskPlaceOnEventList</name>
         <value>0x5075</value>
         <object_component_ref idref="oc-1f5"/>
      </symbol>
      <symbol id="sm-20f">
         <name>vTaskPlaceOnEventListRestricted</name>
         <value>0x4389</value>
         <object_component_ref idref="oc-234"/>
      </symbol>
      <symbol id="sm-210">
         <name>xTaskRemoveFromEventList</name>
         <value>0x1ff5</value>
         <object_component_ref idref="oc-1f0"/>
      </symbol>
      <symbol id="sm-211">
         <name>vTaskInternalSetTimeOutState</name>
         <value>0x55bd</value>
         <object_component_ref idref="oc-1f1"/>
      </symbol>
      <symbol id="sm-212">
         <name>xTaskCheckForTimeOut</name>
         <value>0x3895</value>
         <object_component_ref idref="oc-1f2"/>
      </symbol>
      <symbol id="sm-213">
         <name>vTaskMissedYield</name>
         <value>0x57dd</value>
         <object_component_ref idref="oc-225"/>
      </symbol>
      <symbol id="sm-214">
         <name>eTaskConfirmSleepModeStatus</name>
         <value>0x40a9</value>
         <object_component_ref idref="oc-21b"/>
      </symbol>
      <symbol id="sm-215">
         <name>pvTaskGetThreadLocalStoragePointer</name>
         <value>0x46e5</value>
         <object_component_ref idref="oc-22f"/>
      </symbol>
      <symbol id="sm-216">
         <name>xTaskGetCurrentTaskHandle</name>
         <value>0x56fd</value>
         <object_component_ref idref="oc-211"/>
      </symbol>
      <symbol id="sm-217">
         <name>xTaskGetSchedulerState</name>
         <value>0x4fd1</value>
         <object_component_ref idref="oc-ff"/>
      </symbol>
      <symbol id="sm-218">
         <name>xTaskPriorityInherit</name>
         <value>0x27fd</value>
         <object_component_ref idref="oc-1f4"/>
      </symbol>
      <symbol id="sm-219">
         <name>xTaskPriorityDisinherit</name>
         <value>0x30b5</value>
         <object_component_ref idref="oc-226"/>
      </symbol>
      <symbol id="sm-21a">
         <name>vTaskPriorityDisinheritAfterTimeout</name>
         <value>0x2591</value>
         <object_component_ref idref="oc-1f8"/>
      </symbol>
      <symbol id="sm-21b">
         <name>pvTaskIncrementMutexHeldCount</name>
         <value>0x54e5</value>
         <object_component_ref idref="oc-1ef"/>
      </symbol>
      <symbol id="sm-260">
         <name>xTimerCreateTimerTask</name>
         <value>0x41a1</value>
         <object_component_ref idref="oc-108"/>
      </symbol>
      <symbol id="sm-28d">
         <name>vPortSuppressTicksAndSleep</name>
         <value>0x1e55</value>
         <object_component_ref idref="oc-1d9"/>
      </symbol>
      <symbol id="sm-28e">
         <name>vPortSetupTimerInterrupt</name>
         <value>0x4905</value>
         <object_component_ref idref="oc-16c"/>
      </symbol>
      <symbol id="sm-28f">
         <name>vPortYield</name>
         <value>0x56d1</value>
         <object_component_ref idref="oc-157"/>
      </symbol>
      <symbol id="sm-290">
         <name>vPortEnterCritical</name>
         <value>0x56b9</value>
         <object_component_ref idref="oc-155"/>
      </symbol>
      <symbol id="sm-291">
         <name>vPortExitCritical</name>
         <value>0x539d</value>
         <object_component_ref idref="oc-156"/>
      </symbol>
      <symbol id="sm-292">
         <name>SysTick_Handler</name>
         <value>0x51a5</value>
         <object_component_ref idref="oc-48"/>
      </symbol>
      <symbol id="sm-293">
         <name>vPortSVCHandler_C</name>
         <value>0x52bf</value>
         <object_component_ref idref="oc-22"/>
      </symbol>
      <symbol id="sm-294">
         <name>pxPortInitialiseStack</name>
         <value>0x2c79</value>
         <object_component_ref idref="oc-20d"/>
      </symbol>
      <symbol id="sm-295">
         <name>xPortStartScheduler</name>
         <value>0x4029</value>
         <object_component_ref idref="oc-10d"/>
      </symbol>
      <symbol id="sm-2ad">
         <name>vRestoreContextOfFirstTask</name>
         <value>0x5511</value>
         <object_component_ref idref="oc-5d"/>
      </symbol>
      <symbol id="sm-2ae">
         <name>vStartFirstTask</name>
         <value>0x5781</value>
         <object_component_ref idref="oc-16d"/>
      </symbol>
      <symbol id="sm-2af">
         <name>ulSetInterruptMask</name>
         <value>0x54b9</value>
         <object_component_ref idref="oc-83"/>
      </symbol>
      <symbol id="sm-2b0">
         <name>vClearInterruptMask</name>
         <value>0x57f3</value>
         <object_component_ref idref="oc-85"/>
      </symbol>
      <symbol id="sm-2b1">
         <name>PendSV_Handler</name>
         <value>0x4ce1</value>
         <object_component_ref idref="oc-47"/>
      </symbol>
      <symbol id="sm-2b2">
         <name>SVC_Handler</name>
         <value>0x54c1</value>
         <object_component_ref idref="oc-42"/>
      </symbol>
      <symbol id="sm-2bb">
         <name>PTLS_taskDeleteHook</name>
         <value>0x5495</value>
         <object_component_ref idref="oc-214"/>
      </symbol>
      <symbol id="sm-2df">
         <name>pthread_attr_init</name>
         <value>0x5639</value>
         <object_component_ref idref="oc-bc"/>
      </symbol>
      <symbol id="sm-2e0">
         <name>pthread_attr_setdetachstate</name>
         <value>0x5291</value>
         <object_component_ref idref="oc-c2"/>
      </symbol>
      <symbol id="sm-2e1">
         <name>pthread_attr_setschedparam</name>
         <value>0x503f</value>
         <object_component_ref idref="oc-c1"/>
      </symbol>
      <symbol id="sm-2e2">
         <name>pthread_attr_setstacksize</name>
         <value>0x575d</value>
         <object_component_ref idref="oc-c3"/>
      </symbol>
      <symbol id="sm-2e3">
         <name>_pthread_cleanup_pop</name>
         <value>0x5345</value>
         <object_component_ref idref="oc-1ce"/>
      </symbol>
      <symbol id="sm-2e4">
         <name>pthread_create</name>
         <value>0x2445</value>
         <object_component_ref idref="oc-c4"/>
      </symbol>
      <symbol id="sm-2e5">
         <name>pthread_exit</name>
         <value>0x43fd</value>
         <object_component_ref idref="oc-15a"/>
      </symbol>
      <symbol id="sm-2e6">
         <name>pthread_self</name>
         <value>0x569f</value>
         <object_component_ref idref="oc-1cc"/>
      </symbol>
      <symbol id="sm-2e7">
         <name>pthread_setcancelstate</name>
         <value>0x47fd</value>
         <object_component_ref idref="oc-1cd"/>
      </symbol>
      <symbol id="sm-2fc">
         <name>vApplicationGetIdleTaskMemory</name>
         <value>0x541d</value>
         <object_component_ref idref="oc-15b"/>
      </symbol>
      <symbol id="sm-2fd">
         <name>vApplicationGetTimerTaskMemory</name>
         <value>0x5445</value>
         <object_component_ref idref="oc-165"/>
      </symbol>
      <symbol id="sm-320">
         <name>pvPortMalloc</name>
         <value>0x105d</value>
         <object_component_ref idref="oc-f4"/>
      </symbol>
      <symbol id="sm-321">
         <name>vPortFree</name>
         <value>0x32c1</value>
         <object_component_ref idref="oc-fe"/>
      </symbol>
      <symbol id="sm-332">
         <name>vListInitialise</name>
         <value>0x5371</value>
         <object_component_ref idref="oc-1da"/>
      </symbol>
      <symbol id="sm-333">
         <name>vListInitialiseItem</name>
         <value>0x57cf</value>
         <object_component_ref idref="oc-20c"/>
      </symbol>
      <symbol id="sm-334">
         <name>vListInsertEnd</name>
         <value>0x4ee9</value>
         <object_component_ref idref="oc-213"/>
      </symbol>
      <symbol id="sm-335">
         <name>vListInsert</name>
         <value>0x44d9</value>
         <object_component_ref idref="oc-207"/>
      </symbol>
      <symbol id="sm-336">
         <name>uxListRemove</name>
         <value>0x4b75</value>
         <object_component_ref idref="oc-206"/>
      </symbol>
      <symbol id="sm-341">
         <name>DL_ADC12_setClockConfig</name>
         <value>0x4df1</value>
         <object_component_ref idref="oc-180"/>
      </symbol>
      <symbol id="sm-34a">
         <name>DL_Common_delayCycles</name>
         <value>0x57e9</value>
         <object_component_ref idref="oc-138"/>
      </symbol>
      <symbol id="sm-357">
         <name>DL_SPI_init</name>
         <value>0x4c95</value>
         <object_component_ref idref="oc-178"/>
      </symbol>
      <symbol id="sm-358">
         <name>DL_SPI_setClockConfig</name>
         <value>0x5739</value>
         <object_component_ref idref="oc-172"/>
      </symbol>
      <symbol id="sm-368">
         <name>DL_UART_init</name>
         <value>0x4ae5</value>
         <object_component_ref idref="oc-18e"/>
      </symbol>
      <symbol id="sm-369">
         <name>DL_UART_setClockConfig</name>
         <value>0x574b</value>
         <object_component_ref idref="oc-188"/>
      </symbol>
      <symbol id="sm-36a">
         <name>DL_UART_transmitDataBlocking</name>
         <value>0x5175</value>
         <object_component_ref idref="oc-18f"/>
      </symbol>
      <symbol id="sm-375">
         <name>DL_SYSCTL_switchMCLKfromLFCLKtoSYSOSC</name>
         <value>0x4f61</value>
         <object_component_ref idref="oc-13c"/>
      </symbol>
      <symbol id="sm-387">
         <name>snprintf</name>
         <value>0x4b2d</value>
         <object_component_ref idref="oc-190"/>
      </symbol>
      <symbol id="sm-391">
         <name>__TI_zero_init</name>
         <value>0x57b1</value>
         <object_component_ref idref="oc-76"/>
      </symbol>
      <symbol id="sm-39a">
         <name>__TI_decompress_none</name>
         <value>0x576f</value>
         <object_component_ref idref="oc-2d"/>
      </symbol>
      <symbol id="sm-3a5">
         <name>__TI_decompress_lzss</name>
         <value>0x421d</value>
         <object_component_ref idref="oc-29"/>
      </symbol>
      <symbol id="sm-3b0">
         <name>_c_int00_noargs</name>
         <value>0x546d</value>
         <object_component_ref idref="oc-79"/>
      </symbol>
      <symbol id="sm-3b1">
         <name>__stack</name>
         <value>0x2020ff00</value>
         <object_component_ref idref="oc-27"/>
      </symbol>
      <symbol id="sm-3d8">
         <name>__TI_printfi_nofloat</name>
         <value>0xc1</value>
         <object_component_ref idref="oc-22d"/>
      </symbol>
      <symbol id="sm-3e3">
         <name>__aeabi_errno_addr</name>
         <value>0x4cd9</value>
         <object_component_ref idref="oc-246"/>
      </symbol>
      <symbol id="sm-3e4">
         <name>__aeabi_errno</name>
         <value>0x20201420</value>
         <object_component_ref idref="oc-26c"/>
      </symbol>
      <symbol id="sm-3ee">
         <name>abort</name>
         <value>0x57f9</value>
         <object_component_ref idref="oc-ca"/>
      </symbol>
      <symbol id="sm-3fc">
         <name>atoi</name>
         <value>0x4d25</value>
         <object_component_ref idref="oc-23e"/>
      </symbol>
      <symbol id="sm-406">
         <name>memccpy</name>
         <value>0x5559</value>
         <object_component_ref idref="oc-237"/>
      </symbol>
      <symbol id="sm-412">
         <name>__TI_auto_init_nobinit_nopinit</name>
         <value>0x4ead</value>
         <object_component_ref idref="oc-d1"/>
      </symbol>
      <symbol id="sm-41a">
         <name>_system_pre_init</name>
         <value>0x5807</value>
         <object_component_ref idref="oc-97"/>
      </symbol>
      <symbol id="sm-426">
         <name>wcslen</name>
         <value>0x57a1</value>
         <object_component_ref idref="oc-242"/>
      </symbol>
      <symbol id="sm-42c">
         <name>__aeabi_ctype_table_</name>
         <value>0x5810</value>
         <object_component_ref idref="oc-265"/>
      </symbol>
      <symbol id="sm-42d">
         <name>__aeabi_ctype_table_C</name>
         <value>0x5810</value>
         <object_component_ref idref="oc-265"/>
      </symbol>
      <symbol id="sm-438">
         <name>HOSTexit</name>
         <value>0x57ff</value>
         <object_component_ref idref="oc-127"/>
      </symbol>
      <symbol id="sm-439">
         <name>C$$EXIT</name>
         <value>0x57fe</value>
         <object_component_ref idref="oc-127"/>
      </symbol>
      <symbol id="sm-44e">
         <name>__aeabi_lmul</name>
         <value>0x5535</value>
         <object_component_ref idref="oc-24b"/>
      </symbol>
      <symbol id="sm-44f">
         <name>__muldi3</name>
         <value>0x5535</value>
         <object_component_ref idref="oc-24b"/>
      </symbol>
      <symbol id="sm-458">
         <name>__aeabi_uidiv</name>
         <value>0x4e31</value>
         <object_component_ref idref="oc-14a"/>
      </symbol>
      <symbol id="sm-459">
         <name>__aeabi_uidivmod</name>
         <value>0x4e31</value>
         <object_component_ref idref="oc-14a"/>
      </symbol>
      <symbol id="sm-45f">
         <name>__aeabi_uldivmod</name>
         <value>0x5725</value>
         <object_component_ref idref="oc-250"/>
      </symbol>
      <symbol id="sm-465">
         <name>__aeabi_memcpy</name>
         <value>0x5509</value>
         <object_component_ref idref="oc-69"/>
      </symbol>
      <symbol id="sm-466">
         <name>__aeabi_memcpy4</name>
         <value>0x5509</value>
         <object_component_ref idref="oc-69"/>
      </symbol>
      <symbol id="sm-467">
         <name>__aeabi_memcpy8</name>
         <value>0x5509</value>
         <object_component_ref idref="oc-69"/>
      </symbol>
      <symbol id="sm-46d">
         <name>__aeabi_memset</name>
         <value>0x5655</value>
         <object_component_ref idref="oc-93"/>
      </symbol>
      <symbol id="sm-46e">
         <name>__aeabi_memset4</name>
         <value>0x5655</value>
         <object_component_ref idref="oc-93"/>
      </symbol>
      <symbol id="sm-46f">
         <name>__aeabi_memset8</name>
         <value>0x5655</value>
         <object_component_ref idref="oc-93"/>
      </symbol>
      <symbol id="sm-470">
         <name>__aeabi_memclr</name>
         <value>0x5663</value>
         <object_component_ref idref="oc-93"/>
      </symbol>
      <symbol id="sm-471">
         <name>__aeabi_memclr4</name>
         <value>0x5663</value>
         <object_component_ref idref="oc-93"/>
      </symbol>
      <symbol id="sm-472">
         <name>__aeabi_memclr8</name>
         <value>0x5663</value>
         <object_component_ref idref="oc-93"/>
      </symbol>
      <symbol id="sm-478">
         <name>__udivmoddi4</name>
         <value>0x3949</value>
         <object_component_ref idref="oc-275"/>
      </symbol>
      <symbol id="sm-47e">
         <name>__muldsi3</name>
         <value>0x4f25</value>
         <object_component_ref idref="oc-270"/>
      </symbol>
      <symbol id="sm-484">
         <name>__aeabi_llsl</name>
         <value>0x5619</value>
         <object_component_ref idref="oc-2a2"/>
      </symbol>
      <symbol id="sm-485">
         <name>__ashldi3</name>
         <value>0x5619</value>
         <object_component_ref idref="oc-2a2"/>
      </symbol>
      <symbol id="sm-491">
         <name>__aeabi_idiv0</name>
         <value>0x3cf3</value>
         <object_component_ref idref="oc-1c2"/>
      </symbol>
      <symbol id="sm-492">
         <name>__aeabi_ldiv0</name>
         <value>0x446b</value>
         <object_component_ref idref="oc-2a1"/>
      </symbol>
      <symbol id="sm-4ae">
         <name>memcpy</name>
         <value>0x3b2d</value>
         <object_component_ref idref="oc-b2"/>
      </symbol>
      <symbol id="sm-4bd">
         <name>memset</name>
         <value>0x4681</value>
         <object_component_ref idref="oc-e9"/>
      </symbol>
      <symbol id="sm-4be">
         <name>__TI_static_base__</name>
         <value>0x0</value>
      </symbol>
      <symbol id="sm-4c1">
         <name>__mpu_init</name>
         <value>0x0</value>
      </symbol>
      <symbol id="sm-4c2">
         <name>_system_post_cinit</name>
         <value>0x0</value>
      </symbol>
   </symbol_table>
   <title>Link successful</title>
</link_info>
