<?xml version="1.0" encoding="ISO-8859-1" ?>
<link_info>
   <banner>TI ARM Clang Linker Unix v5.1.1.LTS</banner>
   <copyright>Copyright (c) 1996-2018 Texas Instruments Incorporated</copyright>
   <command_line>/home/jim/ti/ccs2101/ccs/tools/compiler/ti-cgt-armllvm_5.1.1.LTS/bin/tiarmlnk -I/home/jim/ti/ccs2101/ccs/tools/compiler/ti-cgt-armllvm_5.1.1.LTS/lib -o MSPM0_DC_Board.out --cg_opt_level=2 -mMSPM0_DC_Board.map -i/home/jim/workspace_ccstheia/freertos_builds_LP_MSPM0G3519_release_ticlang/Debug -i/home/jim/ti/mspm0_sdk_2_11_00_07/source -i/home/jim/workspace_ccstheia/MSPM0_DC_Board -i/home/jim/ti/ccs2101/ccs/tools/compiler/ti-cgt-armllvm_5.1.1.LTS/lib --diag_wrap=off --display_error_number --warn_sections --xml_link_info=MSPM0_DC_Board_linkInfo.xml --rom_model ./ad5672r.o ./app_tasks.o ./feedback_adc.o ./main.o ./main_freertos.o ./terminal.o ./ti_drivers_config.o ./ti_msp_dl_config.o ./freertos/ticlang/startup_mspm0g351x_ticlang.o ../mspm0g3519.cmd -l/home/jim/ti/mspm0_sdk_2_11_00_07/source/ti/drivers/lib/ticlang/m0p/drivers_mspm0g151x_g351x.a -lfreertos_builds_LP_MSPM0G3519_release_ticlang.lib -l/home/jim/ti/mspm0_sdk_2_11_00_07/source/ti/driverlib/lib/ticlang/m0p/mspm0gx51x/driverlib.a -llibc.a --start-group -llibc++.a -llibc++abi.a -llibc.a -llibsys.a -llibsysbm.a -llibclang_rt.builtins.a -llibclang_rt.profile.a --end-group</command_line>
   <link_time>0x6aa2e19f</link_time>
   <link_errors>0x0</link_errors>
   <output_file>/home/jim/workspace_ccstheia/MSPM0_DC_Board/Debug/MSPM0_DC_Board.out</output_file>
   <entry_point>
      <name>_c_int00_noargs</name>
      <address>0x4da5</address>
   </entry_point>
   <input_file_list>
      <input_file id="fl-1">
         <path>/home/jim/workspace_ccstheia/MSPM0_DC_Board/Debug/./</path>
         <kind>object</kind>
         <file>ad5672r.o</file>
         <name>ad5672r.o</name>
      </input_file>
      <input_file id="fl-2">
         <path>/home/jim/workspace_ccstheia/MSPM0_DC_Board/Debug/./</path>
         <kind>object</kind>
         <file>app_tasks.o</file>
         <name>app_tasks.o</name>
      </input_file>
      <input_file id="fl-3">
         <path>/home/jim/workspace_ccstheia/MSPM0_DC_Board/Debug/./</path>
         <kind>object</kind>
         <file>feedback_adc.o</file>
         <name>feedback_adc.o</name>
      </input_file>
      <input_file id="fl-4">
         <path>/home/jim/workspace_ccstheia/MSPM0_DC_Board/Debug/./</path>
         <kind>object</kind>
         <file>main.o</file>
         <name>main.o</name>
      </input_file>
      <input_file id="fl-5">
         <path>/home/jim/workspace_ccstheia/MSPM0_DC_Board/Debug/./</path>
         <kind>object</kind>
         <file>main_freertos.o</file>
         <name>main_freertos.o</name>
      </input_file>
      <input_file id="fl-6">
         <path>/home/jim/workspace_ccstheia/MSPM0_DC_Board/Debug/./</path>
         <kind>object</kind>
         <file>terminal.o</file>
         <name>terminal.o</name>
      </input_file>
      <input_file id="fl-7">
         <path>/home/jim/workspace_ccstheia/MSPM0_DC_Board/Debug/./</path>
         <kind>object</kind>
         <file>ti_drivers_config.o</file>
         <name>ti_drivers_config.o</name>
      </input_file>
      <input_file id="fl-8">
         <path>/home/jim/workspace_ccstheia/MSPM0_DC_Board/Debug/./</path>
         <kind>object</kind>
         <file>ti_msp_dl_config.o</file>
         <name>ti_msp_dl_config.o</name>
      </input_file>
      <input_file id="fl-9">
         <path>/home/jim/workspace_ccstheia/MSPM0_DC_Board/Debug/./freertos/ticlang/</path>
         <kind>object</kind>
         <file>startup_mspm0g351x_ticlang.o</file>
         <name>startup_mspm0g351x_ticlang.o</name>
      </input_file>
      <input_file id="fl-17">
         <path>/home/jim/workspace_ccstheia/MSPM0_DC_Board/Debug/</path>
         <kind>object</kind>
         <file>&lt;internal&gt;</file>
         <name>&lt;internal&gt;</name>
      </input_file>
      <input_file id="fl-18">
         <path>/home/jim/workspace_ccstheia/freertos_builds_LP_MSPM0G3519_release_ticlang/Debug/</path>
         <kind>archive</kind>
         <file>freertos_builds_LP_MSPM0G3519_release_ticlang.lib</file>
         <name>queue.o</name>
      </input_file>
      <input_file id="fl-19">
         <path>/home/jim/workspace_ccstheia/freertos_builds_LP_MSPM0G3519_release_ticlang/Debug/</path>
         <kind>archive</kind>
         <file>freertos_builds_LP_MSPM0G3519_release_ticlang.lib</file>
         <name>tasks.o</name>
      </input_file>
      <input_file id="fl-1a">
         <path>/home/jim/workspace_ccstheia/freertos_builds_LP_MSPM0G3519_release_ticlang/Debug/</path>
         <kind>archive</kind>
         <file>freertos_builds_LP_MSPM0G3519_release_ticlang.lib</file>
         <name>timers.o</name>
      </input_file>
      <input_file id="fl-1b">
         <path>/home/jim/workspace_ccstheia/freertos_builds_LP_MSPM0G3519_release_ticlang/Debug/</path>
         <kind>archive</kind>
         <file>freertos_builds_LP_MSPM0G3519_release_ticlang.lib</file>
         <name>port.o</name>
      </input_file>
      <input_file id="fl-1c">
         <path>/home/jim/workspace_ccstheia/freertos_builds_LP_MSPM0G3519_release_ticlang/Debug/</path>
         <kind>archive</kind>
         <file>freertos_builds_LP_MSPM0G3519_release_ticlang.lib</file>
         <name>portasm.o</name>
      </input_file>
      <input_file id="fl-1d">
         <path>/home/jim/workspace_ccstheia/freertos_builds_LP_MSPM0G3519_release_ticlang/Debug/</path>
         <kind>archive</kind>
         <file>freertos_builds_LP_MSPM0G3519_release_ticlang.lib</file>
         <name>PTLS.o</name>
      </input_file>
      <input_file id="fl-1e">
         <path>/home/jim/workspace_ccstheia/freertos_builds_LP_MSPM0G3519_release_ticlang/Debug/</path>
         <kind>archive</kind>
         <file>freertos_builds_LP_MSPM0G3519_release_ticlang.lib</file>
         <name>StaticAllocs_freertos.o</name>
      </input_file>
      <input_file id="fl-1f">
         <path>/home/jim/workspace_ccstheia/freertos_builds_LP_MSPM0G3519_release_ticlang/Debug/</path>
         <kind>archive</kind>
         <file>freertos_builds_LP_MSPM0G3519_release_ticlang.lib</file>
         <name>heap_4.o</name>
      </input_file>
      <input_file id="fl-20">
         <path>/home/jim/workspace_ccstheia/freertos_builds_LP_MSPM0G3519_release_ticlang/Debug/</path>
         <kind>archive</kind>
         <file>freertos_builds_LP_MSPM0G3519_release_ticlang.lib</file>
         <name>list.o</name>
      </input_file>
      <input_file id="fl-21">
         <path>/home/jim/ti/mspm0_sdk_2_11_00_07/source/ti/driverlib/lib/ticlang/m0p/mspm0gx51x/</path>
         <kind>archive</kind>
         <file>driverlib.a</file>
         <name>dl_adc12.o</name>
      </input_file>
      <input_file id="fl-22">
         <path>/home/jim/ti/mspm0_sdk_2_11_00_07/source/ti/driverlib/lib/ticlang/m0p/mspm0gx51x/</path>
         <kind>archive</kind>
         <file>driverlib.a</file>
         <name>dl_common.o</name>
      </input_file>
      <input_file id="fl-23">
         <path>/home/jim/ti/mspm0_sdk_2_11_00_07/source/ti/driverlib/lib/ticlang/m0p/mspm0gx51x/</path>
         <kind>archive</kind>
         <file>driverlib.a</file>
         <name>dl_spi.o</name>
      </input_file>
      <input_file id="fl-24">
         <path>/home/jim/ti/mspm0_sdk_2_11_00_07/source/ti/driverlib/lib/ticlang/m0p/mspm0gx51x/</path>
         <kind>archive</kind>
         <file>driverlib.a</file>
         <name>dl_uart.o</name>
      </input_file>
      <input_file id="fl-25">
         <path>/home/jim/ti/mspm0_sdk_2_11_00_07/source/ti/driverlib/lib/ticlang/m0p/mspm0gx51x/</path>
         <kind>archive</kind>
         <file>driverlib.a</file>
         <name>dl_sysctl_mspm0gx51x.o</name>
      </input_file>
      <input_file id="fl-26">
         <path>/home/jim/ti/mspm0_sdk_2_11_00_07/source/ti/driverlib/lib/ticlang/m0p/mspm0gx51x/</path>
         <kind>archive</kind>
         <file>driverlib.a</file>
         <name>dl_factoryregion.o</name>
      </input_file>
      <input_file id="fl-43">
         <path>/home/jim/ti/ccs2101/ccs/tools/compiler/ti-cgt-armllvm_5.1.1.LTS/lib/armv6m-ti-none-eabi/c/</path>
         <kind>archive</kind>
         <file>libc.a</file>
         <name>snprintf.c.obj</name>
      </input_file>
      <input_file id="fl-44">
         <path>/home/jim/ti/ccs2101/ccs/tools/compiler/ti-cgt-armllvm_5.1.1.LTS/lib/armv6m-ti-none-eabi/c/</path>
         <kind>archive</kind>
         <file>libc.a</file>
         <name>copy_zero_init.c.obj</name>
      </input_file>
      <input_file id="fl-45">
         <path>/home/jim/ti/ccs2101/ccs/tools/compiler/ti-cgt-armllvm_5.1.1.LTS/lib/armv6m-ti-none-eabi/c/</path>
         <kind>archive</kind>
         <file>libc.a</file>
         <name>copy_decompress_none.c.obj</name>
      </input_file>
      <input_file id="fl-46">
         <path>/home/jim/ti/ccs2101/ccs/tools/compiler/ti-cgt-armllvm_5.1.1.LTS/lib/armv6m-ti-none-eabi/c/</path>
         <kind>archive</kind>
         <file>libc.a</file>
         <name>copy_decompress_lzss.c.obj</name>
      </input_file>
      <input_file id="fl-47">
         <path>/home/jim/ti/ccs2101/ccs/tools/compiler/ti-cgt-armllvm_5.1.1.LTS/lib/armv6m-ti-none-eabi/c/</path>
         <kind>archive</kind>
         <file>libc.a</file>
         <name>boot_cortex_m.c.obj</name>
      </input_file>
      <input_file id="fl-48">
         <path>/home/jim/ti/ccs2101/ccs/tools/compiler/ti-cgt-armllvm_5.1.1.LTS/lib/armv6m-ti-none-eabi/c/</path>
         <kind>archive</kind>
         <file>libc.a</file>
         <name>mathacl_init.c.obj</name>
      </input_file>
      <input_file id="fl-49">
         <path>/home/jim/ti/ccs2101/ccs/tools/compiler/ti-cgt-armllvm_5.1.1.LTS/lib/armv6m-ti-none-eabi/c/</path>
         <kind>archive</kind>
         <file>libc.a</file>
         <name>_printfi.c.obj</name>
      </input_file>
      <input_file id="fl-4a">
         <path>/home/jim/ti/ccs2101/ccs/tools/compiler/ti-cgt-armllvm_5.1.1.LTS/lib/armv6m-ti-none-eabi/c/</path>
         <kind>archive</kind>
         <file>libc.a</file>
         <name>aeabi_portable.c.obj</name>
      </input_file>
      <input_file id="fl-4b">
         <path>/home/jim/ti/ccs2101/ccs/tools/compiler/ti-cgt-armllvm_5.1.1.LTS/lib/armv6m-ti-none-eabi/c/</path>
         <kind>archive</kind>
         <file>libc.a</file>
         <name>exit.c.obj</name>
      </input_file>
      <input_file id="fl-4c">
         <path>/home/jim/ti/ccs2101/ccs/tools/compiler/ti-cgt-armllvm_5.1.1.LTS/lib/armv6m-ti-none-eabi/c/</path>
         <kind>archive</kind>
         <file>libc.a</file>
         <name>_lock.c.obj</name>
      </input_file>
      <input_file id="fl-4d">
         <path>/home/jim/ti/ccs2101/ccs/tools/compiler/ti-cgt-armllvm_5.1.1.LTS/lib/armv6m-ti-none-eabi/c/</path>
         <kind>archive</kind>
         <file>libc.a</file>
         <name>_ltoa.c.obj</name>
      </input_file>
      <input_file id="fl-4e">
         <path>/home/jim/ti/ccs2101/ccs/tools/compiler/ti-cgt-armllvm_5.1.1.LTS/lib/armv6m-ti-none-eabi/c/</path>
         <kind>archive</kind>
         <file>libc.a</file>
         <name>args_main.c.obj</name>
      </input_file>
      <input_file id="fl-4f">
         <path>/home/jim/ti/ccs2101/ccs/tools/compiler/ti-cgt-armllvm_5.1.1.LTS/lib/armv6m-ti-none-eabi/c/</path>
         <kind>archive</kind>
         <file>libc.a</file>
         <name>assert.c.obj</name>
      </input_file>
      <input_file id="fl-50">
         <path>/home/jim/ti/ccs2101/ccs/tools/compiler/ti-cgt-armllvm_5.1.1.LTS/lib/armv6m-ti-none-eabi/c/</path>
         <kind>archive</kind>
         <file>libc.a</file>
         <name>atoi.c.obj</name>
      </input_file>
      <input_file id="fl-51">
         <path>/home/jim/ti/ccs2101/ccs/tools/compiler/ti-cgt-armllvm_5.1.1.LTS/lib/armv6m-ti-none-eabi/c/</path>
         <kind>archive</kind>
         <file>libc.a</file>
         <name>defs.c.obj</name>
      </input_file>
      <input_file id="fl-52">
         <path>/home/jim/ti/ccs2101/ccs/tools/compiler/ti-cgt-armllvm_5.1.1.LTS/lib/armv6m-ti-none-eabi/c/</path>
         <kind>archive</kind>
         <file>libc.a</file>
         <name>memccpy.c.obj</name>
      </input_file>
      <input_file id="fl-53">
         <path>/home/jim/ti/ccs2101/ccs/tools/compiler/ti-cgt-armllvm_5.1.1.LTS/lib/armv6m-ti-none-eabi/c/</path>
         <kind>archive</kind>
         <file>libc.a</file>
         <name>memory.c.obj</name>
      </input_file>
      <input_file id="fl-54">
         <path>/home/jim/ti/ccs2101/ccs/tools/compiler/ti-cgt-armllvm_5.1.1.LTS/lib/armv6m-ti-none-eabi/c/</path>
         <kind>archive</kind>
         <file>libc.a</file>
         <name>autoinit.c.obj</name>
      </input_file>
      <input_file id="fl-55">
         <path>/home/jim/ti/ccs2101/ccs/tools/compiler/ti-cgt-armllvm_5.1.1.LTS/lib/armv6m-ti-none-eabi/c/</path>
         <kind>archive</kind>
         <file>libc.a</file>
         <name>pre_init.c.obj</name>
      </input_file>
      <input_file id="fl-56">
         <path>/home/jim/ti/ccs2101/ccs/tools/compiler/ti-cgt-armllvm_5.1.1.LTS/lib/armv6m-ti-none-eabi/c/</path>
         <kind>archive</kind>
         <file>libc.a</file>
         <name>cpy_tbl.c.obj</name>
      </input_file>
      <input_file id="fl-57">
         <path>/home/jim/ti/ccs2101/ccs/tools/compiler/ti-cgt-armllvm_5.1.1.LTS/lib/armv6m-ti-none-eabi/c/</path>
         <kind>archive</kind>
         <file>libc.a</file>
         <name>s_frexp.c.obj</name>
      </input_file>
      <input_file id="fl-58">
         <path>/home/jim/ti/ccs2101/ccs/tools/compiler/ti-cgt-armllvm_5.1.1.LTS/lib/armv6m-ti-none-eabi/c/</path>
         <kind>archive</kind>
         <file>libc.a</file>
         <name>s_scalbn.c.obj</name>
      </input_file>
      <input_file id="fl-59">
         <path>/home/jim/ti/ccs2101/ccs/tools/compiler/ti-cgt-armllvm_5.1.1.LTS/lib/armv6m-ti-none-eabi/c/</path>
         <kind>archive</kind>
         <file>libc.a</file>
         <name>wcslen.c.obj</name>
      </input_file>
      <input_file id="fl-5a">
         <path>/home/jim/ti/ccs2101/ccs/tools/compiler/ti-cgt-armllvm_5.1.1.LTS/lib/armv6m-ti-none-eabi/c/</path>
         <kind>archive</kind>
         <file>libc.a</file>
         <name>sprintf.c.obj</name>
      </input_file>
      <input_file id="fl-5b">
         <path>/home/jim/ti/ccs2101/ccs/tools/compiler/ti-cgt-armllvm_5.1.1.LTS/lib/armv6m-ti-none-eabi/c/</path>
         <kind>archive</kind>
         <file>libc.a</file>
         <name>fflush.c.obj</name>
      </input_file>
      <input_file id="fl-5c">
         <path>/home/jim/ti/ccs2101/ccs/tools/compiler/ti-cgt-armllvm_5.1.1.LTS/lib/armv6m-ti-none-eabi/c/</path>
         <kind>archive</kind>
         <file>libc.a</file>
         <name>fputs.c.obj</name>
      </input_file>
      <input_file id="fl-5d">
         <path>/home/jim/ti/ccs2101/ccs/tools/compiler/ti-cgt-armllvm_5.1.1.LTS/lib/armv6m-ti-none-eabi/c/</path>
         <kind>archive</kind>
         <file>libc.a</file>
         <name>_io_perm.c.obj</name>
      </input_file>
      <input_file id="fl-5e">
         <path>/home/jim/ti/ccs2101/ccs/tools/compiler/ti-cgt-armllvm_5.1.1.LTS/lib/armv6m-ti-none-eabi/c/</path>
         <kind>archive</kind>
         <file>libc.a</file>
         <name>setvbuf.c.obj</name>
      </input_file>
      <input_file id="fl-5f">
         <path>/home/jim/ti/ccs2101/ccs/tools/compiler/ti-cgt-armllvm_5.1.1.LTS/lib/armv6m-ti-none-eabi/c/</path>
         <kind>archive</kind>
         <file>libc.a</file>
         <name>aeabi_ctype.S.obj</name>
      </input_file>
      <input_file id="fl-60">
         <path>/home/jim/ti/ccs2101/ccs/tools/compiler/ti-cgt-armllvm_5.1.1.LTS/lib/armv6m-ti-none-eabi/c/</path>
         <kind>archive</kind>
         <file>libc.a</file>
         <name>fopen.c.obj</name>
      </input_file>
      <input_file id="fl-61">
         <path>/home/jim/ti/ccs2101/ccs/tools/compiler/ti-cgt-armllvm_5.1.1.LTS/lib/armv6m-ti-none-eabi/c/</path>
         <kind>archive</kind>
         <file>libc.a</file>
         <name>fseek.c.obj</name>
      </input_file>
      <input_file id="fl-62">
         <path>/home/jim/ti/ccs2101/ccs/tools/compiler/ti-cgt-armllvm_5.1.1.LTS/lib/armv6m-ti-none-eabi/c/</path>
         <kind>archive</kind>
         <file>libc.a</file>
         <name>fclose.c.obj</name>
      </input_file>
      <input_file id="fl-156">
         <path>/home/jim/ti/ccs2101/ccs/tools/compiler/ti-cgt-armllvm_5.1.1.LTS/lib/armv6m-ti-none-eabi/c/</path>
         <kind>archive</kind>
         <file>libsysbm.a</file>
         <name>hostexit.c.obj</name>
      </input_file>
      <input_file id="fl-157">
         <path>/home/jim/ti/ccs2101/ccs/tools/compiler/ti-cgt-armllvm_5.1.1.LTS/lib/armv6m-ti-none-eabi/c/</path>
         <kind>archive</kind>
         <file>libsysbm.a</file>
         <name>write.c.obj</name>
      </input_file>
      <input_file id="fl-158">
         <path>/home/jim/ti/ccs2101/ccs/tools/compiler/ti-cgt-armllvm_5.1.1.LTS/lib/armv6m-ti-none-eabi/c/</path>
         <kind>archive</kind>
         <file>libsysbm.a</file>
         <name>host_device.c.obj</name>
      </input_file>
      <input_file id="fl-159">
         <path>/home/jim/ti/ccs2101/ccs/tools/compiler/ti-cgt-armllvm_5.1.1.LTS/lib/armv6m-ti-none-eabi/c/</path>
         <kind>archive</kind>
         <file>libsysbm.a</file>
         <name>remove.c.obj</name>
      </input_file>
      <input_file id="fl-15a">
         <path>/home/jim/ti/ccs2101/ccs/tools/compiler/ti-cgt-armllvm_5.1.1.LTS/lib/armv6m-ti-none-eabi/c/</path>
         <kind>archive</kind>
         <file>libsysbm.a</file>
         <name>open.c.obj</name>
      </input_file>
      <input_file id="fl-15b">
         <path>/home/jim/ti/ccs2101/ccs/tools/compiler/ti-cgt-armllvm_5.1.1.LTS/lib/armv6m-ti-none-eabi/c/</path>
         <kind>archive</kind>
         <file>libsysbm.a</file>
         <name>lseek.c.obj</name>
      </input_file>
      <input_file id="fl-15c">
         <path>/home/jim/ti/ccs2101/ccs/tools/compiler/ti-cgt-armllvm_5.1.1.LTS/lib/armv6m-ti-none-eabi/c/</path>
         <kind>archive</kind>
         <file>libsysbm.a</file>
         <name>close.c.obj</name>
      </input_file>
      <input_file id="fl-15d">
         <path>/home/jim/ti/ccs2101/ccs/tools/compiler/ti-cgt-armllvm_5.1.1.LTS/lib/armv6m-ti-none-eabi/c/</path>
         <kind>archive</kind>
         <file>libsysbm.a</file>
         <name>unlink.c.obj</name>
      </input_file>
      <input_file id="fl-15e">
         <path>/home/jim/ti/ccs2101/ccs/tools/compiler/ti-cgt-armllvm_5.1.1.LTS/lib/armv6m-ti-none-eabi/c/</path>
         <kind>archive</kind>
         <file>libsysbm.a</file>
         <name>hostclose.c.obj</name>
      </input_file>
      <input_file id="fl-15f">
         <path>/home/jim/ti/ccs2101/ccs/tools/compiler/ti-cgt-armllvm_5.1.1.LTS/lib/armv6m-ti-none-eabi/c/</path>
         <kind>archive</kind>
         <file>libsysbm.a</file>
         <name>hostlseek.c.obj</name>
      </input_file>
      <input_file id="fl-160">
         <path>/home/jim/ti/ccs2101/ccs/tools/compiler/ti-cgt-armllvm_5.1.1.LTS/lib/armv6m-ti-none-eabi/c/</path>
         <kind>archive</kind>
         <file>libsysbm.a</file>
         <name>hostopen.c.obj</name>
      </input_file>
      <input_file id="fl-161">
         <path>/home/jim/ti/ccs2101/ccs/tools/compiler/ti-cgt-armllvm_5.1.1.LTS/lib/armv6m-ti-none-eabi/c/</path>
         <kind>archive</kind>
         <file>libsysbm.a</file>
         <name>hostread.c.obj</name>
      </input_file>
      <input_file id="fl-162">
         <path>/home/jim/ti/ccs2101/ccs/tools/compiler/ti-cgt-armllvm_5.1.1.LTS/lib/armv6m-ti-none-eabi/c/</path>
         <kind>archive</kind>
         <file>libsysbm.a</file>
         <name>hostrename.c.obj</name>
      </input_file>
      <input_file id="fl-163">
         <path>/home/jim/ti/ccs2101/ccs/tools/compiler/ti-cgt-armllvm_5.1.1.LTS/lib/armv6m-ti-none-eabi/c/</path>
         <kind>archive</kind>
         <file>libsysbm.a</file>
         <name>hostunlink.c.obj</name>
      </input_file>
      <input_file id="fl-164">
         <path>/home/jim/ti/ccs2101/ccs/tools/compiler/ti-cgt-armllvm_5.1.1.LTS/lib/armv6m-ti-none-eabi/c/</path>
         <kind>archive</kind>
         <file>libsysbm.a</file>
         <name>hostwrite.c.obj</name>
      </input_file>
      <input_file id="fl-165">
         <path>/home/jim/ti/ccs2101/ccs/tools/compiler/ti-cgt-armllvm_5.1.1.LTS/lib/armv6m-ti-none-eabi/c/</path>
         <kind>archive</kind>
         <file>libsysbm.a</file>
         <name>trgmsg.c.obj</name>
      </input_file>
      <input_file id="fl-166">
         <path>/home/jim/ti/ccs2101/ccs/tools/compiler/ti-cgt-armllvm_5.1.1.LTS/lib/armv6m-ti-none-eabi/</path>
         <kind>archive</kind>
         <file>libclang_rt.builtins.a</file>
         <name>adddf3.S.obj</name>
      </input_file>
      <input_file id="fl-167">
         <path>/home/jim/ti/ccs2101/ccs/tools/compiler/ti-cgt-armllvm_5.1.1.LTS/lib/armv6m-ti-none-eabi/</path>
         <kind>archive</kind>
         <file>libclang_rt.builtins.a</file>
         <name>fixdfsi.S.obj</name>
      </input_file>
      <input_file id="fl-168">
         <path>/home/jim/ti/ccs2101/ccs/tools/compiler/ti-cgt-armllvm_5.1.1.LTS/lib/armv6m-ti-none-eabi/</path>
         <kind>archive</kind>
         <file>libclang_rt.builtins.a</file>
         <name>floatsidf.S.obj</name>
      </input_file>
      <input_file id="fl-169">
         <path>/home/jim/ti/ccs2101/ccs/tools/compiler/ti-cgt-armllvm_5.1.1.LTS/lib/armv6m-ti-none-eabi/</path>
         <kind>archive</kind>
         <file>libclang_rt.builtins.a</file>
         <name>muldi3.S.obj</name>
      </input_file>
      <input_file id="fl-16a">
         <path>/home/jim/ti/ccs2101/ccs/tools/compiler/ti-cgt-armllvm_5.1.1.LTS/lib/armv6m-ti-none-eabi/</path>
         <kind>archive</kind>
         <file>libclang_rt.builtins.a</file>
         <name>comparedf2.c.obj</name>
      </input_file>
      <input_file id="fl-16b">
         <path>/home/jim/ti/ccs2101/ccs/tools/compiler/ti-cgt-armllvm_5.1.1.LTS/lib/armv6m-ti-none-eabi/</path>
         <kind>archive</kind>
         <file>libclang_rt.builtins.a</file>
         <name>aeabi_dcmp.S.obj</name>
      </input_file>
      <input_file id="fl-16c">
         <path>/home/jim/ti/ccs2101/ccs/tools/compiler/ti-cgt-armllvm_5.1.1.LTS/lib/armv6m-ti-none-eabi/</path>
         <kind>archive</kind>
         <file>libclang_rt.builtins.a</file>
         <name>aeabi_ddiv.c.obj</name>
      </input_file>
      <input_file id="fl-16d">
         <path>/home/jim/ti/ccs2101/ccs/tools/compiler/ti-cgt-armllvm_5.1.1.LTS/lib/armv6m-ti-none-eabi/</path>
         <kind>archive</kind>
         <file>libclang_rt.builtins.a</file>
         <name>aeabi_dmul.c.obj</name>
      </input_file>
      <input_file id="fl-16e">
         <path>/home/jim/ti/ccs2101/ccs/tools/compiler/ti-cgt-armllvm_5.1.1.LTS/lib/armv6m-ti-none-eabi/</path>
         <kind>archive</kind>
         <file>libclang_rt.builtins.a</file>
         <name>aeabi_idivmod.S.obj</name>
      </input_file>
      <input_file id="fl-16f">
         <path>/home/jim/ti/ccs2101/ccs/tools/compiler/ti-cgt-armllvm_5.1.1.LTS/lib/armv6m-ti-none-eabi/</path>
         <kind>archive</kind>
         <file>libclang_rt.builtins.a</file>
         <name>aeabi_uidivmod.S.obj</name>
      </input_file>
      <input_file id="fl-170">
         <path>/home/jim/ti/ccs2101/ccs/tools/compiler/ti-cgt-armllvm_5.1.1.LTS/lib/armv6m-ti-none-eabi/</path>
         <kind>archive</kind>
         <file>libclang_rt.builtins.a</file>
         <name>aeabi_uldivmod.S.obj</name>
      </input_file>
      <input_file id="fl-171">
         <path>/home/jim/ti/ccs2101/ccs/tools/compiler/ti-cgt-armllvm_5.1.1.LTS/lib/armv6m-ti-none-eabi/</path>
         <kind>archive</kind>
         <file>libclang_rt.builtins.a</file>
         <name>aeabi_memcpy.S.obj</name>
      </input_file>
      <input_file id="fl-172">
         <path>/home/jim/ti/ccs2101/ccs/tools/compiler/ti-cgt-armllvm_5.1.1.LTS/lib/armv6m-ti-none-eabi/</path>
         <kind>archive</kind>
         <file>libclang_rt.builtins.a</file>
         <name>aeabi_memset.S.obj</name>
      </input_file>
      <input_file id="fl-173">
         <path>/home/jim/ti/ccs2101/ccs/tools/compiler/ti-cgt-armllvm_5.1.1.LTS/lib/armv6m-ti-none-eabi/</path>
         <kind>archive</kind>
         <file>libclang_rt.builtins.a</file>
         <name>udivmoddi4.S.obj</name>
      </input_file>
      <input_file id="fl-174">
         <path>/home/jim/ti/ccs2101/ccs/tools/compiler/ti-cgt-armllvm_5.1.1.LTS/lib/armv6m-ti-none-eabi/</path>
         <kind>archive</kind>
         <file>libclang_rt.builtins.a</file>
         <name>muldf3.S.obj</name>
      </input_file>
      <input_file id="fl-175">
         <path>/home/jim/ti/ccs2101/ccs/tools/compiler/ti-cgt-armllvm_5.1.1.LTS/lib/armv6m-ti-none-eabi/</path>
         <kind>archive</kind>
         <file>libclang_rt.builtins.a</file>
         <name>muldsi3.S.obj</name>
      </input_file>
      <input_file id="fl-176">
         <path>/home/jim/ti/ccs2101/ccs/tools/compiler/ti-cgt-armllvm_5.1.1.LTS/lib/armv6m-ti-none-eabi/</path>
         <kind>archive</kind>
         <file>libclang_rt.builtins.a</file>
         <name>ashldi3.S.obj</name>
      </input_file>
      <input_file id="fl-177">
         <path>/home/jim/ti/ccs2101/ccs/tools/compiler/ti-cgt-armllvm_5.1.1.LTS/lib/armv6m-ti-none-eabi/</path>
         <kind>archive</kind>
         <file>libclang_rt.builtins.a</file>
         <name>divdf3.S.obj</name>
      </input_file>
      <input_file id="fl-178">
         <path>/home/jim/ti/ccs2101/ccs/tools/compiler/ti-cgt-armllvm_5.1.1.LTS/lib/armv6m-ti-none-eabi/</path>
         <kind>archive</kind>
         <file>libclang_rt.builtins.a</file>
         <name>aeabi_div0.c.obj</name>
      </input_file>
      <input_file id="fl-179">
         <path>/home/jim/ti/ccs2101/ccs/tools/compiler/ti-cgt-armllvm_5.1.1.LTS/lib/armv6m-ti-none-eabi/c/</path>
         <kind>archive</kind>
         <file>libc.a</file>
         <name>divdf3_fast.c.obj</name>
      </input_file>
      <input_file id="fl-17a">
         <path>/home/jim/ti/ccs2101/ccs/tools/compiler/ti-cgt-armllvm_5.1.1.LTS/lib/armv6m-ti-none-eabi/c/</path>
         <kind>archive</kind>
         <file>libc.a</file>
         <name>muldf3_fast.c.obj</name>
      </input_file>
      <input_file id="fl-17b">
         <path>/home/jim/ti/ccs2101/ccs/tools/compiler/ti-cgt-armllvm_5.1.1.LTS/lib/armv6m-ti-none-eabi/c/</path>
         <kind>archive</kind>
         <file>libc.a</file>
         <name>getdevice.c.obj</name>
      </input_file>
      <input_file id="fl-17c">
         <path>/home/jim/ti/ccs2101/ccs/tools/compiler/ti-cgt-armllvm_5.1.1.LTS/lib/armv6m-ti-none-eabi/c/</path>
         <kind>archive</kind>
         <file>libc.a</file>
         <name>memcpy16.S.obj</name>
      </input_file>
      <input_file id="fl-17d">
         <path>/home/jim/ti/ccs2101/ccs/tools/compiler/ti-cgt-armllvm_5.1.1.LTS/lib/armv6m-ti-none-eabi/c/</path>
         <kind>archive</kind>
         <file>libc.a</file>
         <name>memset16.S.obj</name>
      </input_file>
      <input_file id="fl-17e">
         <path>/home/jim/ti/ccs2101/ccs/tools/compiler/ti-cgt-armllvm_5.1.1.LTS/lib/armv6m-ti-none-eabi/c/</path>
         <kind>archive</kind>
         <file>libc.a</file>
         <name>strcmp-armv6m.S.obj</name>
      </input_file>
   </input_file_list>
   <object_component_list>
      <object_component id="oc-1a">
         <name>.intvecs</name>
         <load_address>0x0</load_address>
         <readonly>true</readonly>
         <run_address>0x0</run_address>
         <size>0xc0</size>
         <alignment>0x4</alignment>
         <input_file_ref idref="fl-9"/>
      </object_component>
      <object_component id="oc-22b">
         <name>.text:__TI_printfi_nofloat</name>
         <load_address>0xc0</load_address>
         <readonly>true</readonly>
         <executable>true</executable>
         <run_address>0xc0</run_address>
         <size>0x8dc</size>
         <alignment>0x4</alignment>
         <input_file_ref idref="fl-49"/>
      </object_component>
      <object_component id="oc-194">
         <name>.text.writeFrame</name>
         <load_address>0x99c</load_address>
         <readonly>true</readonly>
         <executable>true</executable>
         <run_address>0x99c</run_address>
         <size>0x390</size>
         <alignment>0x4</alignment>
         <input_file_ref idref="fl-1"/>
      </object_component>
      <object_component id="oc-151">
         <name>.text.Terminal_processInput</name>
         <load_address>0xd2c</load_address>
         <readonly>true</readonly>
         <executable>true</executable>
         <run_address>0xd2c</run_address>
         <size>0x2b4</size>
         <alignment>0x4</alignment>
         <input_file_ref idref="fl-6"/>
      </object_component>
      <object_component id="oc-84">
         <name>.text.xTaskIncrementTick</name>
         <load_address>0xfe0</load_address>
         <readonly>true</readonly>
         <executable>true</executable>
         <run_address>0xfe0</run_address>
         <size>0x210</size>
         <alignment>0x4</alignment>
         <input_file_ref idref="fl-19"/>
      </object_component>
      <object_component id="oc-147">
         <name>.text.Terminal_render</name>
         <load_address>0x11f0</load_address>
         <readonly>true</readonly>
         <executable>true</executable>
         <run_address>0x11f0</run_address>
         <size>0x20c</size>
         <alignment>0x4</alignment>
         <input_file_ref idref="fl-6"/>
      </object_component>
      <object_component id="oc-146">
         <name>.text.Terminal_init</name>
         <load_address>0x13fc</load_address>
         <readonly>true</readonly>
         <executable>true</executable>
         <run_address>0x13fc</run_address>
         <size>0x208</size>
         <alignment>0x4</alignment>
         <input_file_ref idref="fl-6"/>
      </object_component>
      <object_component id="oc-1ab">
         <name>.text.xTaskResumeAll</name>
         <load_address>0x1604</load_address>
         <readonly>true</readonly>
         <executable>true</executable>
         <run_address>0x1604</run_address>
         <size>0x1f8</size>
         <alignment>0x4</alignment>
         <input_file_ref idref="fl-19"/>
      </object_component>
      <object_component id="oc-18c">
         <name>.text.xQueueSemaphoreTake</name>
         <load_address>0x17fc</load_address>
         <readonly>true</readonly>
         <executable>true</executable>
         <run_address>0x17fc</run_address>
         <size>0x1de</size>
         <alignment>0x2</alignment>
         <input_file_ref idref="fl-18"/>
      </object_component>
      <object_component id="oc-13a">
         <name>.text.xQueueGenericSend</name>
         <load_address>0x19da</load_address>
         <readonly>true</readonly>
         <executable>true</executable>
         <run_address>0x19da</run_address>
         <size>0x1d2</size>
         <alignment>0x2</alignment>
         <input_file_ref idref="fl-18"/>
      </object_component>
      <object_component id="oc-141">
         <name>.text.xQueueReceive</name>
         <load_address>0x1bac</load_address>
         <readonly>true</readonly>
         <executable>true</executable>
         <run_address>0x1bac</run_address>
         <size>0x1a4</size>
         <alignment>0x2</alignment>
         <input_file_ref idref="fl-18"/>
      </object_component>
      <object_component id="oc-1f4">
         <name>.text.vPortSuppressTicksAndSleep</name>
         <load_address>0x1d50</load_address>
         <readonly>true</readonly>
         <executable>true</executable>
         <run_address>0x1d50</run_address>
         <size>0x1a0</size>
         <alignment>0x4</alignment>
         <input_file_ref idref="fl-1b"/>
      </object_component>
      <object_component id="oc-1a4">
         <name>.text.xTaskRemoveFromEventList</name>
         <load_address>0x1ef0</load_address>
         <readonly>true</readonly>
         <executable>true</executable>
         <run_address>0x1ef0</run_address>
         <size>0x190</size>
         <alignment>0x4</alignment>
         <input_file_ref idref="fl-19"/>
      </object_component>
      <object_component id="oc-200">
         <name>.text.prvProcessReceivedCommands</name>
         <load_address>0x2080</load_address>
         <readonly>true</readonly>
         <executable>true</executable>
         <run_address>0x2080</run_address>
         <size>0x15c</size>
         <alignment>0x4</alignment>
         <input_file_ref idref="fl-1a"/>
      </object_component>
      <object_component id="oc-20e">
         <name>.text.vTaskPriorityDisinheritAfterTimeout</name>
         <load_address>0x21dc</load_address>
         <readonly>true</readonly>
         <executable>true</executable>
         <run_address>0x21dc</run_address>
         <size>0x144</size>
         <alignment>0x4</alignment>
         <input_file_ref idref="fl-19"/>
      </object_component>
      <object_component id="oc-12c">
         <name>.text.prvAddNewTaskToReadyList</name>
         <load_address>0x2320</load_address>
         <readonly>true</readonly>
         <executable>true</executable>
         <run_address>0x2320</run_address>
         <size>0x128</size>
         <alignment>0x4</alignment>
         <input_file_ref idref="fl-19"/>
      </object_component>
      <object_component id="oc-20c">
         <name>.text.xTaskPriorityInherit</name>
         <load_address>0x2448</load_address>
         <readonly>true</readonly>
         <executable>true</executable>
         <run_address>0x2448</run_address>
         <size>0x128</size>
         <alignment>0x4</alignment>
         <input_file_ref idref="fl-19"/>
      </object_component>
      <object_component id="oc-140">
         <name>.text.FeedbackADC_read</name>
         <load_address>0x2570</load_address>
         <readonly>true</readonly>
         <executable>true</executable>
         <run_address>0x2570</run_address>
         <size>0x124</size>
         <alignment>0x4</alignment>
         <input_file_ref idref="fl-3"/>
      </object_component>
      <object_component id="oc-101">
         <name>.text.Terminal_task</name>
         <load_address>0x2694</load_address>
         <readonly>true</readonly>
         <executable>true</executable>
         <run_address>0x2694</run_address>
         <size>0x11c</size>
         <alignment>0x4</alignment>
         <input_file_ref idref="fl-6"/>
      </object_component>
      <object_component id="oc-fa">
         <name>.text.mainThread</name>
         <load_address>0x27b0</load_address>
         <readonly>true</readonly>
         <executable>true</executable>
         <run_address>0x27b0</run_address>
         <size>0x11c</size>
         <alignment>0x4</alignment>
         <input_file_ref idref="fl-4"/>
      </object_component>
      <object_component id="oc-152">
         <name>.text.vTaskDelete</name>
         <load_address>0x28cc</load_address>
         <readonly>true</readonly>
         <executable>true</executable>
         <run_address>0x28cc</run_address>
         <size>0x11c</size>
         <alignment>0x4</alignment>
         <input_file_ref idref="fl-19"/>
      </object_component>
      <object_component id="oc-205">
         <name>.text.pxPortInitialiseStack</name>
         <load_address>0x29e8</load_address>
         <readonly>true</readonly>
         <executable>true</executable>
         <run_address>0x29e8</run_address>
         <size>0x114</size>
         <alignment>0x4</alignment>
         <input_file_ref idref="fl-1b"/>
      </object_component>
      <object_component id="oc-12d">
         <name>.text.AD5672R_init</name>
         <load_address>0x2afc</load_address>
         <readonly>true</readonly>
         <executable>true</executable>
         <run_address>0x2afc</run_address>
         <size>0x110</size>
         <alignment>0x4</alignment>
         <input_file_ref idref="fl-1"/>
      </object_component>
      <object_component id="oc-269">
         <name>.text.prvInsertBlockIntoFreeList</name>
         <load_address>0x2c0c</load_address>
         <readonly>true</readonly>
         <executable>true</executable>
         <run_address>0x2c0c</run_address>
         <size>0x10c</size>
         <alignment>0x4</alignment>
         <input_file_ref idref="fl-1f"/>
      </object_component>
      <object_component id="oc-1e">
         <name>.text.vTaskSwitchContext</name>
         <load_address>0x2d18</load_address>
         <readonly>true</readonly>
         <executable>true</executable>
         <run_address>0x2d18</run_address>
         <size>0x10c</size>
         <alignment>0x4</alignment>
         <input_file_ref idref="fl-19"/>
      </object_component>
      <object_component id="oc-213">
         <name>.text.xTaskPriorityDisinherit</name>
         <load_address>0x2e24</load_address>
         <readonly>true</readonly>
         <executable>true</executable>
         <run_address>0x2e24</run_address>
         <size>0x108</size>
         <alignment>0x4</alignment>
         <input_file_ref idref="fl-19"/>
      </object_component>
      <object_component id="oc-184">
         <name>.text.prvInitialiseNewTask</name>
         <load_address>0x2f2c</load_address>
         <readonly>true</readonly>
         <executable>true</executable>
         <run_address>0x2f2c</run_address>
         <size>0x104</size>
         <alignment>0x2</alignment>
         <input_file_ref idref="fl-19"/>
      </object_component>
      <object_component id="oc-230">
         <name>.text.vPortFree</name>
         <load_address>0x3030</load_address>
         <readonly>true</readonly>
         <executable>true</executable>
         <run_address>0x3030</run_address>
         <size>0xf8</size>
         <alignment>0x4</alignment>
         <input_file_ref idref="fl-1f"/>
      </object_component>
      <object_component id="oc-1d2">
         <name>.text.prvAddCurrentTaskToDelayedList</name>
         <load_address>0x3128</load_address>
         <readonly>true</readonly>
         <executable>true</executable>
         <run_address>0x3128</run_address>
         <size>0xe4</size>
         <alignment>0x4</alignment>
         <input_file_ref idref="fl-19"/>
      </object_component>
      <object_component id="oc-183">
         <name>.text.xQueueGenericReset</name>
         <load_address>0x320c</load_address>
         <readonly>true</readonly>
         <executable>true</executable>
         <run_address>0x320c</run_address>
         <size>0xe4</size>
         <alignment>0x2</alignment>
         <input_file_ref idref="fl-18"/>
      </object_component>
      <object_component id="oc-bb">
         <name>.text.AppTasks_init</name>
         <load_address>0x32f0</load_address>
         <readonly>true</readonly>
         <executable>true</executable>
         <run_address>0x32f0</run_address>
         <size>0xd8</size>
         <alignment>0x4</alignment>
         <input_file_ref idref="fl-2"/>
      </object_component>
      <object_component id="oc-1a3">
         <name>.text.prvCopyDataToQueue</name>
         <load_address>0x33c8</load_address>
         <readonly>true</readonly>
         <executable>true</executable>
         <run_address>0x33c8</run_address>
         <size>0xd4</size>
         <alignment>0x2</alignment>
         <input_file_ref idref="fl-18"/>
      </object_component>
      <object_component id="oc-105">
         <name>.text.prvCreateIdleTasks</name>
         <load_address>0x349c</load_address>
         <readonly>true</readonly>
         <executable>true</executable>
         <run_address>0x349c</run_address>
         <size>0xcc</size>
         <alignment>0x4</alignment>
         <input_file_ref idref="fl-19"/>
      </object_component>
      <object_component id="oc-150">
         <name>.text.terminalMessage</name>
         <load_address>0x3568</load_address>
         <readonly>true</readonly>
         <executable>true</executable>
         <run_address>0x3568</run_address>
         <size>0xbc</size>
         <alignment>0x4</alignment>
         <input_file_ref idref="fl-6"/>
      </object_component>
      <object_component id="oc-1aa">
         <name>.text.prvUnlockQueue</name>
         <load_address>0x3624</load_address>
         <readonly>true</readonly>
         <executable>true</executable>
         <run_address>0x3624</run_address>
         <size>0xb6</size>
         <alignment>0x2</alignment>
         <input_file_ref idref="fl-18"/>
      </object_component>
      <object_component id="oc-40">
         <name>.text.Default_Handler</name>
         <load_address>0x36da</load_address>
         <readonly>true</readonly>
         <executable>true</executable>
         <run_address>0x36da</run_address>
         <size>0x2</size>
         <alignment>0x2</alignment>
         <input_file_ref idref="fl-9"/>
      </object_component>
      <object_component id="oc-1a7">
         <name>.text.xTaskCheckForTimeOut</name>
         <load_address>0x36dc</load_address>
         <readonly>true</readonly>
         <executable>true</executable>
         <run_address>0x36dc</run_address>
         <size>0xb4</size>
         <alignment>0x4</alignment>
         <input_file_ref idref="fl-19"/>
      </object_component>
      <object_component id="oc-220">
         <name>.text</name>
         <load_address>0x3790</load_address>
         <readonly>true</readonly>
         <executable>true</executable>
         <run_address>0x3790</run_address>
         <size>0xa2</size>
         <alignment>0x4</alignment>
         <input_file_ref idref="fl-173"/>
      </object_component>
      <object_component id="oc-e9">
         <name>.text.xQueueGenericCreateStatic</name>
         <load_address>0x3832</load_address>
         <readonly>true</readonly>
         <executable>true</executable>
         <run_address>0x3832</run_address>
         <size>0xa0</size>
         <alignment>0x2</alignment>
         <input_file_ref idref="fl-18"/>
      </object_component>
      <object_component id="oc-b1">
         <name>.text:memcpy</name>
         <load_address>0x38d2</load_address>
         <readonly>true</readonly>
         <executable>true</executable>
         <run_address>0x38d2</run_address>
         <size>0x9a</size>
         <alignment>0x1</alignment>
         <input_file_ref idref="fl-17c"/>
      </object_component>
      <object_component id="oc-134">
         <name>.text.FeedbackADC_init</name>
         <load_address>0x396c</load_address>
         <readonly>true</readonly>
         <executable>true</executable>
         <run_address>0x396c</run_address>
         <size>0x98</size>
         <alignment>0x4</alignment>
         <input_file_ref idref="fl-3"/>
      </object_component>
      <object_component id="oc-12b">
         <name>.text.prvCreateStaticTask</name>
         <load_address>0x3a04</load_address>
         <readonly>true</readonly>
         <executable>true</executable>
         <run_address>0x3a04</run_address>
         <size>0x98</size>
         <alignment>0x2</alignment>
         <input_file_ref idref="fl-19"/>
      </object_component>
      <object_component id="oc-1ff">
         <name>.text.prvProcessTimerOrBlockTask</name>
         <load_address>0x3a9c</load_address>
         <readonly>true</readonly>
         <executable>true</executable>
         <run_address>0x3a9c</run_address>
         <size>0x8c</size>
         <alignment>0x4</alignment>
         <input_file_ref idref="fl-1a"/>
      </object_component>
      <object_component id="oc-23c">
         <name>.text.prvInsertTimerInActiveList</name>
         <load_address>0x3b28</load_address>
         <readonly>true</readonly>
         <executable>true</executable>
         <run_address>0x3b28</run_address>
         <size>0x84</size>
         <alignment>0x4</alignment>
         <input_file_ref idref="fl-1a"/>
      </object_component>
      <object_component id="oc-238">
         <name>.text.vTaskStepTick</name>
         <load_address>0x3bac</load_address>
         <readonly>true</readonly>
         <executable>true</executable>
         <run_address>0x3bac</run_address>
         <size>0x84</size>
         <alignment>0x4</alignment>
         <input_file_ref idref="fl-19"/>
      </object_component>
      <object_component id="oc-10b">
         <name>.text.xPortStartScheduler</name>
         <load_address>0x3c30</load_address>
         <readonly>true</readonly>
         <executable>true</executable>
         <run_address>0x3c30</run_address>
         <size>0x80</size>
         <alignment>0x4</alignment>
         <input_file_ref idref="fl-1b"/>
      </object_component>
      <object_component id="oc-237">
         <name>.text.eTaskConfirmSleepModeStatus</name>
         <load_address>0x3cb0</load_address>
         <readonly>true</readonly>
         <executable>true</executable>
         <run_address>0x3cb0</run_address>
         <size>0x7c</size>
         <alignment>0x4</alignment>
         <input_file_ref idref="fl-19"/>
      </object_component>
      <object_component id="oc-186">
         <name>.text.prvInitialiseTaskLists</name>
         <load_address>0x3d2c</load_address>
         <readonly>true</readonly>
         <executable>true</executable>
         <run_address>0x3d2c</run_address>
         <size>0x7c</size>
         <alignment>0x4</alignment>
         <input_file_ref idref="fl-19"/>
      </object_component>
      <object_component id="oc-106">
         <name>.text.xTimerCreateTimerTask</name>
         <load_address>0x3da8</load_address>
         <readonly>true</readonly>
         <executable>true</executable>
         <run_address>0x3da8</run_address>
         <size>0x7c</size>
         <alignment>0x4</alignment>
         <input_file_ref idref="fl-1a"/>
      </object_component>
      <object_component id="oc-29">
         <name>.text:decompress:lzss</name>
         <load_address>0x3e24</load_address>
         <readonly>true</readonly>
         <executable>true</executable>
         <run_address>0x3e24</run_address>
         <size>0x7c</size>
         <alignment>0x4</alignment>
         <input_file_ref idref="fl-46"/>
      </object_component>
      <object_component id="oc-1f3">
         <name>.text.prvGetExpectedIdleTime</name>
         <load_address>0x3ea0</load_address>
         <readonly>true</readonly>
         <executable>true</executable>
         <run_address>0x3ea0</run_address>
         <size>0x78</size>
         <alignment>0x4</alignment>
         <input_file_ref idref="fl-19"/>
      </object_component>
      <object_component id="oc-271">
         <name>.text.vTaskPlaceOnEventListRestricted</name>
         <load_address>0x3f18</load_address>
         <readonly>true</readonly>
         <executable>true</executable>
         <run_address>0x3f18</run_address>
         <size>0x74</size>
         <alignment>0x4</alignment>
         <input_file_ref idref="fl-19"/>
      </object_component>
      <object_component id="oc-166">
         <name>.text.prvCheckForValidListAndQueue</name>
         <load_address>0x3f8c</load_address>
         <readonly>true</readonly>
         <executable>true</executable>
         <run_address>0x3f8c</run_address>
         <size>0x6c</size>
         <alignment>0x4</alignment>
         <input_file_ref idref="fl-1a"/>
      </object_component>
      <object_component id="oc-214">
         <name>.text.vListInsert</name>
         <load_address>0x3ff8</load_address>
         <readonly>true</readonly>
         <executable>true</executable>
         <run_address>0x3ff8</run_address>
         <size>0x6c</size>
         <alignment>0x2</alignment>
         <input_file_ref idref="fl-20"/>
      </object_component>
      <object_component id="oc-23b">
         <name>.text.vQueueWaitForMessageRestricted</name>
         <load_address>0x4064</load_address>
         <readonly>true</readonly>
         <executable>true</executable>
         <run_address>0x4064</run_address>
         <size>0x6a</size>
         <alignment>0x2</alignment>
         <input_file_ref idref="fl-18"/>
      </object_component>
      <object_component id="oc-e3">
         <name>.text.SYSCFG_DL_GPIO_init</name>
         <load_address>0x40ce</load_address>
         <readonly>true</readonly>
         <executable>true</executable>
         <run_address>0x40ce</run_address>
         <size>0x2</size>
         <alignment>0x2</alignment>
         <input_file_ref idref="fl-8"/>
      </object_component>
      <object_component id="oc-49">
         <name>.text.UART0_IRQHandler</name>
         <load_address>0x40d0</load_address>
         <readonly>true</readonly>
         <executable>true</executable>
         <run_address>0x40d0</run_address>
         <size>0x68</size>
         <alignment>0x4</alignment>
         <input_file_ref idref="fl-6"/>
      </object_component>
      <object_component id="oc-c1">
         <name>.text.vTaskStartScheduler</name>
         <load_address>0x4138</load_address>
         <readonly>true</readonly>
         <executable>true</executable>
         <run_address>0x4138</run_address>
         <size>0x68</size>
         <alignment>0x4</alignment>
         <input_file_ref idref="fl-19"/>
      </object_component>
      <object_component id="oc-e1">
         <name>.text:memset</name>
         <load_address>0x41a0</load_address>
         <readonly>true</readonly>
         <executable>true</executable>
         <run_address>0x41a0</run_address>
         <size>0x62</size>
         <alignment>0x1</alignment>
         <input_file_ref idref="fl-17d"/>
      </object_component>
      <object_component id="oc-1ac">
         <name>.text.__aeabi_idiv0</name>
         <load_address>0x4202</load_address>
         <readonly>true</readonly>
         <executable>true</executable>
         <run_address>0x4202</run_address>
         <size>0x2</size>
         <alignment>0x2</alignment>
         <input_file_ref idref="fl-178"/>
      </object_component>
      <object_component id="oc-22f">
         <name>.text.pvTaskGetThreadLocalStoragePointer</name>
         <load_address>0x4204</load_address>
         <readonly>true</readonly>
         <executable>true</executable>
         <run_address>0x4204</run_address>
         <size>0x60</size>
         <alignment>0x4</alignment>
         <input_file_ref idref="fl-19"/>
      </object_component>
      <object_component id="oc-133">
         <name>.text.AD5672R_write</name>
         <load_address>0x4264</load_address>
         <readonly>true</readonly>
         <executable>true</executable>
         <run_address>0x4264</run_address>
         <size>0x5c</size>
         <alignment>0x4</alignment>
         <input_file_ref idref="fl-1"/>
      </object_component>
      <object_component id="oc-164">
         <name>.text.prvIdleTask</name>
         <load_address>0x42c0</load_address>
         <readonly>true</readonly>
         <executable>true</executable>
         <run_address>0x42c0</run_address>
         <size>0x5c</size>
         <alignment>0x4</alignment>
         <input_file_ref idref="fl-19"/>
      </object_component>
      <object_component id="oc-e4">
         <name>.text.SYSCFG_DL_SYSCTL_init</name>
         <load_address>0x431c</load_address>
         <readonly>true</readonly>
         <executable>true</executable>
         <run_address>0x431c</run_address>
         <size>0x54</size>
         <alignment>0x4</alignment>
         <input_file_ref idref="fl-8"/>
      </object_component>
      <object_component id="oc-16e">
         <name>.text.vPortSetupTimerInterrupt</name>
         <load_address>0x4370</load_address>
         <readonly>true</readonly>
         <executable>true</executable>
         <run_address>0x4370</run_address>
         <size>0x54</size>
         <alignment>0x4</alignment>
         <input_file_ref idref="fl-1b"/>
      </object_component>
      <object_component id="oc-1d9">
         <name>.text.App_submitSetpoint</name>
         <load_address>0x43c4</load_address>
         <readonly>true</readonly>
         <executable>true</executable>
         <run_address>0x43c4</run_address>
         <size>0x50</size>
         <alignment>0x4</alignment>
         <input_file_ref idref="fl-2"/>
      </object_component>
      <object_component id="oc-1f2">
         <name>.text.prvCheckTasksWaitingTermination</name>
         <load_address>0x4414</load_address>
         <readonly>true</readonly>
         <executable>true</executable>
         <run_address>0x4414</run_address>
         <size>0x50</size>
         <alignment>0x4</alignment>
         <input_file_ref idref="fl-19"/>
      </object_component>
      <object_component id="oc-1eb">
         <name>.text.prvDeleteTCB</name>
         <load_address>0x4464</load_address>
         <readonly>true</readonly>
         <executable>true</executable>
         <run_address>0x4464</run_address>
         <size>0x50</size>
         <alignment>0x2</alignment>
         <input_file_ref idref="fl-19"/>
      </object_component>
      <object_component id="oc-23a">
         <name>.text.prvProcessExpiredTimer</name>
         <load_address>0x44b4</load_address>
         <readonly>true</readonly>
         <executable>true</executable>
         <run_address>0x44b4</run_address>
         <size>0x50</size>
         <alignment>0x4</alignment>
         <input_file_ref idref="fl-1a"/>
      </object_component>
      <object_component id="oc-148">
         <name>.text.vTaskDelay</name>
         <load_address>0x4504</load_address>
         <readonly>true</readonly>
         <executable>true</executable>
         <run_address>0x4504</run_address>
         <size>0x50</size>
         <alignment>0x4</alignment>
         <input_file_ref idref="fl-19"/>
      </object_component>
      <object_component id="oc-ee">
         <name>.text.xTaskCreateStatic</name>
         <load_address>0x4554</load_address>
         <readonly>true</readonly>
         <executable>true</executable>
         <run_address>0x4554</run_address>
         <size>0x4c</size>
         <alignment>0x2</alignment>
         <input_file_ref idref="fl-19"/>
      </object_component>
      <object_component id="oc-1ba">
         <name>.text.DL_UART_init</name>
         <load_address>0x45a0</load_address>
         <readonly>true</readonly>
         <executable>true</executable>
         <run_address>0x45a0</run_address>
         <size>0x48</size>
         <alignment>0x4</alignment>
         <input_file_ref idref="fl-24"/>
      </object_component>
      <object_component id="oc-14a">
         <name>.text.snprintf</name>
         <load_address>0x45e8</load_address>
         <readonly>true</readonly>
         <executable>true</executable>
         <run_address>0x45e8</run_address>
         <size>0x48</size>
         <alignment>0x4</alignment>
         <input_file_ref idref="fl-43"/>
      </object_component>
      <object_component id="oc-1e0">
         <name>.text.uxListRemove</name>
         <load_address>0x4630</load_address>
         <readonly>true</readonly>
         <executable>true</executable>
         <run_address>0x4630</run_address>
         <size>0x48</size>
         <alignment>0x2</alignment>
         <input_file_ref idref="fl-20"/>
      </object_component>
      <object_component id="oc-128">
         <name>.text.prvInitialiseNewQueue</name>
         <load_address>0x4678</load_address>
         <readonly>true</readonly>
         <executable>true</executable>
         <run_address>0x4678</run_address>
         <size>0x46</size>
         <alignment>0x2</alignment>
         <input_file_ref idref="fl-18"/>
      </object_component>
      <object_component id="oc-23f">
         <name>.text.__aeabi_ldiv0</name>
         <load_address>0x46be</load_address>
         <readonly>true</readonly>
         <executable>true</executable>
         <run_address>0x46be</run_address>
         <size>0x2</size>
         <alignment>0x2</alignment>
         <input_file_ref idref="fl-178"/>
      </object_component>
      <object_component id="oc-193">
         <name>.text.DL_SPI_init</name>
         <load_address>0x46c0</load_address>
         <readonly>true</readonly>
         <executable>true</executable>
         <run_address>0x46c0</run_address>
         <size>0x44</size>
         <alignment>0x4</alignment>
         <input_file_ref idref="fl-23"/>
      </object_component>
      <object_component id="oc-215">
         <name>.text.vTaskMissedYield</name>
         <load_address>0x4704</load_address>
         <readonly>true</readonly>
         <executable>true</executable>
         <run_address>0x4704</run_address>
         <size>0xc</size>
         <alignment>0x4</alignment>
         <input_file_ref idref="fl-19"/>
      </object_component>
      <object_component id="oc-47">
         <name>.text.PendSV_Handler</name>
         <load_address>0x4710</load_address>
         <readonly>true</readonly>
         <executable>true</executable>
         <run_address>0x4710</run_address>
         <size>0x44</size>
         <alignment>0x10</alignment>
         <input_file_ref idref="fl-1c"/>
      </object_component>
      <object_component id="oc-24d">
         <name>.text.atoi</name>
         <load_address>0x4754</load_address>
         <readonly>true</readonly>
         <executable>true</executable>
         <run_address>0x4754</run_address>
         <size>0x44</size>
         <alignment>0x4</alignment>
         <input_file_ref idref="fl-50"/>
      </object_component>
      <object_component id="oc-1b2">
         <name>.text.prvCopyDataFromQueue</name>
         <load_address>0x4798</load_address>
         <readonly>true</readonly>
         <executable>true</executable>
         <run_address>0x4798</run_address>
         <size>0x44</size>
         <alignment>0x2</alignment>
         <input_file_ref idref="fl-18"/>
      </object_component>
      <object_component id="oc-26f">
         <name>.text.prvSwitchTimerLists</name>
         <load_address>0x47dc</load_address>
         <readonly>true</readonly>
         <executable>true</executable>
         <run_address>0x47dc</run_address>
         <size>0x44</size>
         <alignment>0x4</alignment>
         <input_file_ref idref="fl-1a"/>
      </object_component>
      <object_component id="oc-19a">
         <name>.text.DL_ADC12_setClockConfig</name>
         <load_address>0x4820</load_address>
         <readonly>true</readonly>
         <executable>true</executable>
         <run_address>0x4820</run_address>
         <size>0x40</size>
         <alignment>0x4</alignment>
         <input_file_ref idref="fl-21"/>
      </object_component>
      <object_component id="oc-13c">
         <name>.text</name>
         <load_address>0x4860</load_address>
         <readonly>true</readonly>
         <executable>true</executable>
         <run_address>0x4860</run_address>
         <size>0x40</size>
         <alignment>0x4</alignment>
         <input_file_ref idref="fl-16f"/>
      </object_component>
      <object_component id="oc-239">
         <name>.text.prvSampleTimeNow</name>
         <load_address>0x48a0</load_address>
         <readonly>true</readonly>
         <executable>true</executable>
         <run_address>0x48a0</run_address>
         <size>0x3c</size>
         <alignment>0x4</alignment>
         <input_file_ref idref="fl-1a"/>
      </object_component>
      <object_component id="oc-c9">
         <name>.text:__TI_auto_init_nobinit_nopinit</name>
         <load_address>0x48dc</load_address>
         <readonly>true</readonly>
         <executable>true</executable>
         <run_address>0x48dc</run_address>
         <size>0x3c</size>
         <alignment>0x4</alignment>
         <input_file_ref idref="fl-54"/>
      </object_component>
      <object_component id="oc-1e5">
         <name>.text.vListInsertEnd</name>
         <load_address>0x4918</load_address>
         <readonly>true</readonly>
         <executable>true</executable>
         <run_address>0x4918</run_address>
         <size>0x3a</size>
         <alignment>0x2</alignment>
         <input_file_ref idref="fl-20"/>
      </object_component>
      <object_component id="oc-21b">
         <name>.text</name>
         <load_address>0x4954</load_address>
         <readonly>true</readonly>
         <executable>true</executable>
         <run_address>0x4954</run_address>
         <size>0x3a</size>
         <alignment>0x4</alignment>
         <input_file_ref idref="fl-175"/>
      </object_component>
      <object_component id="oc-123">
         <name>.text.DL_SYSCTL_switchMCLKfromLFCLKtoSYSOSC</name>
         <load_address>0x4990</load_address>
         <readonly>true</readonly>
         <executable>true</executable>
         <run_address>0x4990</run_address>
         <size>0x38</size>
         <alignment>0x4</alignment>
         <input_file_ref idref="fl-25"/>
      </object_component>
      <object_component id="oc-1fe">
         <name>.text.prvGetNextExpireTime</name>
         <load_address>0x49c8</load_address>
         <readonly>true</readonly>
         <executable>true</executable>
         <run_address>0x49c8</run_address>
         <size>0x38</size>
         <alignment>0x4</alignment>
         <input_file_ref idref="fl-1a"/>
      </object_component>
      <object_component id="oc-1a2">
         <name>.text.xTaskGetSchedulerState</name>
         <load_address>0x4a00</load_address>
         <readonly>true</readonly>
         <executable>true</executable>
         <run_address>0x4a00</run_address>
         <size>0x38</size>
         <alignment>0x4</alignment>
         <input_file_ref idref="fl-19"/>
      </object_component>
      <object_component id="oc-23d">
         <name>.text.prvReloadTimer</name>
         <load_address>0x4a38</load_address>
         <readonly>true</readonly>
         <executable>true</executable>
         <run_address>0x4a38</run_address>
         <size>0x36</size>
         <alignment>0x2</alignment>
         <input_file_ref idref="fl-1a"/>
      </object_component>
      <object_component id="oc-1a9">
         <name>.text.vTaskPlaceOnEventList</name>
         <load_address>0x4a70</load_address>
         <readonly>true</readonly>
         <executable>true</executable>
         <run_address>0x4a70</run_address>
         <size>0x34</size>
         <alignment>0x4</alignment>
         <input_file_ref idref="fl-19"/>
      </object_component>
      <object_component id="oc-1d5">
         <name>.text._outs</name>
         <load_address>0x4aa4</load_address>
         <readonly>true</readonly>
         <executable>true</executable>
         <run_address>0x4aa4</run_address>
         <size>0x32</size>
         <alignment>0x2</alignment>
         <input_file_ref idref="fl-43"/>
      </object_component>
      <object_component id="oc-18b">
         <name>.text.xQueueCreateMutexStatic</name>
         <load_address>0x4ad6</load_address>
         <readonly>true</readonly>
         <executable>true</executable>
         <run_address>0x4ad6</run_address>
         <size>0x32</size>
         <alignment>0x2</alignment>
         <input_file_ref idref="fl-18"/>
      </object_component>
      <object_component id="oc-1bb">
         <name>.text.DL_UART_transmitDataBlocking</name>
         <load_address>0x4b08</load_address>
         <readonly>true</readonly>
         <executable>true</executable>
         <run_address>0x4b08</run_address>
         <size>0x30</size>
         <alignment>0x4</alignment>
         <input_file_ref idref="fl-24"/>
      </object_component>
      <object_component id="oc-48">
         <name>.text.SysTick_Handler</name>
         <load_address>0x4b38</load_address>
         <readonly>true</readonly>
         <executable>true</executable>
         <run_address>0x4b38</run_address>
         <size>0x30</size>
         <alignment>0x4</alignment>
         <input_file_ref idref="fl-1b"/>
      </object_component>
      <object_component id="oc-a5">
         <name>.text.prvResetNextTaskUnblockTime</name>
         <load_address>0x4b68</load_address>
         <readonly>true</readonly>
         <executable>true</executable>
         <run_address>0x4b68</run_address>
         <size>0x30</size>
         <alignment>0x4</alignment>
         <input_file_ref idref="fl-19"/>
      </object_component>
      <object_component id="oc-170">
         <name>.text.prvTaskExitError</name>
         <load_address>0x4b98</load_address>
         <readonly>true</readonly>
         <executable>true</executable>
         <run_address>0x4b98</run_address>
         <size>0x30</size>
         <alignment>0x4</alignment>
         <input_file_ref idref="fl-1b"/>
      </object_component>
      <object_component id="oc-20a">
         <name>.text.prvInitialiseMutex</name>
         <load_address>0x4bc8</load_address>
         <readonly>true</readonly>
         <executable>true</executable>
         <run_address>0x4bc8</run_address>
         <size>0x2e</size>
         <alignment>0x2</alignment>
         <input_file_ref idref="fl-18"/>
      </object_component>
      <object_component id="oc-1a8">
         <name>.text.prvIsQueueFull</name>
         <load_address>0x4bf6</load_address>
         <readonly>true</readonly>
         <executable>true</executable>
         <run_address>0x4bf6</run_address>
         <size>0x2e</size>
         <alignment>0x2</alignment>
         <input_file_ref idref="fl-18"/>
      </object_component>
      <object_component id="oc-22">
         <name>.text.vPortSVCHandler_C</name>
         <load_address>0x4c24</load_address>
         <readonly>true</readonly>
         <executable>true</executable>
         <run_address>0x4c24</run_address>
         <size>0x2e</size>
         <alignment>0x2</alignment>
         <input_file_ref idref="fl-1b"/>
      </object_component>
      <object_component id="oc-e2">
         <name>.text.SYSCFG_DL_initPower</name>
         <load_address>0x4c54</load_address>
         <readonly>true</readonly>
         <executable>true</executable>
         <run_address>0x4c54</run_address>
         <size>0x2c</size>
         <alignment>0x4</alignment>
         <input_file_ref idref="fl-8"/>
      </object_component>
      <object_component id="oc-1f5">
         <name>.text.vListInitialise</name>
         <load_address>0x4c80</load_address>
         <readonly>true</readonly>
         <executable>true</executable>
         <run_address>0x4c80</run_address>
         <size>0x2c</size>
         <alignment>0x2</alignment>
         <input_file_ref idref="fl-20"/>
      </object_component>
      <object_component id="oc-187">
         <name>.text.vPortExitCritical</name>
         <load_address>0x4cac</load_address>
         <readonly>true</readonly>
         <executable>true</executable>
         <run_address>0x4cac</run_address>
         <size>0x2c</size>
         <alignment>0x4</alignment>
         <input_file_ref idref="fl-1b"/>
      </object_component>
      <object_component id="oc-1b3">
         <name>.text.prvIsQueueEmpty</name>
         <load_address>0x4cd8</load_address>
         <readonly>true</readonly>
         <executable>true</executable>
         <run_address>0x4cd8</run_address>
         <size>0x2a</size>
         <alignment>0x2</alignment>
         <input_file_ref idref="fl-18"/>
      </object_component>
      <object_component id="oc-149">
         <name>.text.App_takeResult</name>
         <load_address>0x4d04</load_address>
         <readonly>true</readonly>
         <executable>true</executable>
         <run_address>0x4d04</run_address>
         <size>0x28</size>
         <alignment>0x4</alignment>
         <input_file_ref idref="fl-2"/>
      </object_component>
      <object_component id="oc-20d">
         <name>.text.prvGetHighestPriorityOfWaitToReceiveList</name>
         <load_address>0x4d2c</load_address>
         <readonly>true</readonly>
         <executable>true</executable>
         <run_address>0x4d2c</run_address>
         <size>0x28</size>
         <alignment>0x2</alignment>
         <input_file_ref idref="fl-18"/>
      </object_component>
      <object_component id="oc-15e">
         <name>.text.vApplicationGetIdleTaskMemory</name>
         <load_address>0x4d54</load_address>
         <readonly>true</readonly>
         <executable>true</executable>
         <run_address>0x4d54</run_address>
         <size>0x28</size>
         <alignment>0x4</alignment>
         <input_file_ref idref="fl-1e"/>
      </object_component>
      <object_component id="oc-167">
         <name>.text.vApplicationGetTimerTaskMemory</name>
         <load_address>0x4d7c</load_address>
         <readonly>true</readonly>
         <executable>true</executable>
         <run_address>0x4d7c</run_address>
         <size>0x28</size>
         <alignment>0x4</alignment>
         <input_file_ref idref="fl-1e"/>
      </object_component>
      <object_component id="oc-79">
         <name>.text:_c_int00_noargs</name>
         <load_address>0x4da4</load_address>
         <readonly>true</readonly>
         <executable>true</executable>
         <run_address>0x4da4</run_address>
         <size>0x28</size>
         <alignment>0x4</alignment>
         <input_file_ref idref="fl-47"/>
      </object_component>
      <object_component id="oc-1e6">
         <name>.text.PTLS_taskDeleteHook</name>
         <load_address>0x4dcc</load_address>
         <readonly>true</readonly>
         <executable>true</executable>
         <run_address>0x4dcc</run_address>
         <size>0x24</size>
         <alignment>0x2</alignment>
         <input_file_ref idref="fl-1d"/>
      </object_component>
      <object_component id="oc-42">
         <name>.text.SVC_Handler</name>
         <load_address>0x4df0</load_address>
         <readonly>true</readonly>
         <executable>true</executable>
         <run_address>0x4df0</run_address>
         <size>0x24</size>
         <alignment>0x10</alignment>
         <input_file_ref idref="fl-1c"/>
      </object_component>
      <object_component id="oc-20b">
         <name>.text.pvTaskIncrementMutexHeldCount</name>
         <load_address>0x4e14</load_address>
         <readonly>true</readonly>
         <executable>true</executable>
         <run_address>0x4e14</run_address>
         <size>0x24</size>
         <alignment>0x4</alignment>
         <input_file_ref idref="fl-19"/>
      </object_component>
      <object_component id="oc-255">
         <name>.text.__aeabi_errno_addr</name>
         <load_address>0x4e38</load_address>
         <readonly>true</readonly>
         <executable>true</executable>
         <run_address>0x4e38</run_address>
         <size>0x8</size>
         <alignment>0x4</alignment>
         <input_file_ref idref="fl-4a"/>
      </object_component>
      <object_component id="oc-5d">
         <name>.text.vRestoreContextOfFirstTask</name>
         <load_address>0x4e40</load_address>
         <readonly>true</readonly>
         <executable>true</executable>
         <run_address>0x4e40</run_address>
         <size>0x24</size>
         <alignment>0x10</alignment>
         <input_file_ref idref="fl-1c"/>
      </object_component>
      <object_component id="oc-1bf">
         <name>.text</name>
         <load_address>0x4e64</load_address>
         <readonly>true</readonly>
         <executable>true</executable>
         <run_address>0x4e64</run_address>
         <size>0x24</size>
         <alignment>0x4</alignment>
         <input_file_ref idref="fl-169"/>
      </object_component>
      <object_component id="oc-246">
         <name>.text.memccpy</name>
         <load_address>0x4e88</load_address>
         <readonly>true</readonly>
         <executable>true</executable>
         <run_address>0x4e88</run_address>
         <size>0x22</size>
         <alignment>0x2</alignment>
         <input_file_ref idref="fl-52"/>
      </object_component>
      <object_component id="oc-41">
         <name>.text.HardFault_Handler</name>
         <load_address>0x4eaa</load_address>
         <readonly>true</readonly>
         <executable>true</executable>
         <run_address>0x4eaa</run_address>
         <size>0x20</size>
         <alignment>0x2</alignment>
         <input_file_ref idref="fl-9"/>
      </object_component>
      <object_component id="oc-e6">
         <name>.text.SYSCFG_DL_SYSCTL_CLK_init</name>
         <load_address>0x4ecc</load_address>
         <readonly>true</readonly>
         <executable>true</executable>
         <run_address>0x4ecc</run_address>
         <size>0x20</size>
         <alignment>0x4</alignment>
         <input_file_ref idref="fl-8"/>
      </object_component>
      <object_component id="oc-1a5">
         <name>.text.vTaskInternalSetTimeOutState</name>
         <load_address>0x4eec</load_address>
         <readonly>true</readonly>
         <executable>true</executable>
         <run_address>0x4eec</run_address>
         <size>0x20</size>
         <alignment>0x4</alignment>
         <input_file_ref idref="fl-19"/>
      </object_component>
      <object_component id="oc-169">
         <name>.text.prvTimerTask</name>
         <load_address>0x4f0c</load_address>
         <readonly>true</readonly>
         <executable>true</executable>
         <run_address>0x4f0c</run_address>
         <size>0x1e</size>
         <alignment>0x2</alignment>
         <input_file_ref idref="fl-1a"/>
      </object_component>
      <object_component id="oc-240">
         <name>.text</name>
         <load_address>0x4f2c</load_address>
         <readonly>true</readonly>
         <executable>true</executable>
         <run_address>0x4f2c</run_address>
         <size>0x1e</size>
         <alignment>0x4</alignment>
         <input_file_ref idref="fl-176"/>
      </object_component>
      <object_component id="oc-9a">
         <name>.text.main</name>
         <load_address>0x4f4a</load_address>
         <readonly>true</readonly>
         <executable>true</executable>
         <run_address>0x4f4a</run_address>
         <size>0x1a</size>
         <alignment>0x2</alignment>
         <input_file_ref idref="fl-5"/>
      </object_component>
      <object_component id="oc-92">
         <name>.text</name>
         <load_address>0x4f64</load_address>
         <readonly>true</readonly>
         <executable>true</executable>
         <run_address>0x4f64</run_address>
         <size>0x1a</size>
         <alignment>0x4</alignment>
         <input_file_ref idref="fl-172"/>
      </object_component>
      <object_component id="oc-1d6">
         <name>.text._outc</name>
         <load_address>0x4f7e</load_address>
         <readonly>true</readonly>
         <executable>true</executable>
         <run_address>0x4f7e</run_address>
         <size>0x18</size>
         <alignment>0x2</alignment>
         <input_file_ref idref="fl-43"/>
      </object_component>
      <object_component id="oc-80">
         <name>.text.prvGetRegistersFromStack</name>
         <load_address>0x4f96</load_address>
         <readonly>true</readonly>
         <executable>true</executable>
         <run_address>0x4f96</run_address>
         <size>0x18</size>
         <alignment>0x2</alignment>
         <input_file_ref idref="fl-9"/>
      </object_component>
      <object_component id="oc-185">
         <name>.text.vPortEnterCritical</name>
         <load_address>0x4fb0</load_address>
         <readonly>true</readonly>
         <executable>true</executable>
         <run_address>0x4fb0</run_address>
         <size>0x18</size>
         <alignment>0x4</alignment>
         <input_file_ref idref="fl-1b"/>
      </object_component>
      <object_component id="oc-188">
         <name>.text.vPortYield</name>
         <load_address>0x4fc8</load_address>
         <readonly>true</readonly>
         <executable>true</executable>
         <run_address>0x4fc8</run_address>
         <size>0x18</size>
         <alignment>0x4</alignment>
         <input_file_ref idref="fl-1b"/>
      </object_component>
      <object_component id="oc-b6">
         <name>.text.SYSCFG_DL_init</name>
         <load_address>0x4fe0</load_address>
         <readonly>true</readonly>
         <executable>true</executable>
         <run_address>0x4fe0</run_address>
         <size>0x14</size>
         <alignment>0x2</alignment>
         <input_file_ref idref="fl-8"/>
      </object_component>
      <object_component id="oc-13b">
         <name>.text.xTaskGetTickCount</name>
         <load_address>0x4ff4</load_address>
         <readonly>true</readonly>
         <executable>true</executable>
         <run_address>0x4ff4</run_address>
         <size>0x14</size>
         <alignment>0x4</alignment>
         <input_file_ref idref="fl-19"/>
      </object_component>
      <object_component id="oc-1c3">
         <name>.text</name>
         <load_address>0x5008</load_address>
         <readonly>true</readonly>
         <executable>true</executable>
         <run_address>0x5008</run_address>
         <size>0x14</size>
         <alignment>0x4</alignment>
         <input_file_ref idref="fl-170"/>
      </object_component>
      <object_component id="oc-18d">
         <name>.text.DL_SPI_setClockConfig</name>
         <load_address>0x501c</load_address>
         <readonly>true</readonly>
         <executable>true</executable>
         <run_address>0x501c</run_address>
         <size>0x12</size>
         <alignment>0x2</alignment>
         <input_file_ref idref="fl-23"/>
      </object_component>
      <object_component id="oc-1b4">
         <name>.text.DL_UART_setClockConfig</name>
         <load_address>0x502e</load_address>
         <readonly>true</readonly>
         <executable>true</executable>
         <run_address>0x502e</run_address>
         <size>0x12</size>
         <alignment>0x2</alignment>
         <input_file_ref idref="fl-24"/>
      </object_component>
      <object_component id="oc-2d">
         <name>.text:decompress:none</name>
         <load_address>0x5040</load_address>
         <readonly>true</readonly>
         <executable>true</executable>
         <run_address>0x5040</run_address>
         <size>0x12</size>
         <alignment>0x2</alignment>
         <input_file_ref idref="fl-45"/>
      </object_component>
      <object_component id="oc-245">
         <name>.text.strlen</name>
         <load_address>0x5052</load_address>
         <readonly>true</readonly>
         <executable>true</executable>
         <run_address>0x5052</run_address>
         <size>0xe</size>
         <alignment>0x2</alignment>
         <input_file_ref idref="fl-49"/>
      </object_component>
      <object_component id="oc-16f">
         <name>.text.vStartFirstTask</name>
         <load_address>0x5060</load_address>
         <readonly>true</readonly>
         <executable>true</executable>
         <run_address>0x5060</run_address>
         <size>0x10</size>
         <alignment>0x10</alignment>
         <input_file_ref idref="fl-1c"/>
      </object_component>
      <object_component id="oc-1a6">
         <name>.text.vTaskSuspendAll</name>
         <load_address>0x5070</load_address>
         <readonly>true</readonly>
         <executable>true</executable>
         <run_address>0x5070</run_address>
         <size>0x10</size>
         <alignment>0x4</alignment>
         <input_file_ref idref="fl-19"/>
      </object_component>
      <object_component id="oc-251">
         <name>.text.wcslen</name>
         <load_address>0x5080</load_address>
         <readonly>true</readonly>
         <executable>true</executable>
         <run_address>0x5080</run_address>
         <size>0x10</size>
         <alignment>0x2</alignment>
         <input_file_ref idref="fl-59"/>
      </object_component>
      <object_component id="oc-76">
         <name>.text:decompress:ZI</name>
         <load_address>0x5090</load_address>
         <readonly>true</readonly>
         <executable>true</executable>
         <run_address>0x5090</run_address>
         <size>0x10</size>
         <alignment>0x2</alignment>
         <input_file_ref idref="fl-44"/>
      </object_component>
      <object_component id="oc-204">
[...]
         <value>0x36db</value>
         <object_component_ref idref="oc-40"/>
      </symbol>
      <symbol id="sm-139">
         <name>UART5_IRQHandler</name>
         <value>0x36db</value>
         <object_component_ref idref="oc-40"/>
      </symbol>
      <symbol id="sm-13a">
         <name>I2C0_IRQHandler</name>
         <value>0x36db</value>
         <object_component_ref idref="oc-40"/>
      </symbol>
      <symbol id="sm-13b">
         <name>I2C1_IRQHandler</name>
         <value>0x36db</value>
         <object_component_ref idref="oc-40"/>
      </symbol>
      <symbol id="sm-13c">
         <name>I2C2_IRQHandler</name>
         <value>0x36db</value>
         <object_component_ref idref="oc-40"/>
      </symbol>
      <symbol id="sm-13d">
         <name>UART7_IRQHandler</name>
         <value>0x36db</value>
         <object_component_ref idref="oc-40"/>
      </symbol>
      <symbol id="sm-13e">
         <name>AESADV_IRQHandler</name>
         <value>0x36db</value>
         <object_component_ref idref="oc-40"/>
      </symbol>
      <symbol id="sm-13f">
         <name>UART6_IRQHandler</name>
         <value>0x36db</value>
         <object_component_ref idref="oc-40"/>
      </symbol>
      <symbol id="sm-140">
         <name>LFSS_IRQHandler</name>
         <value>0x36db</value>
         <object_component_ref idref="oc-40"/>
      </symbol>
      <symbol id="sm-141">
         <name>DMA_IRQHandler</name>
         <value>0x36db</value>
         <object_component_ref idref="oc-40"/>
      </symbol>
      <symbol id="sm-142">
         <name>__TI_ATRegion0_src_addr</name>
         <value>0x0</value>
      </symbol>
      <symbol id="sm-143">
         <name>__TI_ATRegion0_trg_addr</name>
         <value>0x0</value>
      </symbol>
      <symbol id="sm-144">
         <name>__TI_ATRegion0_region_sz</name>
         <value>0x0</value>
      </symbol>
      <symbol id="sm-145">
         <name>__TI_ATRegion1_src_addr</name>
         <value>0x0</value>
      </symbol>
      <symbol id="sm-146">
         <name>__TI_ATRegion1_trg_addr</name>
         <value>0x0</value>
      </symbol>
      <symbol id="sm-147">
         <name>__TI_ATRegion1_region_sz</name>
         <value>0x0</value>
      </symbol>
      <symbol id="sm-148">
         <name>__TI_ATRegion2_src_addr</name>
         <value>0x0</value>
      </symbol>
      <symbol id="sm-149">
         <name>__TI_ATRegion2_trg_addr</name>
         <value>0x0</value>
      </symbol>
      <symbol id="sm-14a">
         <name>__TI_ATRegion2_region_sz</name>
         <value>0x0</value>
      </symbol>
      <symbol id="sm-177">
         <name>xQueueGenericReset</name>
         <value>0x320d</value>
         <object_component_ref idref="oc-183"/>
      </symbol>
      <symbol id="sm-178">
         <name>xQueueGenericCreateStatic</name>
         <value>0x3833</value>
         <object_component_ref idref="oc-e9"/>
      </symbol>
      <symbol id="sm-179">
         <name>xQueueGenericSend</name>
         <value>0x19db</value>
         <object_component_ref idref="oc-13a"/>
      </symbol>
      <symbol id="sm-17a">
         <name>xQueueCreateMutexStatic</name>
         <value>0x4ad7</value>
         <object_component_ref idref="oc-18b"/>
      </symbol>
      <symbol id="sm-17b">
         <name>xQueueSemaphoreTake</name>
         <value>0x17fd</value>
         <object_component_ref idref="oc-18c"/>
      </symbol>
      <symbol id="sm-17c">
         <name>xQueueReceive</name>
         <value>0x1bad</value>
         <object_component_ref idref="oc-141"/>
      </symbol>
      <symbol id="sm-17d">
         <name>vQueueWaitForMessageRestricted</name>
         <value>0x4065</value>
         <object_component_ref idref="oc-23b"/>
      </symbol>
      <symbol id="sm-21c">
         <name>xTaskCreateStatic</name>
         <value>0x4555</value>
         <object_component_ref idref="oc-ee"/>
      </symbol>
      <symbol id="sm-21d">
         <name>pxCurrentTCB</name>
         <value>0x20202210</value>
         <object_component_ref idref="oc-1c"/>
      </symbol>
      <symbol id="sm-21e">
         <name>vTaskDelete</name>
         <value>0x28cd</value>
         <object_component_ref idref="oc-152"/>
      </symbol>
      <symbol id="sm-21f">
         <name>vTaskSuspendAll</name>
         <value>0x5071</value>
         <object_component_ref idref="oc-1a6"/>
      </symbol>
      <symbol id="sm-220">
         <name>xTaskResumeAll</name>
         <value>0x1605</value>
         <object_component_ref idref="oc-1ab"/>
      </symbol>
      <symbol id="sm-221">
         <name>xTaskIncrementTick</name>
         <value>0xfe1</value>
         <object_component_ref idref="oc-84"/>
      </symbol>
      <symbol id="sm-222">
         <name>vTaskDelay</name>
         <value>0x4505</value>
         <object_component_ref idref="oc-148"/>
      </symbol>
      <symbol id="sm-223">
         <name>vTaskSwitchContext</name>
         <value>0x2d19</value>
         <object_component_ref idref="oc-1e"/>
      </symbol>
      <symbol id="sm-224">
         <name>vTaskStartScheduler</name>
         <value>0x4139</value>
         <object_component_ref idref="oc-c1"/>
      </symbol>
      <symbol id="sm-225">
         <name>xTaskGetTickCount</name>
         <value>0x4ff5</value>
         <object_component_ref idref="oc-13b"/>
      </symbol>
      <symbol id="sm-226">
         <name>vTaskStepTick</name>
         <value>0x3bad</value>
         <object_component_ref idref="oc-238"/>
      </symbol>
      <symbol id="sm-227">
         <name>vTaskPlaceOnEventList</name>
         <value>0x4a71</value>
         <object_component_ref idref="oc-1a9"/>
      </symbol>
      <symbol id="sm-228">
         <name>vTaskPlaceOnEventListRestricted</name>
         <value>0x3f19</value>
         <object_component_ref idref="oc-271"/>
      </symbol>
      <symbol id="sm-229">
         <name>xTaskRemoveFromEventList</name>
         <value>0x1ef1</value>
         <object_component_ref idref="oc-1a4"/>
      </symbol>
      <symbol id="sm-22a">
         <name>vTaskInternalSetTimeOutState</name>
         <value>0x4eed</value>
         <object_component_ref idref="oc-1a5"/>
      </symbol>
      <symbol id="sm-22b">
         <name>xTaskCheckForTimeOut</name>
         <value>0x36dd</value>
         <object_component_ref idref="oc-1a7"/>
      </symbol>
      <symbol id="sm-22c">
         <name>vTaskMissedYield</name>
         <value>0x4705</value>
         <object_component_ref idref="oc-215"/>
      </symbol>
      <symbol id="sm-22d">
         <name>eTaskConfirmSleepModeStatus</name>
         <value>0x3cb1</value>
         <object_component_ref idref="oc-237"/>
      </symbol>
      <symbol id="sm-22e">
         <name>pvTaskGetThreadLocalStoragePointer</name>
         <value>0x4205</value>
         <object_component_ref idref="oc-22f"/>
      </symbol>
      <symbol id="sm-22f">
         <name>xTaskGetSchedulerState</name>
         <value>0x4a01</value>
         <object_component_ref idref="oc-1a2"/>
      </symbol>
      <symbol id="sm-230">
         <name>xTaskPriorityInherit</name>
         <value>0x2449</value>
         <object_component_ref idref="oc-20c"/>
      </symbol>
      <symbol id="sm-231">
         <name>xTaskPriorityDisinherit</name>
         <value>0x2e25</value>
         <object_component_ref idref="oc-213"/>
      </symbol>
      <symbol id="sm-232">
         <name>vTaskPriorityDisinheritAfterTimeout</name>
         <value>0x21dd</value>
         <object_component_ref idref="oc-20e"/>
      </symbol>
      <symbol id="sm-233">
         <name>pvTaskIncrementMutexHeldCount</name>
         <value>0x4e15</value>
         <object_component_ref idref="oc-20b"/>
      </symbol>
      <symbol id="sm-278">
         <name>xTimerCreateTimerTask</name>
         <value>0x3da9</value>
         <object_component_ref idref="oc-106"/>
      </symbol>
      <symbol id="sm-2a5">
         <name>vPortSuppressTicksAndSleep</name>
         <value>0x1d51</value>
         <object_component_ref idref="oc-1f4"/>
      </symbol>
      <symbol id="sm-2a6">
         <name>vPortSetupTimerInterrupt</name>
         <value>0x4371</value>
         <object_component_ref idref="oc-16e"/>
      </symbol>
      <symbol id="sm-2a7">
         <name>vPortYield</name>
         <value>0x4fc9</value>
         <object_component_ref idref="oc-188"/>
      </symbol>
      <symbol id="sm-2a8">
         <name>vPortEnterCritical</name>
         <value>0x4fb1</value>
         <object_component_ref idref="oc-185"/>
      </symbol>
      <symbol id="sm-2a9">
         <name>vPortExitCritical</name>
         <value>0x4cad</value>
         <object_component_ref idref="oc-187"/>
      </symbol>
      <symbol id="sm-2aa">
         <name>SysTick_Handler</name>
         <value>0x4b39</value>
         <object_component_ref idref="oc-48"/>
      </symbol>
      <symbol id="sm-2ab">
         <name>vPortSVCHandler_C</name>
         <value>0x4c25</value>
         <object_component_ref idref="oc-22"/>
      </symbol>
      <symbol id="sm-2ac">
         <name>pxPortInitialiseStack</name>
         <value>0x29e9</value>
         <object_component_ref idref="oc-205"/>
      </symbol>
      <symbol id="sm-2ad">
         <name>xPortStartScheduler</name>
         <value>0x3c31</value>
         <object_component_ref idref="oc-10b"/>
      </symbol>
      <symbol id="sm-2c5">
         <name>vRestoreContextOfFirstTask</name>
         <value>0x4e41</value>
         <object_component_ref idref="oc-5d"/>
      </symbol>
      <symbol id="sm-2c6">
         <name>vStartFirstTask</name>
         <value>0x5061</value>
         <object_component_ref idref="oc-16f"/>
      </symbol>
      <symbol id="sm-2c7">
         <name>ulSetInterruptMask</name>
         <value>0x50b9</value>
         <object_component_ref idref="oc-83"/>
      </symbol>
      <symbol id="sm-2c8">
         <name>vClearInterruptMask</name>
         <value>0x50c9</value>
         <object_component_ref idref="oc-85"/>
      </symbol>
      <symbol id="sm-2c9">
         <name>PendSV_Handler</name>
         <value>0x4711</value>
         <object_component_ref idref="oc-47"/>
      </symbol>
      <symbol id="sm-2ca">
         <name>SVC_Handler</name>
         <value>0x4df1</value>
         <object_component_ref idref="oc-42"/>
      </symbol>
      <symbol id="sm-2d3">
         <name>PTLS_taskDeleteHook</name>
         <value>0x4dcd</value>
         <object_component_ref idref="oc-1e6"/>
      </symbol>
      <symbol id="sm-2e8">
         <name>vApplicationGetIdleTaskMemory</name>
         <value>0x4d55</value>
         <object_component_ref idref="oc-15e"/>
      </symbol>
      <symbol id="sm-2e9">
         <name>vApplicationGetTimerTaskMemory</name>
         <value>0x4d7d</value>
         <object_component_ref idref="oc-167"/>
      </symbol>
      <symbol id="sm-301">
         <name>vPortFree</name>
         <value>0x3031</value>
         <object_component_ref idref="oc-230"/>
      </symbol>
      <symbol id="sm-312">
         <name>vListInitialise</name>
         <value>0x4c81</value>
         <object_component_ref idref="oc-1f5"/>
      </symbol>
      <symbol id="sm-313">
         <name>vListInitialiseItem</name>
         <value>0x50a1</value>
         <object_component_ref idref="oc-204"/>
      </symbol>
      <symbol id="sm-314">
         <name>vListInsertEnd</name>
         <value>0x4919</value>
         <object_component_ref idref="oc-1e5"/>
      </symbol>
      <symbol id="sm-315">
         <name>vListInsert</name>
         <value>0x3ff9</value>
         <object_component_ref idref="oc-214"/>
      </symbol>
      <symbol id="sm-316">
         <name>uxListRemove</name>
         <value>0x4631</value>
         <object_component_ref idref="oc-1e0"/>
      </symbol>
      <symbol id="sm-321">
         <name>DL_ADC12_setClockConfig</name>
         <value>0x4821</value>
         <object_component_ref idref="oc-19a"/>
      </symbol>
      <symbol id="sm-32a">
         <name>DL_Common_delayCycles</name>
         <value>0x50af</value>
         <object_component_ref idref="oc-11f"/>
      </symbol>
      <symbol id="sm-337">
         <name>DL_SPI_init</name>
         <value>0x46c1</value>
         <object_component_ref idref="oc-193"/>
      </symbol>
      <symbol id="sm-338">
         <name>DL_SPI_setClockConfig</name>
         <value>0x501d</value>
         <object_component_ref idref="oc-18d"/>
      </symbol>
      <symbol id="sm-348">
         <name>DL_UART_init</name>
         <value>0x45a1</value>
         <object_component_ref idref="oc-1ba"/>
      </symbol>
      <symbol id="sm-349">
         <name>DL_UART_setClockConfig</name>
         <value>0x502f</value>
         <object_component_ref idref="oc-1b4"/>
      </symbol>
      <symbol id="sm-34a">
         <name>DL_UART_transmitDataBlocking</name>
         <value>0x4b09</value>
         <object_component_ref idref="oc-1bb"/>
      </symbol>
      <symbol id="sm-355">
         <name>DL_SYSCTL_switchMCLKfromLFCLKtoSYSOSC</name>
         <value>0x4991</value>
         <object_component_ref idref="oc-123"/>
      </symbol>
      <symbol id="sm-367">
         <name>snprintf</name>
         <value>0x45e9</value>
         <object_component_ref idref="oc-14a"/>
      </symbol>
      <symbol id="sm-371">
         <name>__TI_zero_init</name>
         <value>0x5091</value>
         <object_component_ref idref="oc-76"/>
      </symbol>
      <symbol id="sm-37a">
         <name>__TI_decompress_none</name>
         <value>0x5041</value>
         <object_component_ref idref="oc-2d"/>
      </symbol>
      <symbol id="sm-385">
         <name>__TI_decompress_lzss</name>
         <value>0x3e25</value>
         <object_component_ref idref="oc-29"/>
      </symbol>
      <symbol id="sm-390">
         <name>_c_int00_noargs</name>
         <value>0x4da5</value>
         <object_component_ref idref="oc-79"/>
      </symbol>
      <symbol id="sm-391">
         <name>__stack</name>
         <value>0x2020ff00</value>
         <object_component_ref idref="oc-27"/>
      </symbol>
      <symbol id="sm-3b8">
         <name>__TI_printfi_nofloat</name>
         <value>0xc1</value>
         <object_component_ref idref="oc-22b"/>
      </symbol>
      <symbol id="sm-3c3">
         <name>__aeabi_errno_addr</name>
         <value>0x4e39</value>
         <object_component_ref idref="oc-255"/>
      </symbol>
      <symbol id="sm-3c4">
         <name>__aeabi_errno</name>
         <value>0x20202204</value>
         <object_component_ref idref="oc-27d"/>
      </symbol>
      <symbol id="sm-3ce">
         <name>abort</name>
         <value>0x50cf</value>
         <object_component_ref idref="oc-c2"/>
      </symbol>
      <symbol id="sm-3dc">
         <name>atoi</name>
         <value>0x4755</value>
         <object_component_ref idref="oc-24d"/>
      </symbol>
      <symbol id="sm-3e6">
         <name>memccpy</name>
         <value>0x4e89</value>
         <object_component_ref idref="oc-246"/>
      </symbol>
      <symbol id="sm-3f2">
         <name>__TI_auto_init_nobinit_nopinit</name>
         <value>0x48dd</value>
         <object_component_ref idref="oc-c9"/>
      </symbol>
      <symbol id="sm-3fa">
         <name>_system_pre_init</name>
         <value>0x50dd</value>
         <object_component_ref idref="oc-96"/>
      </symbol>
      <symbol id="sm-406">
         <name>wcslen</name>
         <value>0x5081</value>
         <object_component_ref idref="oc-251"/>
      </symbol>
      <symbol id="sm-40c">
         <name>__aeabi_ctype_table_</name>
         <value>0x50f0</value>
         <object_component_ref idref="oc-276"/>
      </symbol>
      <symbol id="sm-40d">
         <name>__aeabi_ctype_table_C</name>
         <value>0x50f0</value>
         <object_component_ref idref="oc-276"/>
      </symbol>
      <symbol id="sm-418">
         <name>HOSTexit</name>
         <value>0x50d5</value>
         <object_component_ref idref="oc-10e"/>
      </symbol>
      <symbol id="sm-419">
         <name>C$$EXIT</name>
         <value>0x50d4</value>
         <object_component_ref idref="oc-10e"/>
      </symbol>
      <symbol id="sm-42e">
         <name>__aeabi_lmul</name>
         <value>0x4e65</value>
         <object_component_ref idref="oc-1bf"/>
      </symbol>
      <symbol id="sm-42f">
         <name>__muldi3</name>
         <value>0x4e65</value>
         <object_component_ref idref="oc-1bf"/>
      </symbol>
      <symbol id="sm-438">
         <name>__aeabi_uidiv</name>
         <value>0x4861</value>
         <object_component_ref idref="oc-13c"/>
      </symbol>
      <symbol id="sm-439">
         <name>__aeabi_uidivmod</name>
         <value>0x4861</value>
         <object_component_ref idref="oc-13c"/>
      </symbol>
      <symbol id="sm-43f">
         <name>__aeabi_uldivmod</name>
         <value>0x5009</value>
         <object_component_ref idref="oc-1c3"/>
      </symbol>
      <symbol id="sm-445">
         <name>__aeabi_memcpy</name>
         <value>0x50c1</value>
         <object_component_ref idref="oc-69"/>
      </symbol>
      <symbol id="sm-446">
         <name>__aeabi_memcpy4</name>
         <value>0x50c1</value>
         <object_component_ref idref="oc-69"/>
      </symbol>
      <symbol id="sm-447">
         <name>__aeabi_memcpy8</name>
         <value>0x50c1</value>
         <object_component_ref idref="oc-69"/>
      </symbol>
      <symbol id="sm-44d">
         <name>__aeabi_memset</name>
         <value>0x4f65</value>
         <object_component_ref idref="oc-92"/>
      </symbol>
      <symbol id="sm-44e">
         <name>__aeabi_memset4</name>
         <value>0x4f65</value>
         <object_component_ref idref="oc-92"/>
      </symbol>
      <symbol id="sm-44f">
         <name>__aeabi_memset8</name>
         <value>0x4f65</value>
         <object_component_ref idref="oc-92"/>
      </symbol>
      <symbol id="sm-450">
         <name>__aeabi_memclr</name>
         <value>0x4f73</value>
         <object_component_ref idref="oc-92"/>
      </symbol>
      <symbol id="sm-451">
         <name>__aeabi_memclr4</name>
         <value>0x4f73</value>
         <object_component_ref idref="oc-92"/>
      </symbol>
      <symbol id="sm-452">
         <name>__aeabi_memclr8</name>
         <value>0x4f73</value>
         <object_component_ref idref="oc-92"/>
      </symbol>
      <symbol id="sm-458">
         <name>__udivmoddi4</name>
         <value>0x3791</value>
         <object_component_ref idref="oc-220"/>
      </symbol>
      <symbol id="sm-45e">
         <name>__muldsi3</name>
         <value>0x4955</value>
         <object_component_ref idref="oc-21b"/>
      </symbol>
      <symbol id="sm-464">
         <name>__aeabi_llsl</name>
         <value>0x4f2d</value>
         <object_component_ref idref="oc-240"/>
      </symbol>
      <symbol id="sm-465">
         <name>__ashldi3</name>
         <value>0x4f2d</value>
         <object_component_ref idref="oc-240"/>
      </symbol>
      <symbol id="sm-471">
         <name>__aeabi_idiv0</name>
         <value>0x4203</value>
         <object_component_ref idref="oc-1ac"/>
      </symbol>
      <symbol id="sm-472">
         <name>__aeabi_ldiv0</name>
         <value>0x46bf</value>
         <object_component_ref idref="oc-23f"/>
      </symbol>
      <symbol id="sm-48e">
         <name>memcpy</name>
         <value>0x38d3</value>
         <object_component_ref idref="oc-b1"/>
      </symbol>
      <symbol id="sm-49d">
         <name>memset</name>
         <value>0x41a1</value>
         <object_component_ref idref="oc-e1"/>
      </symbol>
      <symbol id="sm-49e">
         <name>__TI_static_base__</name>
         <value>0x0</value>
      </symbol>
      <symbol id="sm-4a1">
         <name>__mpu_init</name>
         <value>0x0</value>
      </symbol>
      <symbol id="sm-4a2">
         <name>_system_post_cinit</name>
         <value>0x0</value>
      </symbol>
   </symbol_table>
   <title>Link successful</title>
</link_info>
