******************************************************************************
            TI ARM Clang Linker Unix v5.1.1                    
******************************************************************************
>> Linked Thu Sep 10 12:58:07 2026

OUTPUT FILE NAME:   <MSPM0_DC_Board.out>
ENTRY POINT SYMBOL: "_c_int00_noargs"  address: 00004da5


MEMORY CONFIGURATION

         name            origin    length      used     unused   attr    fill
----------------------  --------  ---------  --------  --------  ----  --------
  FLASH                 00000000   00080000  00005588  0007aa78  R  X
  SRAM_BANK0            20200000   00010000  00002365  0000dc9b  RW X
  SRAM_BANK1            20210000   00010000  00000000  00010000  RW X
  BCR_CONFIG            41c00000   000000ff  00000000  000000ff  R   
  BSL_CONFIG            41c00100   00000080  00000000  00000080  R   
  DATA                  41d00000   00004000  00000000  00004000  R   


SEGMENT ALLOCATION MAP

run origin  load origin   length   init length attrs members
----------  ----------- ---------- ----------- ----- -------
00000000    00000000    00005588   00005588    r-x
  00000000    00000000    000000c0   000000c0    r-- .intvecs
  000000c0    000000c0    00005030   00005030    r-x .text
  000050f0    000050f0    00000460   00000460    r-- .rodata
  00005550    00005550    00000038   00000038    r-- .cinit
20200000    20200000    00002266   00000000    rw-
  20200000    20200000    000021fb   00000000    rw- .bss
  202021fc    202021fc    0000006a   00000000    rw- .data
2020ff00    2020ff00    00000100   00000000    rw-
  2020ff00    2020ff00    00000100   00000000    rw- .stack


SECTION ALLOCATION MAP

 output                                  attributes/
section   page    origin      length       input sections
--------  ----  ----------  ----------   ----------------
.intvecs   0    00000000    000000c0     
                  00000000    000000c0     startup_mspm0g351x_ticlang.o (.intvecs)

.text      0    000000c0    00005030     
                  000000c0    000008dc     libc.a : _printfi.c.obj (.text:__TI_printfi_nofloat)
                  0000099c    00000390     ad5672r.o (.text.writeFrame)
                  00000d2c    000002b4     terminal.o (.text.Terminal_processInput)
                  00000fe0    00000210     freertos_builds_LP_MSPM0G3519_release_ticlang.lib : tasks.o (.text.xTaskIncrementTick)
                  000011f0    0000020c     terminal.o (.text.Terminal_render)
                  000013fc    00000208     terminal.o (.text.Terminal_init)
                  00001604    000001f8     freertos_builds_LP_MSPM0G3519_release_ticlang.lib : tasks.o (.text.xTaskResumeAll)
                  000017fc    000001de                                                       : queue.o (.text.xQueueSemaphoreTake)
                  000019da    000001d2                                                       : queue.o (.text.xQueueGenericSend)
                  00001bac    000001a4                                                       : queue.o (.text.xQueueReceive)
                  00001d50    000001a0                                                       : port.o (.text.vPortSuppressTicksAndSleep)
                  00001ef0    00000190                                                       : tasks.o (.text.xTaskRemoveFromEventList)
                  00002080    0000015c                                                       : timers.o (.text.prvProcessReceivedCommands)
                  000021dc    00000144                                                       : tasks.o (.text.vTaskPriorityDisinheritAfterTimeout)
                  00002320    00000128                                                       : tasks.o (.text.prvAddNewTaskToReadyList)
                  00002448    00000128                                                       : tasks.o (.text.xTaskPriorityInherit)
                  00002570    00000124     feedback_adc.o (.text.FeedbackADC_read)
                  00002694    0000011c     terminal.o (.text.Terminal_task)
                  000027b0    0000011c     main.o (.text.mainThread)
                  000028cc    0000011c     freertos_builds_LP_MSPM0G3519_release_ticlang.lib : tasks.o (.text.vTaskDelete)
                  000029e8    00000114                                                       : port.o (.text.pxPortInitialiseStack)
                  00002afc    00000110     ad5672r.o (.text.AD5672R_init)
                  00002c0c    0000010c     freertos_builds_LP_MSPM0G3519_release_ticlang.lib : heap_4.o (.text.prvInsertBlockIntoFreeList)
                  00002d18    0000010c                                                       : tasks.o (.text.vTaskSwitchContext)
                  00002e24    00000108                                                       : tasks.o (.text.xTaskPriorityDisinherit)
                  00002f2c    00000104                                                       : tasks.o (.text.prvInitialiseNewTask)
                  00003030    000000f8                                                       : heap_4.o (.text.vPortFree)
                  00003128    000000e4                                                       : tasks.o (.text.prvAddCurrentTaskToDelayedList)
                  0000320c    000000e4                                                       : queue.o (.text.xQueueGenericReset)
                  000032f0    000000d8     app_tasks.o (.text.AppTasks_init)
                  000033c8    000000d4     freertos_builds_LP_MSPM0G3519_release_ticlang.lib : queue.o (.text.prvCopyDataToQueue)
                  0000349c    000000cc                                                       : tasks.o (.text.prvCreateIdleTasks)
                  00003568    000000bc     terminal.o (.text.terminalMessage)
                  00003624    000000b6     freertos_builds_LP_MSPM0G3519_release_ticlang.lib : queue.o (.text.prvUnlockQueue)
                  000036da    00000002     startup_mspm0g351x_ticlang.o (.text.Default_Handler)
                  000036dc    000000b4     freertos_builds_LP_MSPM0G3519_release_ticlang.lib : tasks.o (.text.xTaskCheckForTimeOut)
                  00003790    000000a2     libclang_rt.builtins.a : udivmoddi4.S.obj (.text)
                  00003832    000000a0     freertos_builds_LP_MSPM0G3519_release_ticlang.lib : queue.o (.text.xQueueGenericCreateStatic)
                  000038d2    0000009a     libc.a : memcpy16.S.obj (.text:memcpy)
                  0000396c    00000098     feedback_adc.o (.text.FeedbackADC_init)
                  00003a04    00000098     freertos_builds_LP_MSPM0G3519_release_ticlang.lib : tasks.o (.text.prvCreateStaticTask)
                  00003a9c    0000008c                                                       : timers.o (.text.prvProcessTimerOrBlockTask)
                  00003b28    00000084                                                       : timers.o (.text.prvInsertTimerInActiveList)
                  00003bac    00000084                                                       : tasks.o (.text.vTaskStepTick)
                  00003c30    00000080                                                       : port.o (.text.xPortStartScheduler)
                  00003cb0    0000007c                                                       : tasks.o (.text.eTaskConfirmSleepModeStatus)
                  00003d2c    0000007c                                                       : tasks.o (.text.prvInitialiseTaskLists)
                  00003da8    0000007c                                                       : timers.o (.text.xTimerCreateTimerTask)
                  00003e24    0000007c     libc.a : copy_decompress_lzss.c.obj (.text:decompress:lzss)
                  00003ea0    00000078     freertos_builds_LP_MSPM0G3519_release_ticlang.lib : tasks.o (.text.prvGetExpectedIdleTime)
                  00003f18    00000074                                                       : tasks.o (.text.vTaskPlaceOnEventListRestricted)
                  00003f8c    0000006c                                                       : timers.o (.text.prvCheckForValidListAndQueue)
                  00003ff8    0000006c                                                       : list.o (.text.vListInsert)
                  00004064    0000006a                                                       : queue.o (.text.vQueueWaitForMessageRestricted)
                  000040ce    00000002     ti_msp_dl_config.o (.text.SYSCFG_DL_GPIO_init)
                  000040d0    00000068     terminal.o (.text.UART0_IRQHandler)
                  00004138    00000068     freertos_builds_LP_MSPM0G3519_release_ticlang.lib : tasks.o (.text.vTaskStartScheduler)
                  000041a0    00000062     libc.a : memset16.S.obj (.text:memset)
                  00004202    00000002     libclang_rt.builtins.a : aeabi_div0.c.obj (.text.__aeabi_idiv0)
                  00004204    00000060     freertos_builds_LP_MSPM0G3519_release_ticlang.lib : tasks.o (.text.pvTaskGetThreadLocalStoragePointer)
                  00004264    0000005c     ad5672r.o (.text.AD5672R_write)
                  000042c0    0000005c     freertos_builds_LP_MSPM0G3519_release_ticlang.lib : tasks.o (.text.prvIdleTask)
                  0000431c    00000054     ti_msp_dl_config.o (.text.SYSCFG_DL_SYSCTL_init)
                  00004370    00000054     freertos_builds_LP_MSPM0G3519_release_ticlang.lib : port.o (.text.vPortSetupTimerInterrupt)
                  000043c4    00000050     app_tasks.o (.text.App_submitSetpoint)
                  00004414    00000050     freertos_builds_LP_MSPM0G3519_release_ticlang.lib : tasks.o (.text.prvCheckTasksWaitingTermination)
                  00004464    00000050                                                       : tasks.o (.text.prvDeleteTCB)
                  000044b4    00000050                                                       : timers.o (.text.prvProcessExpiredTimer)
                  00004504    00000050                                                       : tasks.o (.text.vTaskDelay)
                  00004554    0000004c                                                       : tasks.o (.text.xTaskCreateStatic)
                  000045a0    00000048     driverlib.a : dl_uart.o (.text.DL_UART_init)
                  000045e8    00000048     libc.a : snprintf.c.obj (.text.snprintf)
                  00004630    00000048     freertos_builds_LP_MSPM0G3519_release_ticlang.lib : list.o (.text.uxListRemove)
                  00004678    00000046                                                       : queue.o (.text.prvInitialiseNewQueue)
                  000046be    00000002     libclang_rt.builtins.a : aeabi_div0.c.obj (.text.__aeabi_ldiv0)
                  000046c0    00000044     driverlib.a : dl_spi.o (.text.DL_SPI_init)
                  00004704    0000000c     freertos_builds_LP_MSPM0G3519_release_ticlang.lib : tasks.o (.text.vTaskMissedYield)
                  00004710    00000044                                                       : portasm.o (.text.PendSV_Handler)
                  00004754    00000044     libc.a : atoi.c.obj (.text.atoi)
                  00004798    00000044     freertos_builds_LP_MSPM0G3519_release_ticlang.lib : queue.o (.text.prvCopyDataFromQueue)
                  000047dc    00000044                                                       : timers.o (.text.prvSwitchTimerLists)
                  00004820    00000040     driverlib.a : dl_adc12.o (.text.DL_ADC12_setClockConfig)
                  00004860    00000040     libclang_rt.builtins.a : aeabi_uidivmod.S.obj (.text)
                  000048a0    0000003c     freertos_builds_LP_MSPM0G3519_release_ticlang.lib : timers.o (.text.prvSampleTimeNow)
                  000048dc    0000003c     libc.a : autoinit.c.obj (.text:__TI_auto_init_nobinit_nopinit)
                  00004918    0000003a     freertos_builds_LP_MSPM0G3519_release_ticlang.lib : list.o (.text.vListInsertEnd)
                  00004952    00000002     --HOLE-- [fill = 0]
                  00004954    0000003a     libclang_rt.builtins.a : muldsi3.S.obj (.text)
                  0000498e    00000002     --HOLE-- [fill = 0]
                  00004990    00000038     driverlib.a : dl_sysctl_mspm0gx51x.o (.text.DL_SYSCTL_switchMCLKfromLFCLKtoSYSOSC)
                  000049c8    00000038     freertos_builds_LP_MSPM0G3519_release_ticlang.lib : timers.o (.text.prvGetNextExpireTime)
                  00004a00    00000038                                                       : tasks.o (.text.xTaskGetSchedulerState)
                  00004a38    00000036                                                       : timers.o (.text.prvReloadTimer)
                  00004a6e    00000002     --HOLE-- [fill = 0]
                  00004a70    00000034                                                       : tasks.o (.text.vTaskPlaceOnEventList)
                  00004aa4    00000032     libc.a : snprintf.c.obj (.text._outs)
                  00004ad6    00000032     freertos_builds_LP_MSPM0G3519_release_ticlang.lib : queue.o (.text.xQueueCreateMutexStatic)
                  00004b08    00000030     driverlib.a : dl_uart.o (.text.DL_UART_transmitDataBlocking)
                  00004b38    00000030     freertos_builds_LP_MSPM0G3519_release_ticlang.lib : port.o (.text.SysTick_Handler)
                  00004b68    00000030                                                       : tasks.o (.text.prvResetNextTaskUnblockTime)
                  00004b98    00000030                                                       : port.o (.text.prvTaskExitError)
                  00004bc8    0000002e                                                       : queue.o (.text.prvInitialiseMutex)
                  00004bf6    0000002e                                                       : queue.o (.text.prvIsQueueFull)
                  00004c24    0000002e                                                       : port.o (.text.vPortSVCHandler_C)
                  00004c52    00000002     --HOLE-- [fill = 0]
                  00004c54    0000002c     ti_msp_dl_config.o (.text.SYSCFG_DL_initPower)
                  00004c80    0000002c     freertos_builds_LP_MSPM0G3519_release_ticlang.lib : list.o (.text.vListInitialise)
                  00004cac    0000002c                                                       : port.o (.text.vPortExitCritical)
                  00004cd8    0000002a                                                       : queue.o (.text.prvIsQueueEmpty)
                  00004d02    00000002     --HOLE-- [fill = 0]
                  00004d04    00000028     app_tasks.o (.text.App_takeResult)
                  00004d2c    00000028     freertos_builds_LP_MSPM0G3519_release_ticlang.lib : queue.o (.text.prvGetHighestPriorityOfWaitToReceiveList)
                  00004d54    00000028                                                       : StaticAllocs_freertos.o (.text.vApplicationGetIdleTaskMemory)
                  00004d7c    00000028                                                       : StaticAllocs_freertos.o (.text.vApplicationGetTimerTaskMemory)
                  00004da4    00000028     libc.a : boot_cortex_m.c.obj (.text:_c_int00_noargs)
                  00004dcc    00000024     freertos_builds_LP_MSPM0G3519_release_ticlang.lib : PTLS.o (.text.PTLS_taskDeleteHook)
                  00004df0    00000024                                                       : portasm.o (.text.SVC_Handler)
                  00004e14    00000024                                                       : tasks.o (.text.pvTaskIncrementMutexHeldCount)
                  00004e38    00000008     libc.a : aeabi_portable.c.obj (.text.__aeabi_errno_addr)
                  00004e40    00000024     freertos_builds_LP_MSPM0G3519_release_ticlang.lib : portasm.o (.text.vRestoreContextOfFirstTask)
                  00004e64    00000024     libclang_rt.builtins.a : muldi3.S.obj (.text)
                  00004e88    00000022     libc.a : memccpy.c.obj (.text.memccpy)
                  00004eaa    00000020     startup_mspm0g351x_ticlang.o (.text.HardFault_Handler)
                  00004eca    00000002     --HOLE-- [fill = 0]
                  00004ecc    00000020     ti_msp_dl_config.o (.text.SYSCFG_DL_SYSCTL_CLK_init)
                  00004eec    00000020     freertos_builds_LP_MSPM0G3519_release_ticlang.lib : tasks.o (.text.vTaskInternalSetTimeOutState)
                  00004f0c    0000001e                                                       : timers.o (.text.prvTimerTask)
                  00004f2a    00000002     --HOLE-- [fill = 0]
                  00004f2c    0000001e     libclang_rt.builtins.a : ashldi3.S.obj (.text)
                  00004f4a    0000001a     main_freertos.o (.text.main)
                  00004f64    0000001a     libclang_rt.builtins.a : aeabi_memset.S.obj (.text)
                  00004f7e    00000018     libc.a : snprintf.c.obj (.text._outc)
                  00004f96    00000018     startup_mspm0g351x_ticlang.o (.text.prvGetRegistersFromStack)
                  00004fae    00000002     --HOLE-- [fill = 0]
                  00004fb0    00000018     freertos_builds_LP_MSPM0G3519_release_ticlang.lib : port.o (.text.vPortEnterCritical)
                  00004fc8    00000018                                                       : port.o (.text.vPortYield)
                  00004fe0    00000014     ti_msp_dl_config.o (.text.SYSCFG_DL_init)
                  00004ff4    00000014     freertos_builds_LP_MSPM0G3519_release_ticlang.lib : tasks.o (.text.xTaskGetTickCount)
                  00005008    00000014     libclang_rt.builtins.a : aeabi_uldivmod.S.obj (.text)
                  0000501c    00000012     driverlib.a : dl_spi.o (.text.DL_SPI_setClockConfig)
                  0000502e    00000012                 : dl_uart.o (.text.DL_UART_setClockConfig)
                  00005040    00000012     libc.a : copy_decompress_none.c.obj (.text:decompress:none)
                  00005052    0000000e            : _printfi.c.obj (.text.strlen)
                  00005060    00000010     freertos_builds_LP_MSPM0G3519_release_ticlang.lib : portasm.o (.text.vStartFirstTask)
                  00005070    00000010                                                       : tasks.o (.text.vTaskSuspendAll)
                  00005080    00000010     libc.a : wcslen.c.obj (.text.wcslen)
                  00005090    00000010            : copy_zero_init.c.obj (.text:decompress:ZI)
                  000050a0    0000000e     freertos_builds_LP_MSPM0G3519_release_ticlang.lib : list.o (.text.vListInitialiseItem)
                  000050ae    0000000a     driverlib.a : dl_common.o (.text.DL_Common_delayCycles)
                  000050b8    00000008     freertos_builds_LP_MSPM0G3519_release_ticlang.lib : portasm.o (.text.ulSetInterruptMask)
                  000050c0    00000008     libclang_rt.builtins.a : aeabi_memcpy.S.obj (.text)
                  000050c8    00000006     freertos_builds_LP_MSPM0G3519_release_ticlang.lib : portasm.o (.text.vClearInterruptMask)
                  000050ce    00000006     libc.a : exit.c.obj (.text:abort)
                  000050d4    00000004     libsysbm.a : hostexit.c.obj (.text.HOSTexit)
                  000050d8    00000004     startup_mspm0g351x_ticlang.o (.text.Reset_Handler)
                  000050dc    00000004     libc.a : pre_init.c.obj (.text._system_pre_init)
                  000050e0    00000004     main_freertos.o (.text.vApplicationStackOverflowHook)
                  000050e4    0000000c     --HOLE-- [fill = 0]

.cinit     0    00005550    00000038     
                  00005550    00000011     (.cinit..data.load) [load image, compression = lzss]
                  00005561    00000003     --HOLE-- [fill = 0]
                  00005564    0000000c     (__TI_handler_table)
                  00005570    00000008     (.cinit..bss.load) [load image, compression = zero_init]
                  00005578    00000010     (__TI_cinit_table)

.rodata    0    000050f0    00000460     
                  000050f0    00000101     libc.a : aeabi_ctype.S.obj (.rodata:__aeabi_ctype_table_)
                  000051f1    00000052     terminal.o (.rodata.str1.16047146788668584326.1)
                  00005243    0000004d     terminal.o (.rodata.str1.15740170714936956242.1)
                  00005290    0000004a     terminal.o (.rodata.str1.13283834318130709198.1)
                  000052da    00000045     terminal.o (.rodata.str1.264925634728219568.1)
                  0000531f    00000042     terminal.o (.rodata.str1.9110687098463089990.1)
                  00005361    0000003f     terminal.o (.rodata.str1.18221322069411725420.1)
                  000053a0    0000003f     terminal.o (.rodata.str1.3265491550708476887.1)
                  000053df    00000035     terminal.o (.rodata.str1.2799419966948530727.1)
                  00005414    00000032     terminal.o (.rodata.str1.11382620075088537454.1)
                  00005446    00000029     terminal.o (.rodata.str1.15843636041661731682.1)
                  0000546f    00000024     terminal.o (.rodata.str1.16946114286282650248.1)
                  00005493    00000001     terminal.o (.rodata.str1.13020382265522799008.1)
                  00005494    00000019     terminal.o (.rodata.str1.15258234472093852417.4)
                  000054ad    00000018     terminal.o (.rodata.str1.16146250610298872728.1)
                  000054c5    00000003     --HOLE-- [fill = 0]
                  000054c8    00000017     terminal.o (.rodata.str1.959832427763643381.4)
                  000054df    00000011     libc.a : _printfi.c.obj (.rodata.str1.10348868589481759720.1)
                  000054f0    00000011            : _printfi.c.obj (.rodata.str1.15363888844622738466.1)
                  00005501    00000010     terminal.o (.rodata.str1.5823948515299904180.1)
                  00005511    00000009     terminal.o (.rodata.str1.2987664217619187574.1)
                  0000551a    00000008     freertos_builds_LP_MSPM0G3519_release_ticlang.lib : timers.o (.rodata.str1.6031452896567546882.1)
                  00005522    00000008     app_tasks.o (.rodata.str1.7013311988601630215.1)
                  0000552a    00000008     app_tasks.o (.rodata.str1.8494337133849666820.1)
                  00005532    00000007     terminal.o (.rodata.str1.16477651048789504649.1)
                  00005539    00000006     terminal.o (.rodata.str1.14648947051603612628.1)
                  0000553f    00000005     freertos_builds_LP_MSPM0G3519_release_ticlang.lib : tasks.o (.rodata.str1.13344916649340266805.1)
                  00005544    00000005     terminal.o (.rodata.str1.9890126561332334521.1)
                  00005549    00000003     --HOLE-- [fill = 0]
                  0000554c    00000004     freertos_builds_LP_MSPM0G3519_release_ticlang.lib : tasks.o (.rodata.uxTopUsedPriority)

.init_array 
*          0    00000000    00000000     UNINITIALIZED

.binit     0    00000000    00000000     

.bss       0    20200000    000021fb     UNINITIALIZED
                  20200000    00000c00     freertos_builds_LP_MSPM0G3519_release_ticlang.lib : heap_4.o (.bss.ucHeap)
                  20200c00    00000800     app_tasks.o (.bss.communicationsStack)
                  20201400    00000400     app_tasks.o (.bss.controlStack)
                  20201800    00000200     freertos_builds_LP_MSPM0G3519_release_ticlang.lib : StaticAllocs_freertos.o (.bss.vApplicationGetIdleTaskMemory.uxIdleTaskStack)
                  20201a00    00000200                                                       : StaticAllocs_freertos.o (.bss.vApplicationGetTimerTaskMemory.uxTimerTaskStack)
                  20201c00    000000c8                                                       : tasks.o (.bss.pxReadyTasksLists)
                  20201cc8    00000080     terminal.o (.bss.rxBuffer)
                  20201d48    00000078     freertos_builds_LP_MSPM0G3519_release_ticlang.lib : timers.o (.bss.prvCheckForValidListAndQueue.ucStaticTimerQueueStorage)
                  20201dc0    00000068     app_tasks.o (.bss.communicationsTaskStorage)
                  20201e28    00000068     app_tasks.o (.bss.controlTaskStorage)
                  20201e90    00000068     freertos_builds_LP_MSPM0G3519_release_ticlang.lib : StaticAllocs_freertos.o (.bss.vApplicationGetIdleTaskMemory.xIdleTaskTCB)
                  20201ef8    00000068                                                       : StaticAllocs_freertos.o (.bss.vApplicationGetTimerTaskMemory.xTimerTaskTCB)
                  20201f60    00000050     app_tasks.o (.bss.commandQueueStorage)
                  20201fb0    00000050     app_tasks.o (.bss.measurementQueueStorage)
                  20202000    00000050     ad5672r.o (.bss.mutexStorage)
                  20202050    00000050     freertos_builds_LP_MSPM0G3519_release_ticlang.lib : timers.o (.bss.prvCheckForValidListAndQueue.xStaticTimerQueue)
                  202020a0    00000050     app_tasks.o (.bss.resultQueueStorage)
                  202020f0    00000018     terminal.o (.bss.command)
                  20202108    00000014     freertos_builds_LP_MSPM0G3519_release_ticlang.lib : timers.o (.bss.xActiveTimerList1)
                  2020211c    00000014                                                       : timers.o (.bss.xActiveTimerList2)
                  20202130    00000014                                                       : tasks.o (.bss.xDelayedTaskList1)
                  20202144    00000014                                                       : tasks.o (.bss.xDelayedTaskList2)
                  20202158    00000014                                                       : tasks.o (.bss.xPendingReadyList)
                  2020216c    00000014                                                       : tasks.o (.bss.xSuspendedTaskList)
                  20202180    00000014                                                       : tasks.o (.bss.xTasksWaitingTermination)
                  20202194    00000010     app_tasks.o (.bss.measurementStorage)
                  202021a4    0000000c     app_tasks.o (.bss.resultStorage)
                  202021b0    00000008     app_tasks.o (.bss.commandStorage)
                  202021b8    00000008     freertos_builds_LP_MSPM0G3519_release_ticlang.lib : heap_4.o (.bss.xStart)
                  202021c0    00000004     terminal.o (.bss.commandLength)
                  202021c4    00000004     ad5672r.o (.bss.dacMutex)
                  202021c8    00000004     terminal.o (.bss.dacSetMillivolts)
                  202021cc    00000004     freertos_builds_LP_MSPM0G3519_release_ticlang.lib : timers.o (.bss.pxCurrentTimerList)
                  202021d0    00000004                                                       : tasks.o (.bss.pxDelayedTaskList)
                  202021d4    00000004                                                       : tasks.o (.bss.pxOverflowDelayedTaskList)
                  202021d8    00000004                                                       : timers.o (.bss.pxOverflowTimerList)
                  202021dc    00000004     terminal.o (.bss.rxHead)
                  202021e0    00000004     terminal.o (.bss.rxTail)
                  202021e4    00000004     freertos_builds_LP_MSPM0G3519_release_ticlang.lib : tasks.o (.bss.xIdleTaskHandles)
                  202021e8    00000004     (.common:appCommandQueue)
                  202021ec    00000004     (.common:appMeasurementQueue)
                  202021f0    00000004     (.common:appResultQueue)
                  202021f4    00000001     terminal.o (.bss.adcValid)
                  202021f5    00000001     terminal.o (.bss.discardCommand)
                  202021f6    00000001     ad5672r.o (.bss.initialized)
                  202021f7    00000001     terminal.o (.bss.previousWasCR)
                  202021f8    00000001     app_tasks.o (.bss.requestPending)
                  202021f9    00000001     terminal.o (.bss.rxFault)
                  202021fa    00000001     terminal.o (.bss.setpointPending)

.data      0    202021fc    0000006a     UNINITIALIZED
                  202021fc    00000008     terminal.o (.data.adcMillivolts)
                  20202204    00000004     libc.a : aeabi_portable.c.obj (.data.__aeabi_errno)
                  20202208    00000004     terminal.o (.data.adcRaw)
                  2020220c    00000004     freertos_builds_LP_MSPM0G3519_release_ticlang.lib : timers.o (.data.prvSampleTimeNow.xLastTime)
                  20202210    00000004                                                       : tasks.o (.data.pxCurrentTCB)
                  20202214    00000004                                                       : heap_4.o (.data.pxEnd)
                  20202218    00000004                                                       : port.o (.data.ulCriticalNesting)
                  2020221c    00000004                                                       : port.o (.data.ulStoppedTimerCompensation)
                  20202220    00000004                                                       : port.o (.data.ulTimerCountsForOneTick)
                  20202224    00000004                                                       : tasks.o (.data.uxCurrentNumberOfTasks)
                  20202228    00000004                                                       : tasks.o (.data.uxDeletedTasksWaitingCleanUp)
                  2020222c    00000004                                                       : tasks.o (.data.uxSchedulerSuspended)
                  20202230    00000004                                                       : tasks.o (.data.uxTaskNumber)
                  20202234    00000004                                                       : tasks.o (.data.uxTopReadyPriority)
                  20202238    00000004                                                       : heap_4.o (.data.xFreeBytesRemaining)
                  2020223c    00000004                                                       : port.o (.data.xMaximumPossibleSuppressedTicks)
                  20202240    00000004                                                       : tasks.o (.data.xNextTaskUnblockTime)
                  20202244    00000004                                                       : tasks.o (.data.xNumOfOverflows)
                  20202248    00000004                                                       : heap_4.o (.data.xNumberOfSuccessfulFrees)
                  2020224c    00000004                                                       : tasks.o (.data.xPendedTicks)
                  20202250    00000004                                                       : tasks.o (.data.xSchedulerRunning)
                  20202254    00000004                                                       : tasks.o (.data.xTickCount)
                  20202258    00000004                                                       : timers.o (.data.xTimerQueue)
                  2020225c    00000004                                                       : timers.o (.data.xTimerTaskHandle)
                  20202260    00000004                                                       : tasks.o (.data.xYieldPendings)
                  20202264    00000001     terminal.o (.data.adcError)
                  20202265    00000001     terminal.o (.data.dacError)

.stack     0    2020ff00    00000100     UNINITIALIZED
                  2020ff00    00000004     libc.a : boot_cortex_m.c.obj (.stack)
                  2020ff04    000000fc     --HOLE--

__llvm_prf_cnts 
*          0    20200000    00000000     UNINITIALIZED

__llvm_prf_bits 
*          0    20200000    00000000     UNINITIALIZED

MODULE SUMMARY

       Module                         code    ro data   rw data
       ------                         ----    -------   -------
    ./
       app_tasks.o                    336     16        3569   
       terminal.o                     2312    790       187    
       ad5672r.o                      1276    0         85     
       feedback_adc.o                 444     0         0      
       main.o                         284     0         0      
       ti_msp_dl_config.o             182     0         0      
       main_freertos.o                30      0         0      
    +--+------------------------------+-------+---------+---------+
       Total:                         4864    806       3841   
                                                               
    ./freertos/ticlang/
       startup_mspm0g351x_ticlang.o   62      192       0      
    +--+------------------------------+-------+---------+---------+
       Total:                         62      192       0      
                                                               
    /home/jim/ti/ccs2101/ccs/tools/compiler/ti-cgt-armllvm_5.1.1.LTS/lib/armv6m-ti-none-eabi/c/libc.a
       _printfi.c.obj                 2282    34        0      
       aeabi_ctype.S.obj              0       257       0      
       memcpy16.S.obj                 154     0         0      
       snprintf.c.obj                 146     0         0      
       copy_decompress_lzss.c.obj     124     0         0      
       memset16.S.obj                 98      0         0      
       atoi.c.obj                     68      0         0      
       autoinit.c.obj                 60      0         0      
       boot_cortex_m.c.obj            40      0         0      
       memccpy.c.obj                  34      0         0      
       copy_decompress_none.c.obj     18      0         0      
       copy_zero_init.c.obj           16      0         0      
       wcslen.c.obj                   16      0         0      
       aeabi_portable.c.obj           8       0         4      
       exit.c.obj                     6       0         0      
       pre_init.c.obj                 4       0         0      
    +--+------------------------------+-------+---------+---------+
       Total:                         3074    291       4      
                                                               
    /home/jim/ti/ccs2101/ccs/tools/compiler/ti-cgt-armllvm_5.1.1.LTS/lib/armv6m-ti-none-eabi/c/libsysbm.a
       hostexit.c.obj                 4       0         0      
    +--+------------------------------+-------+---------+---------+
       Total:                         4       0         0      
                                                               
    /home/jim/ti/ccs2101/ccs/tools/compiler/ti-cgt-armllvm_5.1.1.LTS/lib/armv6m-ti-none-eabi/libclang_rt.builtins.a
       udivmoddi4.S.obj               162     0         0      
       aeabi_uidivmod.S.obj           64      0         0      
       muldsi3.S.obj                  58      0         0      
       muldi3.S.obj                   36      0         0      
       ashldi3.S.obj                  30      0         0      
       aeabi_memset.S.obj             26      0         0      
       aeabi_uldivmod.S.obj           20      0         0      
       aeabi_memcpy.S.obj             8       0         0      
       aeabi_div0.c.obj               4       0         0      
    +--+------------------------------+-------+---------+---------+
       Total:                         408     0         0      
                                                               
    /home/jim/ti/mspm0_sdk_2_11_00_07/source/ti/driverlib/lib/ticlang/m0p/mspm0gx51x/driverlib.a
       dl_uart.o                      138     0         0      
       dl_spi.o                       86      0         0      
       dl_adc12.o                     64      0         0      
       dl_sysctl_mspm0gx51x.o         56      0         0      
       dl_common.o                    10      0         0      
    +--+------------------------------+-------+---------+---------+
       Total:                         354     0         0      
                                                               
    /home/jim/workspace_ccstheia/freertos_builds_LP_MSPM0G3519_release_ticlang/Debug/freertos_builds_LP_MSPM0G3519_release_ticlang.lib
       tasks.o                        5684    9         360    
       heap_4.o                       516     0         3092   
       queue.o                        2614    0         0      
       timers.o                       1200    8         260    
       StaticAllocs_freertos.o        80      0         1232   
       port.o                         1138    0         16     
       list.o                         296     0         0      
       portasm.o                      170     0         0      
       PTLS.o                         36      0         0      
    +--+------------------------------+-------+---------+---------+
       Total:                         11734   17        4960   
                                                               
       Stack:                         0       0         256    
       Linker Generated:              0       53        0      
    +--+------------------------------+-------+---------+---------+
       Grand Total:                   20500   1359      9061   


LINKER GENERATED COPY TABLES

__TI_cinit_table @ 00005578 records: 2, size/record: 8, table size: 16
	.data: load addr=00005550, load size=00000011 bytes, run addr=202021fc, run size=0000006a bytes, compression=lzss
	.bss: load addr=00005570, load size=00000008 bytes, run addr=20200000, run size=000021fb bytes, compression=zero_init


LINKER GENERATED HANDLER TABLE

__TI_handler_table @ 00005564 records: 3, size/record: 4, table size: 12
	index: 0, handler: __TI_decompress_lzss
	index: 1, handler: __TI_decompress_none
	index: 2, handler: __TI_zero_init


GLOBAL SYMBOLS: SORTED ALPHABETICALLY BY Name 

address   name                                 
-------   ----                                 
00002afd  AD5672R_init                         
00004265  AD5672R_write                        
000036db  ADC0_IRQHandler                      
000036db  ADC1_IRQHandler                      
000036db  AESADV_IRQHandler                    
000032f1  AppTasks_init                        
000043c5  App_submitSetpoint                   
00004d05  App_takeResult                       
000050d4  C$$EXIT                              
000036db  CANFD0_IRQHandler                    
000036db  CANFD1_IRQHandler                    
000036db  DAC0_IRQHandler                      
00004821  DL_ADC12_setClockConfig              
000050af  DL_Common_delayCycles                
000046c1  DL_SPI_init                          
0000501d  DL_SPI_setClockConfig                
00004991  DL_SYSCTL_switchMCLKfromLFCLKtoSYSOSC
000045a1  DL_UART_init                         
0000502f  DL_UART_setClockConfig               
00004b09  DL_UART_transmitDataBlocking         
000036db  DMA_IRQHandler                       
000036db  Default_Handler                      
0000396d  FeedbackADC_init                     
00002571  FeedbackADC_read                     
000036db  GROUP0_IRQHandler                    
000036db  GROUP1_IRQHandler                    
000050d5  HOSTexit                             
00004eab  HardFault_Handler                    
000036db  I2C0_IRQHandler                      
000036db  I2C1_IRQHandler                      
000036db  I2C2_IRQHandler                      
000036db  LFSS_IRQHandler                      
000036db  NMI_Handler                          
00004dcd  PTLS_taskDeleteHook                  
00004711  PendSV_Handler                       
000050d9  Reset_Handler                        
000036db  SPI0_IRQHandler                      
000036db  SPI1_IRQHandler                      
000036db  SPI2_IRQHandler                      
00004df1  SVC_Handler                          
000040cf  SYSCFG_DL_GPIO_init                  
00004ecd  SYSCFG_DL_SYSCTL_CLK_init            
0000431d  SYSCFG_DL_SYSCTL_init                
00004fe1  SYSCFG_DL_init                       
00004c55  SYSCFG_DL_initPower                  
00004b39  SysTick_Handler                      
000036db  TIMA0_IRQHandler                     
000036db  TIMA1_IRQHandler                     
000036db  TIMG0_IRQHandler                     
000036db  TIMG12_IRQHandler                    
000036db  TIMG14_IRQHandler                    
000036db  TIMG6_IRQHandler                     
000036db  TIMG7_IRQHandler                     
000036db  TIMG8_IRQHandler                     
000036db  TIMG9_IRQHandler                     
000013fd  Terminal_init                        
00000d2d  Terminal_processInput                
000011f1  Terminal_render                      
00002695  Terminal_task                        
000040d1  UART0_IRQHandler                     
000036db  UART1_IRQHandler                     
000036db  UART3_IRQHandler                     
000036db  UART4_IRQHandler                     
000036db  UART5_IRQHandler                     
000036db  UART6_IRQHandler                     
000036db  UART7_IRQHandler                     
20210000  __STACK_END                          
00000100  __STACK_SIZE                         
00000000  __TI_ATRegion0_region_sz             
00000000  __TI_ATRegion0_src_addr              
00000000  __TI_ATRegion0_trg_addr              
00000000  __TI_ATRegion1_region_sz             
00000000  __TI_ATRegion1_src_addr              
00000000  __TI_ATRegion1_trg_addr              
00000000  __TI_ATRegion2_region_sz             
00000000  __TI_ATRegion2_src_addr              
00000000  __TI_ATRegion2_trg_addr              
00005578  __TI_CINIT_Base                      
00005588  __TI_CINIT_Limit                     
00005588  __TI_CINIT_Warm                      
00005564  __TI_Handler_Table_Base              
00005570  __TI_Handler_Table_Limit             
000048dd  __TI_auto_init_nobinit_nopinit       
00003e25  __TI_decompress_lzss                 
00005041  __TI_decompress_none                 
ffffffff  __TI_pprof_out_hndl                  
000000c1  __TI_printfi_nofloat                 
ffffffff  __TI_prof_data_size                  
ffffffff  __TI_prof_data_start                 
00000000  __TI_static_base__                   
00005091  __TI_zero_init                       
000050f0  __aeabi_ctype_table_                 
000050f0  __aeabi_ctype_table_C                
20202204  __aeabi_errno                        
00004e39  __aeabi_errno_addr                   
00004203  __aeabi_idiv0                        
000046bf  __aeabi_ldiv0                        
00004f2d  __aeabi_llsl                         
00004e65  __aeabi_lmul                         
00004f73  __aeabi_memclr                       
00004f73  __aeabi_memclr4                      
00004f73  __aeabi_memclr8                      
000050c1  __aeabi_memcpy                       
000050c1  __aeabi_memcpy4                      
000050c1  __aeabi_memcpy8                      
00004f65  __aeabi_memset                       
00004f65  __aeabi_memset4                      
00004f65  __aeabi_memset8                      
00004861  __aeabi_uidiv                        
00004861  __aeabi_uidivmod                     
00005009  __aeabi_uldivmod                     
00004f2d  __ashldi3                            
ffffffff  __binit__                            
UNDEFED   __mpu_init                           
00004e65  __muldi3                             
00004955  __muldsi3                            
2020ff00  __stack                              
20200000  __start___llvm_prf_bits              
20200000  __start___llvm_prf_cnts              
20200000  __stop___llvm_prf_bits               
20200000  __stop___llvm_prf_cnts               
00003791  __udivmoddi4                         
00004da5  _c_int00_noargs                      
UNDEFED   _system_post_cinit                   
000050dd  _system_pre_init                     
000050cf  abort                                
20202264  adcError                             
202021fc  adcMillivolts                        
20202208  adcRaw                               
202021e8  appCommandQueue                      
202021ec  appMeasurementQueue                  
202021f0  appResultQueue                       
00004755  atoi                                 
ffffffff  binit                                
20202265  dacError                             
00003cb1  eTaskConfirmSleepModeStatus          
00000000  interruptVectors                     
00004f4b  main                                 
000027b1  mainThread                           
00004e89  memccpy                              
000038d3  memcpy                               
000041a1  memset                               
00004f97  prvGetRegistersFromStack             
00004205  pvTaskGetThreadLocalStoragePointer   
00004e15  pvTaskIncrementMutexHeldCount        
20202210  pxCurrentTCB                         
000029e9  pxPortInitialiseStack                
000045e9  snprintf                             
000050b9  ulSetInterruptMask                   
00004631  uxListRemove                         
00004d55  vApplicationGetIdleTaskMemory        
00004d7d  vApplicationGetTimerTaskMemory       
000050e1  vApplicationStackOverflowHook        
000050c9  vClearInterruptMask                  
00004c81  vListInitialise                      
000050a1  vListInitialiseItem                  
00003ff9  vListInsert                          
00004919  vListInsertEnd                       
00004fb1  vPortEnterCritical                   
00004cad  vPortExitCritical                    
00003031  vPortFree                            
00004c25  vPortSVCHandler_C                    
00004371  vPortSetupTimerInterrupt             
00001d51  vPortSuppressTicksAndSleep           
00004fc9  vPortYield                           
00004065  vQueueWaitForMessageRestricted       
00004e41  vRestoreContextOfFirstTask           
00005061  vStartFirstTask                      
00004505  vTaskDelay                           
000028cd  vTaskDelete                          
00004eed  vTaskInternalSetTimeOutState         
00004705  vTaskMissedYield                     
00004a71  vTaskPlaceOnEventList                
00003f19  vTaskPlaceOnEventListRestricted      
000021dd  vTaskPriorityDisinheritAfterTimeout  
00004139  vTaskStartScheduler                  
00003bad  vTaskStepTick                        
00005071  vTaskSuspendAll                      
00002d19  vTaskSwitchContext                   
00005081  wcslen                               
00003c31  xPortStartScheduler                  
00004ad7  xQueueCreateMutexStatic              
00003833  xQueueGenericCreateStatic            
0000320d  xQueueGenericReset                   
000019db  xQueueGenericSend                    
00001bad  xQueueReceive                        
000017fd  xQueueSemaphoreTake                  
000036dd  xTaskCheckForTimeOut                 
00004555  xTaskCreateStatic                    
00004a01  xTaskGetSchedulerState               
00004ff5  xTaskGetTickCount                    
00000fe1  xTaskIncrementTick                   
00002e25  xTaskPriorityDisinherit              
00002449  xTaskPriorityInherit                 
00001ef1  xTaskRemoveFromEventList             
00001605  xTaskResumeAll                       
00003da9  xTimerCreateTimerTask                


GLOBAL SYMBOLS: SORTED BY Symbol Address 

address   name                                 
-------   ----                                 
00000000  __TI_ATRegion0_region_sz             
00000000  __TI_ATRegion0_src_addr              
00000000  __TI_ATRegion0_trg_addr              
00000000  __TI_ATRegion1_region_sz             
00000000  __TI_ATRegion1_src_addr              
00000000  __TI_ATRegion1_trg_addr              
00000000  __TI_ATRegion2_region_sz             
00000000  __TI_ATRegion2_src_addr              
00000000  __TI_ATRegion2_trg_addr              
00000000  __TI_static_base__                   
00000000  interruptVectors                     
000000c1  __TI_printfi_nofloat                 
00000100  __STACK_SIZE                         
00000d2d  Terminal_processInput                
00000fe1  xTaskIncrementTick                   
000011f1  Terminal_render                      
000013fd  Terminal_init                        
00001605  xTaskResumeAll                       
000017fd  xQueueSemaphoreTake                  
000019db  xQueueGenericSend                    
00001bad  xQueueReceive                        
00001d51  vPortSuppressTicksAndSleep           
00001ef1  xTaskRemoveFromEventList             
000021dd  vTaskPriorityDisinheritAfterTimeout  
00002449  xTaskPriorityInherit                 
00002571  FeedbackADC_read                     
00002695  Terminal_task                        
000027b1  mainThread                           
000028cd  vTaskDelete                          
000029e9  pxPortInitialiseStack                
00002afd  AD5672R_init                         
00002d19  vTaskSwitchContext                   
00002e25  xTaskPriorityDisinherit              
00003031  vPortFree                            
0000320d  xQueueGenericReset                   
000032f1  AppTasks_init                        
000036db  ADC0_IRQHandler                      
000036db  ADC1_IRQHandler                      
000036db  AESADV_IRQHandler                    
000036db  CANFD0_IRQHandler                    
000036db  CANFD1_IRQHandler                    
000036db  DAC0_IRQHandler                      
000036db  DMA_IRQHandler                       
000036db  Default_Handler                      
000036db  GROUP0_IRQHandler                    
000036db  GROUP1_IRQHandler                    
000036db  I2C0_IRQHandler                      
000036db  I2C1_IRQHandler                      
000036db  I2C2_IRQHandler                      
000036db  LFSS_IRQHandler                      
000036db  NMI_Handler                          
000036db  SPI0_IRQHandler                      
000036db  SPI1_IRQHandler                      
000036db  SPI2_IRQHandler                      
000036db  TIMA0_IRQHandler                     
000036db  TIMA1_IRQHandler                     
000036db  TIMG0_IRQHandler                     
000036db  TIMG12_IRQHandler                    
000036db  TIMG14_IRQHandler                    
000036db  TIMG6_IRQHandler                     
000036db  TIMG7_IRQHandler                     
000036db  TIMG8_IRQHandler                     
000036db  TIMG9_IRQHandler                     
000036db  UART1_IRQHandler                     
000036db  UART3_IRQHandler                     
000036db  UART4_IRQHandler                     
000036db  UART5_IRQHandler                     
000036db  UART6_IRQHandler                     
000036db  UART7_IRQHandler                     
000036dd  xTaskCheckForTimeOut                 
00003791  __udivmoddi4                         
00003833  xQueueGenericCreateStatic            
000038d3  memcpy                               
0000396d  FeedbackADC_init                     
00003bad  vTaskStepTick                        
00003c31  xPortStartScheduler                  
00003cb1  eTaskConfirmSleepModeStatus          
00003da9  xTimerCreateTimerTask                
00003e25  __TI_decompress_lzss                 
00003f19  vTaskPlaceOnEventListRestricted      
00003ff9  vListInsert                          
00004065  vQueueWaitForMessageRestricted       
000040cf  SYSCFG_DL_GPIO_init                  
000040d1  UART0_IRQHandler                     
00004139  vTaskStartScheduler                  
000041a1  memset                               
00004203  __aeabi_idiv0                        
00004205  pvTaskGetThreadLocalStoragePointer   
00004265  AD5672R_write                        
0000431d  SYSCFG_DL_SYSCTL_init                
00004371  vPortSetupTimerInterrupt             
000043c5  App_submitSetpoint                   
00004505  vTaskDelay                           
00004555  xTaskCreateStatic                    
000045a1  DL_UART_init                         
000045e9  snprintf                             
00004631  uxListRemove                         
000046bf  __aeabi_ldiv0                        
000046c1  DL_SPI_init                          
00004705  vTaskMissedYield                     
00004711  PendSV_Handler                       
00004755  atoi                                 
00004821  DL_ADC12_setClockConfig              
00004861  __aeabi_uidiv                        
00004861  __aeabi_uidivmod                     
000048dd  __TI_auto_init_nobinit_nopinit       
00004919  vListInsertEnd                       
00004955  __muldsi3                            
00004991  DL_SYSCTL_switchMCLKfromLFCLKtoSYSOSC
00004a01  xTaskGetSchedulerState               
00004a71  vTaskPlaceOnEventList                
00004ad7  xQueueCreateMutexStatic              
00004b09  DL_UART_transmitDataBlocking         
00004b39  SysTick_Handler                      
00004c25  vPortSVCHandler_C                    
00004c55  SYSCFG_DL_initPower                  
00004c81  vListInitialise                      
00004cad  vPortExitCritical                    
00004d05  App_takeResult                       
00004d55  vApplicationGetIdleTaskMemory        
00004d7d  vApplicationGetTimerTaskMemory       
00004da5  _c_int00_noargs                      
00004dcd  PTLS_taskDeleteHook                  
00004df1  SVC_Handler                          
00004e15  pvTaskIncrementMutexHeldCount        
00004e39  __aeabi_errno_addr                   
00004e41  vRestoreContextOfFirstTask           
00004e65  __aeabi_lmul                         
00004e65  __muldi3                             
00004e89  memccpy                              
00004eab  HardFault_Handler                    
00004ecd  SYSCFG_DL_SYSCTL_CLK_init            
00004eed  vTaskInternalSetTimeOutState         
00004f2d  __aeabi_llsl                         
00004f2d  __ashldi3                            
00004f4b  main                                 
00004f65  __aeabi_memset                       
00004f65  __aeabi_memset4                      
00004f65  __aeabi_memset8                      
00004f73  __aeabi_memclr                       
00004f73  __aeabi_memclr4                      
00004f73  __aeabi_memclr8                      
00004f97  prvGetRegistersFromStack             
00004fb1  vPortEnterCritical                   
00004fc9  vPortYield                           
00004fe1  SYSCFG_DL_init                       
00004ff5  xTaskGetTickCount                    
00005009  __aeabi_uldivmod                     
0000501d  DL_SPI_setClockConfig                
0000502f  DL_UART_setClockConfig               
00005041  __TI_decompress_none                 
00005061  vStartFirstTask                      
00005071  vTaskSuspendAll                      
00005081  wcslen                               
00005091  __TI_zero_init                       
000050a1  vListInitialiseItem                  
000050af  DL_Common_delayCycles                
000050b9  ulSetInterruptMask                   
000050c1  __aeabi_memcpy                       
000050c1  __aeabi_memcpy4                      
000050c1  __aeabi_memcpy8                      
000050c9  vClearInterruptMask                  
000050cf  abort                                
000050d4  C$$EXIT                              
000050d5  HOSTexit                             
000050d9  Reset_Handler                        
000050dd  _system_pre_init                     
000050e1  vApplicationStackOverflowHook        
000050f0  __aeabi_ctype_table_                 
000050f0  __aeabi_ctype_table_C                
00005564  __TI_Handler_Table_Base              
00005570  __TI_Handler_Table_Limit             
00005578  __TI_CINIT_Base                      
00005588  __TI_CINIT_Limit                     
00005588  __TI_CINIT_Warm                      
20200000  __start___llvm_prf_bits              
20200000  __start___llvm_prf_cnts              
20200000  __stop___llvm_prf_bits               
20200000  __stop___llvm_prf_cnts               
202021e8  appCommandQueue                      
202021ec  appMeasurementQueue                  
202021f0  appResultQueue                       
202021fc  adcMillivolts                        
20202204  __aeabi_errno                        
20202208  adcRaw                               
20202210  pxCurrentTCB                         
20202264  adcError                             
20202265  dacError                             
2020ff00  __stack                              
20210000  __STACK_END                          
ffffffff  __TI_pprof_out_hndl                  
ffffffff  __TI_prof_data_size                  
ffffffff  __TI_prof_data_start                 
ffffffff  __binit__                            
ffffffff  binit                                
UNDEFED   __mpu_init                           
UNDEFED   _system_post_cinit                   

[197 symbols]
